Component: ARM Compiler 5.06 update 5 (build 528) Tool: armlink [4d35e2]

==============================================================================

Section Cross References

    main.o(i.blinkCallBack) refers to lpc17xx_gpio.o(i.GPIO_ReadValue) for GPIO_ReadValue
    main.o(i.blinkCallBack) refers to lpc17xx_gpio.o(i.GPIO_ClearValue) for GPIO_ClearValue
    main.o(i.blinkCallBack) refers to lpc17xx_gpio.o(i.GPIO_SetValue) for GPIO_SetValue
    main.o(i.leBotoesMensagens) refers to queue.o(i.xQueueGenericCreate) for xQueueGenericCreate
    main.o(i.leBotoesMensagens) refers to lpc17xx_gpio.o(i.GPIO_ReadValue) for GPIO_ReadValue
    main.o(i.leBotoesMensagens) refers to tasks.o(i.xTaskGetTickCount) for xTaskGetTickCount
    main.o(i.leBotoesMensagens) refers to tasks.o(i.xTaskGenericNotify) for xTaskGenericNotify
    main.o(i.leBotoesMensagens) refers to queue.o(i.xQueueGenericSend) for xQueueGenericSend
    main.o(i.leBotoesMensagens) refers to main.o(.data) for xSemaphoreBotao2
    main.o(i.leCanalAD) refers to queue.o(i.xQueueSemaphoreTake) for xQueueSemaphoreTake
    main.o(i.leCanalAD) refers to lpc17xx_adc.o(i.ADC_ChannelCmd) for ADC_ChannelCmd
    main.o(i.leCanalAD) refers to lpc17xx_adc.o(i.ADC_StartCmd) for ADC_StartCmd
    main.o(i.leCanalAD) refers to lpc17xx_adc.o(i.ADC_ChannelGetStatus) for ADC_ChannelGetStatus
    main.o(i.leCanalAD) refers to lpc17xx_adc.o(i.ADC_ChannelGetData) for ADC_ChannelGetData
    main.o(i.leCanalAD) refers to queue.o(i.xQueueGenericSend) for xQueueGenericSend
    main.o(i.leCanalAD) refers to main.o(.data) for mutexADC
    main.o(i.lerBotaoLed) refers to lpc17xx_gpio.o(i.GPIO_ReadValue) for GPIO_ReadValue
    main.o(i.lerBotaoLed) refers to tasks.o(i.vTaskSuspend) for vTaskSuspend
    main.o(i.lerBotaoLed) refers to main.o(.data) for xTaskHandleBotao
    main.o(i.main) refers to system_lpc17xx.o(i.SystemInit) for SystemInit
    main.o(i.main) refers to system_lpc17xx.o(i.SystemCoreClockUpdate) for SystemCoreClockUpdate
    main.o(i.main) refers to lpc17xx_gpio.o(i.GPIO_SetDir) for GPIO_SetDir
    main.o(i.main) refers to lpc17xx_uart.o(i.UART_FIFOConfigStructInit) for UART_FIFOConfigStructInit
    main.o(i.main) refers to lpc17xx_uart.o(i.UART_ConfigStructInit) for UART_ConfigStructInit
    main.o(i.main) refers to lpc17xx_uart.o(i.UART_Init) for UART_Init
    main.o(i.main) refers to lpc17xx_uart.o(i.UART_TxCmd) for UART_TxCmd
    main.o(i.main) refers to lpc17xx_pinsel.o(i.PINSEL_ConfigPin) for PINSEL_ConfigPin
    main.o(i.main) refers to lpc17xx_adc.o(i.ADC_Init) for ADC_Init
    main.o(i.main) refers to queue.o(i.xQueueCreateMutex) for xQueueCreateMutex
    main.o(i.main) refers to timers.o(i.xTimerCreate) for xTimerCreate
    main.o(i.main) refers to tasks.o(i.xTaskGetTickCount) for xTaskGetTickCount
    main.o(i.main) refers to timers.o(i.xTimerGenericCommand) for xTimerGenericCommand
    main.o(i.main) refers to tasks.o(i.xTaskCreate) for xTaskCreate
    main.o(i.main) refers to tasks.o(i.vTaskStartScheduler) for vTaskStartScheduler
    main.o(i.main) refers to main.o(.data) for mutexADC
    main.o(i.main) refers to main.o(i.blinkCallBack) for blinkCallBack
    main.o(i.main) refers to main.o(i.vTaskRetornoLed2) for vTaskRetornoLed2
    main.o(i.main) refers to main.o(i.lerBotaoLed) for lerBotaoLed
    main.o(i.main) refers to main.o(i.leBotoesMensagens) for leBotoesMensagens
    main.o(i.main) refers to main.o(i.recebeEnviaSerial) for recebeEnviaSerial
    main.o(i.main) refers to main.o(i.potenciometro) for potenciometro
    main.o(i.potenciometro) refers to _printf_percent.o(.ARM.Collect$$_printf_percent$$00000000) for _printf_percent
    main.o(i.potenciometro) refers to _printf_u.o(.ARM.Collect$$_printf_percent$$0000000A) for _printf_u
    main.o(i.potenciometro) refers to _printf_dec.o(.text) for _printf_int_dec
    main.o(i.potenciometro) refers to main.o(i.leCanalAD) for leCanalAD
    main.o(i.potenciometro) refers to noretval__2sprintf.o(.text) for __2sprintf
    main.o(i.potenciometro) refers to strlen.o(.text) for strlen
    main.o(i.potenciometro) refers to lpc17xx_uart.o(i.UART_Send) for UART_Send
    main.o(i.potenciometro) refers to tasks.o(i.vTaskDelay) for vTaskDelay
    main.o(i.recebeEnviaSerial) refers to tasks.o(i.ulTaskNotifyTake) for ulTaskNotifyTake
    main.o(i.recebeEnviaSerial) refers to strlen.o(.text) for strlen
    main.o(i.recebeEnviaSerial) refers to lpc17xx_uart.o(i.UART_Send) for UART_Send
    main.o(i.recebeEnviaSerial) refers to tasks.o(i.vTaskDelay) for vTaskDelay
    main.o(i.recebeEnviaSerial) refers to queue.o(i.xQueueSemaphoreTake) for xQueueSemaphoreTake
    main.o(i.recebeEnviaSerial) refers to main.o(.data) for xSemaphoreBotao2
    main.o(i.vApplicationStackOverflowHook) refers to strlen.o(.text) for strlen
    main.o(i.vApplicationStackOverflowHook) refers to lpc17xx_uart.o(i.UART_Send) for UART_Send
    main.o(i.vApplicationStackOverflowHook) refers to lpc17xx_gpio.o(i.GPIO_ReadValue) for GPIO_ReadValue
[...]
    Removing queue.o(i.xQueueIsQueueEmptyFromISR), (12 bytes).
    Removing queue.o(i.xQueueIsQueueFullFromISR), (14 bytes).
    Removing queue.o(i.xQueuePeek), (276 bytes).
    Removing queue.o(i.xQueuePeekFromISR), (64 bytes).
    Removing queue.o(i.xQueueReceiveFromISR), (124 bytes).
    Removing queue.o(i.xQueueTakeMutexRecursive), (48 bytes).
    Removing tasks.o(i.pcTaskGetName), (16 bytes).
    Removing tasks.o(i.ulTaskNotifyValueClear), (44 bytes).
    Removing tasks.o(i.uxTaskGetNumberOfTasks), (12 bytes).
    Removing tasks.o(i.uxTaskGetStackHighWaterMark), (40 bytes).
    Removing tasks.o(i.uxTaskResetEventItemValue), (24 bytes).
    Removing tasks.o(i.vTaskDelayUntil), (88 bytes).
    Removing tasks.o(i.vTaskDelete), (208 bytes).
    Removing tasks.o(i.vTaskEndScheduler), (28 bytes).
    Removing tasks.o(i.vTaskNotifyGiveFromISR), (144 bytes).
    Removing tasks.o(i.vTaskPlaceOnUnorderedEventList), (48 bytes).
    Removing tasks.o(i.vTaskRemoveFromUnorderedEventList), (76 bytes).
    Removing tasks.o(i.vTaskResume), (124 bytes).
    Removing tasks.o(i.vTaskSetTimeOutState), (32 bytes).
    Removing tasks.o(i.xTaskCatchUpTicks), (24 bytes).
    Removing tasks.o(i.xTaskGenericNotifyFromISR), (196 bytes).
    Removing tasks.o(i.xTaskGetCurrentTaskHandle), (12 bytes).
    Removing tasks.o(i.xTaskGetTickCountFromISR), (12 bytes).
    Removing tasks.o(i.xTaskNotifyStateClear), (48 bytes).
    Removing tasks.o(i.xTaskNotifyWait), (144 bytes).
    Removing tasks.o(i.xTaskResumeFromISR), (136 bytes).
    Removing timers.o(i.pcTimerGetName), (4 bytes).
    Removing timers.o(i.pvTimerGetTimerID), (18 bytes).
    Removing timers.o(i.uxTimerGetReloadMode), (30 bytes).
    Removing timers.o(i.vTimerSetReloadMode), (38 bytes).
    Removing timers.o(i.vTimerSetTimerID), (20 bytes).
    Removing timers.o(i.xTimerCreateStatic), (136 bytes).
    Removing timers.o(i.xTimerGetExpiryTime), (4 bytes).
    Removing timers.o(i.xTimerGetPeriod), (4 bytes).
    Removing timers.o(i.xTimerGetTimerDaemonTaskHandle), (12 bytes).
    Removing timers.o(i.xTimerIsTimerActive), (30 bytes).
    Removing lpc17xx_adc.o(.rev16_text), (4 bytes).
    Removing lpc17xx_adc.o(.revsh_text), (4 bytes).
    Removing lpc17xx_adc.o(i.ADC_BurstCmd), (84 bytes).
    Removing lpc17xx_adc.o(i.ADC_DeInit), (80 bytes).
    Removing lpc17xx_adc.o(i.ADC_EdgeStartConfig), (104 bytes).
    Removing lpc17xx_adc.o(i.ADC_GetData), (18 bytes).
    Removing lpc17xx_adc.o(i.ADC_GlobalGetData), (64 bytes).
    Removing lpc17xx_adc.o(i.ADC_GlobalGetStatus), (108 bytes).
    Removing lpc17xx_adc.o(i.ADC_IntConfig), (132 bytes).
    Removing lpc17xx_adc.o(i.ADC_PowerdownCmd), (84 bytes).
    Removing lpc17xx_gpio.o(.rev16_text), (4 bytes).
    Removing lpc17xx_gpio.o(.revsh_text), (4 bytes).
    Removing lpc17xx_gpio.o(i.FIO_ByteClearValue), (64 bytes).
    Removing lpc17xx_gpio.o(i.FIO_ByteReadValue), (68 bytes).
    Removing lpc17xx_gpio.o(i.FIO_ByteSetDir), (84 bytes).
    Removing lpc17xx_gpio.o(i.FIO_ByteSetMask), (88 bytes).
    Removing lpc17xx_gpio.o(i.FIO_ByteSetValue), (64 bytes).
    Removing lpc17xx_gpio.o(i.FIO_ClearInt), (28 bytes).
    Removing lpc17xx_gpio.o(i.FIO_ClearValue), (60 bytes).
    Removing lpc17xx_gpio.o(i.FIO_GetIntStatus), (84 bytes).
    Removing lpc17xx_gpio.o(i.FIO_HalfWordClearValue), (64 bytes).
    Removing lpc17xx_gpio.o(i.FIO_HalfWordReadValue), (68 bytes).
    Removing lpc17xx_gpio.o(i.FIO_HalfWordSetDir), (92 bytes).
    Removing lpc17xx_gpio.o(i.FIO_HalfWordSetMask), (92 bytes).
    Removing lpc17xx_gpio.o(i.FIO_HalfWordSetValue), (64 bytes).
    Removing lpc17xx_gpio.o(i.FIO_IntCmd), (60 bytes).
    Removing lpc17xx_gpio.o(i.FIO_ReadValue), (60 bytes).
    Removing lpc17xx_gpio.o(i.FIO_SetDir), (72 bytes).
    Removing lpc17xx_gpio.o(i.FIO_SetMask), (72 bytes).
    Removing lpc17xx_gpio.o(i.FIO_SetValue), (60 bytes).
    Removing lpc17xx_gpio.o(i.GPIO_ClearInt), (28 bytes).
    Removing lpc17xx_gpio.o(i.GPIO_GetIntStatus), (84 bytes).
    Removing lpc17xx_gpio.o(i.GPIO_IntCmd), (60 bytes).
    Removing lpc17xx_pinsel.o(.rev16_text), (4 bytes).
    Removing lpc17xx_pinsel.o(.revsh_text), (4 bytes).
    Removing lpc17xx_pinsel.o(i.PINSEL_ConfigTraceFunc), (36 bytes).
    Removing lpc17xx_pinsel.o(i.PINSEL_SetI2C0Pins), (24 bytes).
    Removing lpc17xx_uart.o(.rev16_text), (4 bytes).
    Removing lpc17xx_uart.o(.revsh_text), (4 bytes).
    Removing lpc17xx_uart.o(i.UART_ABClearIntPending), (100 bytes).
    Removing lpc17xx_uart.o(i.UART_ABCmd), (232 bytes).
    Removing lpc17xx_uart.o(i.UART_CheckBusy), (14 bytes).
    Removing lpc17xx_uart.o(i.UART_DeInit), (216 bytes).
    Removing lpc17xx_uart.o(i.UART_FIFOConfig), (240 bytes).
    Removing lpc17xx_uart.o(i.UART_ForceBreak), (100 bytes).
    Removing lpc17xx_uart.o(i.UART_FullModemConfigMode), (148 bytes).
    Removing lpc17xx_uart.o(i.UART_FullModemForcePinState), (140 bytes).
    Removing lpc17xx_uart.o(i.UART_FullModemGetStatus), (64 bytes).
    Removing lpc17xx_uart.o(i.UART_GetIntId), (100 bytes).
    Removing lpc17xx_uart.o(i.UART_GetLineStatus), (100 bytes).
    Removing lpc17xx_uart.o(i.UART_IntConfig), (276 bytes).
    Removing lpc17xx_uart.o(i.UART_IrDACmd), (104 bytes).
    Removing lpc17xx_uart.o(i.UART_IrDAInvtInputCmd), (112 bytes).
    Removing lpc17xx_uart.o(i.UART_IrDAPulseDivConfig), (132 bytes).
    Removing lpc17xx_uart.o(i.UART_RS485Config), (304 bytes).
    Removing lpc17xx_uart.o(i.UART_RS485ReceiverCmd), (22 bytes).
    Removing lpc17xx_uart.o(i.UART_RS485Send), (56 bytes).
    Removing lpc17xx_uart.o(i.UART_RS485SendData), (24 bytes).
    Removing lpc17xx_uart.o(i.UART_RS485SendSlvAddr), (38 bytes).
    Removing lpc17xx_uart.o(i.UART_Receive), (200 bytes).
    Removing lpc17xx_uart.o(i.UART_ReceiveByte), (64 bytes).
    Removing lpc17xx_uart.o(i.UART_SendByte), (64 bytes).
    Removing heap_4.o(i.vPortGetHeapStats), (120 bytes).
    Removing heap_4.o(i.vPortInitialiseBlocks), (2 bytes).
    Removing heap_4.o(i.xPortGetFreeHeapSize), (12 bytes).
    Removing heap_4.o(i.xPortGetMinimumEverFreeHeapSize), (12 bytes).
    Removing lpc17xx_clkpwr.o(.rev16_text), (4 bytes).
    Removing lpc17xx_clkpwr.o(.revsh_text), (4 bytes).
    Removing lpc17xx_clkpwr.o(i.CLKPWR_DeepPowerDown), (28 bytes).
    Removing lpc17xx_clkpwr.o(i.CLKPWR_DeepSleep), (28 bytes).
    Removing lpc17xx_clkpwr.o(i.CLKPWR_GetPCLKSEL), (32 bytes).
    Removing lpc17xx_clkpwr.o(i.CLKPWR_PowerDown), (28 bytes).
    Removing lpc17xx_clkpwr.o(i.CLKPWR_SetPCLKDiv), (84 bytes).
    Removing lpc17xx_clkpwr.o(i.CLKPWR_Sleep), (16 bytes).

127 unused section(s) (total 8260 bytes) removed from the image.

==============================================================================

Image Symbol Table

    Local Symbols

    Symbol Name                              Value     Ov Type        Size  Object(Section)

    RESET                                    0x00000000   Section      204  startup_mps_cm3.o(RESET)
    ../clib/angel/boardlib.s                 0x00000000   Number         0  boardinit1.o ABSOLUTE
    ../clib/angel/boardlib.s                 0x00000000   Number         0  boardshut.o ABSOLUTE
    ../clib/angel/boardlib.s                 0x00000000   Number         0  boardinit2.o ABSOLUTE
    ../clib/angel/boardlib.s                 0x00000000   Number         0  boardinit3.o ABSOLUTE
    ../clib/angel/handlers.s                 0x00000000   Number         0  __scatter_zi.o ABSOLUTE
    ../clib/angel/handlers.s                 0x00000000   Number         0  __scatter_copy.o ABSOLUTE
    ../clib/angel/kernel.s                   0x00000000   Number         0  rtexit.o ABSOLUTE
    ../clib/angel/kernel.s                   0x00000000   Number         0  rtexit2.o ABSOLUTE
    ../clib/angel/kernel.s                   0x00000000   Number         0  __rtentry.o ABSOLUTE
    ../clib/angel/kernel.s                   0x00000000   Number         0  __rtentry2.o ABSOLUTE
    ../clib/angel/kernel.s                   0x00000000   Number         0  __rtentry4.o ABSOLUTE
    ../clib/angel/rt.s                       0x00000000   Number         0  aeabi_ldiv0.o ABSOLUTE
    ../clib/angel/rt.s                       0x00000000   Number         0  aeabi_ldiv0_sigfpe.o ABSOLUTE
    ../clib/angel/rt.s                       0x00000000   Number         0  rt_div0.o ABSOLUTE
    ../clib/angel/rt.s                       0x00000000   Number         0  rt_raise.o ABSOLUTE
    ../clib/angel/scatter.s                  0x00000000   Number         0  __scatter.o ABSOLUTE
    ../clib/angel/startup.s                  0x00000000   Number         0  __main.o ABSOLUTE
    ../clib/angel/sys.s                      0x00000000   Number         0  sys_stackheap_outer.o ABSOLUTE
    ../clib/angel/sys.s                      0x00000000   Number         0  libspace.o ABSOLUTE
    ../clib/angel/sys.s                      0x00000000   Number         0  use_no_semi.o ABSOLUTE
    ../clib/angel/sys.s                      0x00000000   Number         0  indicate_semi.o ABSOLUTE
    ../clib/angel/sysapp.c                   0x00000000   Number         0  sys_wrch.o ABSOLUTE
    ../clib/angel/sysapp.c                   0x00000000   Number         0  sys_command.o ABSOLUTE
    ../clib/angel/sysapp.c                   0x00000000   Number         0  sys_exit.o ABSOLUTE
    ../clib/armsys.c                         0x00000000   Number         0  _get_argv_nomalloc.o ABSOLUTE
    ../clib/armsys.c                         0x00000000   Number         0  argv_veneer.o ABSOLUTE
    ../clib/armsys.c                         0x00000000   Number         0  argv_veneer.o ABSOLUTE
    ../clib/armsys.c                         0x00000000   Number         0  no_argv.o ABSOLUTE
    ../clib/heapalloc.c                      0x00000000   Number         0  hrguard.o ABSOLUTE
    ../clib/heapaux.c                        0x00000000   Number         0  heapauxi.o ABSOLUTE
    ../clib/libinit.s                        0x00000000   Number         0  libshutdown.o ABSOLUTE
    ../clib/libinit.s                        0x00000000   Number         0  libinit.o ABSOLUTE
    ../clib/libinit.s                        0x00000000   Number         0  libinit2.o ABSOLUTE
    ../clib/libinit.s                        0x00000000   Number         0  libshutdown2.o ABSOLUTE
    ../clib/longlong.s                       0x00000000   Number         0  lludivv7m.o ABSOLUTE
    ../clib/memcpset.s                       0x00000000   Number         0  rt_memclr_w.o ABSOLUTE
    ../clib/memcpset.s                       0x00000000   Number         0  rt_memclr.o ABSOLUTE
    ../clib/memcpset.s                       0x00000000   Number         0  rt_memcpy_w.o ABSOLUTE
    ../clib/memcpset.s                       0x00000000   Number         0  aeabi_memset.o ABSOLUTE
    ../clib/memcpset.s                       0x00000000   Number         0  rt_memcpy_v6.o ABSOLUTE
    ../clib/printf.c                         0x00000000   Number         0  __printf.o ABSOLUTE
    ../clib/printf.c                         0x00000000   Number         0  _printf_char.o ABSOLUTE
    ../clib/printf.c                         0x00000000   Number         0  _sputc.o ABSOLUTE
    ../clib/printf.c                         0x00000000   Number         0  _printf_char_common.o ABSOLUTE
    ../clib/printf.c                         0x00000000   Number         0  _printf_intcommon.o ABSOLUTE
    ../clib/printf.c                         0x00000000   Number         0  __2sprintf.o ABSOLUTE
    ../clib/printf.c                         0x00000000   Number         0  noretval__2sprintf.o ABSOLUTE
    ../clib/printf.c                         0x00000000   Number         0  __printf_nopercent.o ABSOLUTE
    ../clib/printf.c                         0x00000000   Number         0  __printf_flags_ss_wp.o ABSOLUTE
    ../clib/printf.c                         0x00000000   Number         0  __printf_ss_wp.o ABSOLUTE
    ../clib/printf.c                         0x00000000   Number         0  __printf_flags_wp.o ABSOLUTE
    ../clib/printf.c                         0x00000000   Number         0  __printf_wp.o ABSOLUTE
    ../clib/printf.c                         0x00000000   Number         0  __printf_flags_ss.o ABSOLUTE
    ../clib/printf.c                         0x00000000   Number         0  __printf_ss.o ABSOLUTE
    ../clib/printf.c                         0x00000000   Number         0  __printf_flags.o ABSOLUTE
    ../clib/printf.c                         0x00000000   Number         0  _printf_dec.o ABSOLUTE
    ../clib/printf.c                         0x00000000   Number         0  _printf_str.o ABSOLUTE
    ../clib/printf_percent.s                 0x00000000   Number         0  _printf_percent.o ABSOLUTE
    ../clib/printf_percent.s                 0x00000000   Number         0  _printf_u.o ABSOLUTE
    ../clib/printf_percent.s                 0x00000000   Number         0  _printf_percent_end.o ABSOLUTE
    ../clib/printf_percent.s                 0x00000000   Number         0  _printf_s.o ABSOLUTE
    ../clib/signal.c                         0x00000000   Number         0  defsig_exit.o ABSOLUTE
    ../clib/signal.c                         0x00000000   Number         0  defsig_fpe_inner.o ABSOLUTE
    ../clib/signal.c                         0x00000000   Number         0  defsig_cppl_inner.o ABSOLUTE
    ../clib/signal.c                         0x00000000   Number         0  defsig_segv_inner.o ABSOLUTE
    ../clib/signal.c                         0x00000000   Number         0  defsig_other.o ABSOLUTE
    ../clib/signal.c                         0x00000000   Number         0  defsig_fpe_formal.o ABSOLUTE
    ../clib/signal.c                         0x00000000   Number         0  defsig_fpe_outer.o ABSOLUTE
    ../clib/signal.c                         0x00000000   Number         0  defsig_general.o ABSOLUTE
    ../clib/signal.c                         0x00000000   Number         0  defsig_pvfn_inner.o ABSOLUTE
    ../clib/signal.c                         0x00000000   Number         0  defsig_abrt_inner.o ABSOLUTE
    ../clib/signal.c                         0x00000000   Number         0  __raise.o ABSOLUTE
    ../clib/signal.c                         0x00000000   Number         0  defsig_rtred_inner.o ABSOLUTE
    ../clib/signal.c                         0x00000000   Number         0  defsig_rtmem_inner.o ABSOLUTE
    ../clib/signal.c                         0x00000000   Number         0  defsig_rtmem_outer.o ABSOLUTE
    ../clib/signal.c                         0x00000000   Number         0  defsig_rtmem_formal.o ABSOLUTE
    ../clib/signal.c                         0x00000000   Number         0  defsig_stak_inner.o ABSOLUTE
    ../clib/signal.s                         0x00000000   Number         0  defsig.o ABSOLUTE
    ../clib/stdlib.c                         0x00000000   Number         0  exit.o ABSOLUTE
    ../clib/string.c                         0x00000000   Number         0  strlen.o ABSOLUTE
    ../fplib/fpinit.s                        0x00000000   Number         0  fpinit.o ABSOLUTE
    CMSIS\Drivers\source\lpc17xx_adc.c       0x00000000   Number         0  lpc17xx_adc.o ABSOLUTE
    CMSIS\Drivers\source\lpc17xx_clkpwr.c    0x00000000   Number         0  lpc17xx_clkpwr.o ABSOLUTE
    CMSIS\Drivers\source\lpc17xx_gpio.c      0x00000000   Number         0  lpc17xx_gpio.o ABSOLUTE
    CMSIS\Drivers\source\lpc17xx_libcfg_default.c 0x00000000   Number         0  lpc17xx_libcfg_default.o ABSOLUTE
    CMSIS\Drivers\source\lpc17xx_pinsel.c    0x00000000   Number         0  lpc17xx_pinsel.o ABSOLUTE
    CMSIS\Drivers\source\lpc17xx_uart.c      0x00000000   Number         0  lpc17xx_uart.o ABSOLUTE
    CMSIS\\Drivers\\source\\lpc17xx_adc.c    0x00000000   Number         0  lpc17xx_adc.o ABSOLUTE
    CMSIS\\Drivers\\source\\lpc17xx_clkpwr.c 0x00000000   Number         0  lpc17xx_clkpwr.o ABSOLUTE
    CMSIS\\Drivers\\source\\lpc17xx_gpio.c   0x00000000   Number         0  lpc17xx_gpio.o ABSOLUTE
    CMSIS\\Drivers\\source\\lpc17xx_pinsel.c 0x00000000   Number         0  lpc17xx_pinsel.o ABSOLUTE
    CMSIS\\Drivers\\source\\lpc17xx_uart.c   0x00000000   Number         0  lpc17xx_uart.o ABSOLUTE
    FreeRTOS\\port.c                         0x00000000   Number         0  port.o ABSOLUTE
    FreeRTOS\heap_4.c                        0x00000000   Number         0  heap_4.o ABSOLUTE
    FreeRTOS\list.c                          0x00000000   Number         0  list.o ABSOLUTE
    FreeRTOS\port.c                          0x00000000   Number         0  port.o ABSOLUTE
    FreeRTOS\queue.c                         0x00000000   Number         0  queue.o ABSOLUTE
    FreeRTOS\tasks.c                         0x00000000   Number         0  tasks.o ABSOLUTE
    FreeRTOS\timers.c                        0x00000000   Number         0  timers.o ABSOLUTE
    LibFreeRTOS\startup_MPS_CM3.s            0x00000000   Number         0  startup_mps_cm3.o ABSOLUTE
    dc.s                                     0x00000000   Number         0  dc.o ABSOLUTE
    freeRTOSAppStaticAlloc.c                 0x00000000   Number         0  freertosappstaticalloc.o ABSOLUTE
    main.c                                   0x00000000   Number         0  main.o ABSOLUTE
    main.c                                   0x00000000   Number         0  main.o ABSOLUTE
    system_LPC17xx.c                         0x00000000   Number         0  system_lpc17xx.o ABSOLUTE
    system_LPC17xx.c                         0x00000000   Number         0  system_lpc17xx.o ABSOLUTE
    !!!main                                  0x000000cc   Section        8  __main.o(!!!main)
    !!!scatter                               0x000000d4   Section       52  __scatter.o(!!!scatter)
    !!handler_copy                           0x00000108   Section       26  __scatter_copy.o(!!handler_copy)
    !!handler_zi                             0x00000124   Section       28  __scatter_zi.o(!!handler_zi)
    .ARM.Collect$$_printf_percent$$00000000  0x00000140   Section        0  _printf_percent.o(.ARM.Collect$$_printf_percent$$00000000)
    .ARM.Collect$$_printf_percent$$0000000A  0x00000140   Section        6  _printf_u.o(.ARM.Collect$$_printf_percent$$0000000A)
    .ARM.Collect$$_printf_percent$$00000017  0x00000146   Section        4  _printf_percent_end.o(.ARM.Collect$$_printf_percent$$00000017)
    .ARM.Collect$$libinit$$00000000          0x0000014a   Section        2  libinit.o(.ARM.Collect$$libinit$$00000000)
    .ARM.Collect$$libinit$$00000002          0x0000014c   Section        0  libinit2.o(.ARM.Collect$$libinit$$00000002)
    .ARM.Collect$$libinit$$00000004          0x0000014c   Section        0  libinit2.o(.ARM.Collect$$libinit$$00000004)
    .ARM.Collect$$libinit$$0000000A          0x0000014c   Section        0  libinit2.o(.ARM.Collect$$libinit$$0000000A)
    .ARM.Collect$$libinit$$0000000C          0x0000014c   Section        0  libinit2.o(.ARM.Collect$$libinit$$0000000C)
    .ARM.Collect$$libinit$$0000000E          0x0000014c   Section        0  libinit2.o(.ARM.Collect$$libinit$$0000000E)
    .ARM.Collect$$libinit$$00000011          0x0000014c   Section        0  libinit2.o(.ARM.Collect$$libinit$$00000011)
    .ARM.Collect$$libinit$$00000013          0x0000014c   Section        0  libinit2.o(.ARM.Collect$$libinit$$00000013)
    .ARM.Collect$$libinit$$00000015          0x0000014c   Section        0  libinit2.o(.ARM.Collect$$libinit$$00000015)
    .ARM.Collect$$libinit$$00000017          0x0000014c   Section        0  libinit2.o(.ARM.Collect$$libinit$$00000017)
    .ARM.Collect$$libinit$$00000019          0x0000014c   Section        0  libinit2.o(.ARM.Collect$$libinit$$00000019)
    .ARM.Collect$$libinit$$0000001B          0x0000014c   Section        0  libinit2.o(.ARM.Collect$$libinit$$0000001B)
    .ARM.Collect$$libinit$$0000001D          0x0000014c   Section        0  libinit2.o(.ARM.Collect$$libinit$$0000001D)
    .ARM.Collect$$libinit$$0000001F          0x0000014c   Section        0  libinit2.o(.ARM.Collect$$libinit$$0000001F)
    .ARM.Collect$$libinit$$00000021          0x0000014c   Section        0  libinit2.o(.ARM.Collect$$libinit$$00000021)
    .ARM.Collect$$libinit$$00000023          0x0000014c   Section        0  libinit2.o(.ARM.Collect$$libinit$$00000023)
    .ARM.Collect$$libinit$$00000025          0x0000014c   Section        0  libinit2.o(.ARM.Collect$$libinit$$00000025)
    .ARM.Collect$$libinit$$0000002C          0x0000014c   Section        0  libinit2.o(.ARM.Collect$$libinit$$0000002C)
    .ARM.Collect$$libinit$$0000002E          0x0000014c   Section        0  libinit2.o(.ARM.Collect$$libinit$$0000002E)
    .ARM.Collect$$libinit$$00000030          0x0000014c   Section        0  libinit2.o(.ARM.Collect$$libinit$$00000030)
    .ARM.Collect$$libinit$$00000032          0x0000014c   Section        0  libinit2.o(.ARM.Collect$$libinit$$00000032)
    .ARM.Collect$$libinit$$00000033          0x0000014c   Section        2  libinit2.o(.ARM.Collect$$libinit$$00000033)
    .ARM.Collect$$libshutdown$$00000000      0x0000014e   Section        2  libshutdown.o(.ARM.Collect$$libshutdown$$00000000)
    .ARM.Collect$$libshutdown$$00000002      0x00000150   Section        0  libshutdown2.o(.ARM.Collect$$libshutdown$$00000002)
    .ARM.Collect$$libshutdown$$00000004      0x00000150   Section        0  libshutdown2.o(.ARM.Collect$$libshutdown$$00000004)
    .ARM.Collect$$libshutdown$$00000007      0x00000150   Section        0  libshutdown2.o(.ARM.Collect$$libshutdown$$00000007)
    .ARM.Collect$$libshutdown$$0000000A      0x00000150   Section        0  libshutdown2.o(.ARM.Collect$$libshutdown$$0000000A)
    .ARM.Collect$$libshutdown$$0000000C      0x00000150   Section        0  libshutdown2.o(.ARM.Collect$$libshutdown$$0000000C)
    .ARM.Collect$$libshutdown$$0000000F      0x00000150   Section        0  libshutdown2.o(.ARM.Collect$$libshutdown$$0000000F)
    .ARM.Collect$$libshutdown$$00000010      0x00000150   Section        2  libshutdown2.o(.ARM.Collect$$libshutdown$$00000010)
    .ARM.Collect$$rtentry$$00000000          0x00000152   Section        0  __rtentry.o(.ARM.Collect$$rtentry$$00000000)
    .ARM.Collect$$rtentry$$00000002          0x00000152   Section        0  __rtentry2.o(.ARM.Collect$$rtentry$$00000002)
    .ARM.Collect$$rtentry$$00000004          0x00000152   Section        6  __rtentry4.o(.ARM.Collect$$rtentry$$00000004)
    .ARM.Collect$$rtentry$$00000009          0x00000158   Section        0  __rtentry2.o(.ARM.Collect$$rtentry$$00000009)
    .ARM.Collect$$rtentry$$0000000A          0x00000158   Section        4  __rtentry2.o(.ARM.Collect$$rtentry$$0000000A)
    .ARM.Collect$$rtentry$$0000000C          0x0000015c   Section        0  __rtentry2.o(.ARM.Collect$$rtentry$$0000000C)
    .ARM.Collect$$rtentry$$0000000D          0x0000015c   Section        8  __rtentry2.o(.ARM.Collect$$rtentry$$0000000D)
    .ARM.Collect$$rtexit$$00000000           0x00000164   Section        2  rtexit.o(.ARM.Collect$$rtexit$$00000000)
    .ARM.Collect$$rtexit$$00000002           0x00000166   Section        0  rtexit2.o(.ARM.Collect$$rtexit$$00000002)
    .ARM.Collect$$rtexit$$00000003           0x00000166   Section        4  rtexit2.o(.ARM.Collect$$rtexit$$00000003)
    .ARM.Collect$$rtexit$$00000004           0x0000016a   Section        6  rtexit2.o(.ARM.Collect$$rtexit$$00000004)
    .emb_text                                0x00000170   Section      150  port.o(.emb_text)
    .text                                    0x00000208   Section       52  startup_mps_cm3.o(.text)
    .text                                    0x0000023c   Section      238  lludivv7m.o(.text)
    .text                                    0x0000032c   Section        0  noretval__2sprintf.o(.text)
    .text                                    0x00000354   Section        0  __printf.o(.text)
    .text                                    0x000003bc   Section        0  _printf_dec.o(.text)
    .text                                    0x00000434   Section        0  strlen.o(.text)
    .text                                    0x00000472   Section      138  rt_memcpy_v6.o(.text)
    .text                                    0x000004fc   Section       16  aeabi_memset.o(.text)
    .text                                    0x0000050c   Section        0  heapauxi.o(.text)
    .text                                    0x00000512   Section        0  _printf_intcommon.o(.text)
    .text                                    0x000005c4   Section        0  _printf_char_common.o(.text)
    _printf_input_char                       0x000005c5   Thumb Code    10  _printf_char_common.o(.text)
    .text                                    0x000005f4   Section        0  _sputc.o(.text)
    .text                                    0x000005fe   Section      100  rt_memcpy_w.o(.text)
    .text                                    0x00000662   Section       68  rt_memclr.o(.text)
    .text                                    0x000006a6   Section       78  rt_memclr_w.o(.text)
    .text                                    0x000006f4   Section       74  sys_stackheap_outer.o(.text)
    .text                                    0x0000073e   Section        0  exit.o(.text)
    .text                                    0x00000750   Section        8  libspace.o(.text)
    .text                                    0x00000758   Section        0  sys_exit.o(.text)
    .text                                    0x00000764   Section        2  use_no_semi.o(.text)
    .text                                    0x00000766   Section        0  indicate_semi.o(.text)
    i.ADC_ChannelCmd                         0x00000768   Section        0  lpc17xx_adc.o(i.ADC_ChannelCmd)
    i.ADC_ChannelGetData                     0x000007bc   Section        0  lpc17xx_adc.o(i.ADC_ChannelGetData)
    i.ADC_ChannelGetStatus                   0x00000808   Section        0  lpc17xx_adc.o(i.ADC_ChannelGetStatus)
    i.ADC_Init                               0x00000874   Section        0  lpc17xx_adc.o(i.ADC_Init)
    i.ADC_StartCmd                           0x000008f4   Section        0  lpc17xx_adc.o(i.ADC_StartCmd)
    i.CLKPWR_ConfigPPWR                      0x0000096c   Section        0  lpc17xx_clkpwr.o(i.CLKPWR_ConfigPPWR)
    i.CLKPWR_GetPCLK                         0x0000099c   Section        0  lpc17xx_clkpwr.o(i.CLKPWR_GetPCLK)
    i.GPIO_ClearValue                        0x000009dc   Section        0  lpc17xx_gpio.o(i.GPIO_ClearValue)
    i.GPIO_ReadValue                         0x00000a18   Section        0  lpc17xx_gpio.o(i.GPIO_ReadValue)
    i.GPIO_SetDir                            0x00000a54   Section        0  lpc17xx_gpio.o(i.GPIO_SetDir)
    i.GPIO_SetValue                          0x00000a9c   Section        0  lpc17xx_gpio.o(i.GPIO_SetValue)
    i.PINSEL_ConfigPin                       0x00000ad8   Section        0  lpc17xx_pinsel.o(i.PINSEL_ConfigPin)
    i.SystemCoreClockUpdate                  0x00000b64   Section        0  system_lpc17xx.o(i.SystemCoreClockUpdate)
    i.SystemInit                             0x00000ca0   Section        0  system_lpc17xx.o(i.SystemInit)
    i.UART_ConfigStructInit                  0x00000de0   Section        0  lpc17xx_uart.o(i.UART_ConfigStructInit)
    i.UART_FIFOConfigStructInit              0x00000df2   Section        0  lpc17xx_uart.o(i.UART_FIFOConfigStructInit)
    i.UART_Init                              0x00000e00   Section        0  lpc17xx_uart.o(i.UART_Init)
    i.UART_Send                              0x00001108   Section        0  lpc17xx_uart.o(i.UART_Send)
    i.UART_TxCmd                             0x00001210   Section        0  lpc17xx_uart.o(i.UART_TxCmd)
    i.blinkCallBack                          0x0000129c   Section        0  main.o(i.blinkCallBack)
    blinkCallBack                            0x0000129d   Thumb Code    40  main.o(i.blinkCallBack)
    i.check_failed                           0x000012c4   Section        0  lpc17xx_libcfg_default.o(i.check_failed)
    i.leBotoesMensagens                      0x000012c8   Section        0  main.o(i.leBotoesMensagens)
    i.leCanalAD                              0x00001358   Section        0  main.o(i.leCanalAD)
    i.lerBotaoLed                            0x000013b8   Section        0  main.o(i.lerBotaoLed)
    i.main                                   0x000013d4   Section        0  main.o(i.main)
    i.potenciometro                          0x000015d0   Section        0  main.o(i.potenciometro)
    i.prvAddCurrentTaskToDelayedList         0x00001610   Section        0  tasks.o(i.prvAddCurrentTaskToDelayedList)
    prvAddCurrentTaskToDelayedList           0x00001611   Thumb Code   108  tasks.o(i.prvAddCurrentTaskToDelayedList)
    i.prvAddNewTaskToReadyList               0x00001684   Section        0  tasks.o(i.prvAddNewTaskToReadyList)
    prvAddNewTaskToReadyList                 0x00001685   Thumb Code   194  tasks.o(i.prvAddNewTaskToReadyList)
    i.prvIdleTask                            0x00001768   Section        0  tasks.o(i.prvIdleTask)
    prvIdleTask                              0x00001769   Thumb Code    80  tasks.o(i.prvIdleTask)
    i.prvSampleTimeNow                       0x000017c0   Section        0  timers.o(i.prvSampleTimeNow)
    prvSampleTimeNow                         0x000017c1   Thumb Code   166  timers.o(i.prvSampleTimeNow)
    i.prvTaskExitError                       0x0000186c   Section        0  port.o(i.prvTaskExitError)
    prvTaskExitError                         0x0000186d   Thumb Code    16  port.o(i.prvTaskExitError)
    i.prvTimerTask                           0x0000187c   Section        0  timers.o(i.prvTimerTask)
    prvTimerTask                             0x0000187d   Thumb Code   672  timers.o(i.prvTimerTask)
    i.prvUnlockQueue                         0x00001b24   Section        0  queue.o(i.prvUnlockQueue)
    prvUnlockQueue                           0x00001b25   Thumb Code   108  queue.o(i.prvUnlockQueue)
    i.pvPortMalloc                           0x00001b90   Section        0  heap_4.o(i.pvPortMalloc)
    i.pvTaskIncrementMutexHeldCount          0x00001cdc   Section        0  tasks.o(i.pvTaskIncrementMutexHeldCount)
    i.pxPortInitialiseStack                  0x00001cf4   Section        0  port.o(i.pxPortInitialiseStack)
    i.recebeEnviaSerial                      0x00001d18   Section        0  main.o(i.recebeEnviaSerial)
    i.ulTaskNotifyTake                       0x00001db4   Section        0  tasks.o(i.ulTaskNotifyTake)
    i.uxListRemove                           0x00001e20   Section        0  list.o(i.uxListRemove)
    i.vApplicationGetIdleTaskMemory          0x00001e48   Section        0  freertosappstaticalloc.o(i.vApplicationGetIdleTaskMemory)
    i.vApplicationGetTimerTaskMemory         0x00001e5c   Section        0  freertosappstaticalloc.o(i.vApplicationGetTimerTaskMemory)
    i.vListInitialise                        0x00001e70   Section        0  list.o(i.vListInitialise)
    i.vListInitialiseItem                    0x00001e86   Section        0  list.o(i.vListInitialiseItem)
    i.vListInsert                            0x00001e8c   Section        0  list.o(i.vListInsert)
    i.vListInsertEnd                         0x00001ec6   Section        0  list.o(i.vListInsertEnd)
    i.vPortEnterCritical                     0x00001ee0   Section        0  port.o(i.vPortEnterCritical)
    i.vPortExitCritical                      0x00001efc   Section        0  port.o(i.vPortExitCritical)
    i.vPortFree                              0x00001f14   Section        0  heap_4.o(i.vPortFree)
    i.vPortSetupTimerInterrupt               0x00001fa4   Section        0  port.o(i.vPortSetupTimerInterrupt)
    i.vQueueWaitForMessageRestricted         0x00001fc8   Section        0  queue.o(i.vQueueWaitForMessageRestricted)
    i.vTaskDelay                             0x00002014   Section        0  tasks.o(i.vTaskDelay)
    i.vTaskInternalSetTimeOutState           0x0000204c   Section        0  tasks.o(i.vTaskInternalSetTimeOutState)
    i.vTaskMissedYield                       0x0000205c   Section        0  tasks.o(i.vTaskMissedYield)
    i.vTaskPlaceOnEventList                  0x00002068   Section        0  tasks.o(i.vTaskPlaceOnEventList)
    i.vTaskPlaceOnEventListRestricted        0x00002088   Section        0  tasks.o(i.vTaskPlaceOnEventListRestricted)
    i.vTaskPriorityDisinheritAfterTimeout    0x000020b8   Section        0  tasks.o(i.vTaskPriorityDisinheritAfterTimeout)
    i.vTaskRetornoLed2                       0x0000213c   Section        0  main.o(i.vTaskRetornoLed2)
    i.vTaskStartScheduler                    0x00002168   Section        0  tasks.o(i.vTaskStartScheduler)
    i.vTaskSuspend                           0x00002270   Section        0  tasks.o(i.vTaskSuspend)
    i.vTaskSuspendAll                        0x00002374   Section        0  tasks.o(i.vTaskSuspendAll)
    i.vTaskSwitchContext                     0x00002384   Section        0  tasks.o(i.vTaskSwitchContext)
    i.xPortStartScheduler                    0x000023cc   Section        0  port.o(i.xPortStartScheduler)
    i.xPortSysTickHandler                    0x000023fc   Section        0  port.o(i.xPortSysTickHandler)
    i.xQueueCreateMutex                      0x00002428   Section        0  queue.o(i.xQueueCreateMutex)
    i.xQueueGenericCreate                    0x0000244c   Section        0  queue.o(i.xQueueGenericCreate)
    i.xQueueGenericCreateStatic              0x000024bc   Section        0  queue.o(i.xQueueGenericCreateStatic)
    i.xQueueGenericSend                      0x00002520   Section        0  queue.o(i.xQueueGenericSend)
    i.xQueueGenericSendFromISR               0x00002690   Section        0  queue.o(i.xQueueGenericSendFromISR)
    i.xQueueReceive                          0x00002758   Section        0  queue.o(i.xQueueReceive)
    i.xQueueSemaphoreTake                    0x0000286c   Section        0  queue.o(i.xQueueSemaphoreTake)
    i.xTaskCheckForTimeOut                   0x000029b4   Section        0  tasks.o(i.xTaskCheckForTimeOut)
    i.xTaskCreate                            0x00002a10   Section        0  tasks.o(i.xTaskCreate)
    i.xTaskCreateStatic                      0x00002ad2   Section        0  tasks.o(i.xTaskCreateStatic)
    i.xTaskGenericNotify                     0x00002b8c   Section        0  tasks.o(i.xTaskGenericNotify)
    i.xTaskGetSchedulerState                 0x00002c30   Section        0  tasks.o(i.xTaskGetSchedulerState)
    i.xTaskGetTickCount                      0x00002c4c   Section        0  tasks.o(i.xTaskGetTickCount)
    i.xTaskIncrementTick                     0x00002c58   Section        0  tasks.o(i.xTaskIncrementTick)
    i.xTaskPriorityDisinherit                0x00002d2c   Section        0  tasks.o(i.xTaskPriorityDisinherit)
    i.xTaskPriorityInherit                   0x00002da8   Section        0  tasks.o(i.xTaskPriorityInherit)
    i.xTaskRemoveFromEventList               0x00002e38   Section        0  tasks.o(i.xTaskRemoveFromEventList)
    i.xTaskResumeAll                         0x00002e9c   Section        0  tasks.o(i.xTaskResumeAll)
    i.xTimerCreate                           0x0000302c   Section        0  timers.o(i.xTimerCreate)
    i.xTimerCreateTimerTask                  0x000030b8   Section        0  timers.o(i.xTimerCreateTimerTask)
    i.xTimerGenericCommand                   0x00003148   Section        0  timers.o(i.xTimerGenericCommand)
    .bss                                     0x10000000   Section    32768  heap_4.o(.bss)
    ucHeap                                   0x10000000   Data       32768  heap_4.o(.bss)
    .data                                    0x2007c000   Section       24  main.o(.data)
    blinkTmr                                 0x2007c000   Data           4  main.o(.data)
    xTask                                    0x2007c004   Data           4  main.o(.data)
    mutexADC                                 0x2007c008   Data           4  main.o(.data)
    .data                                    0x2007c018   Section        4  system_lpc17xx.o(.data)
    .data                                    0x2007c01c   Section        4  port.o(.data)
    uxCriticalNesting                        0x2007c01c   Data           4  port.o(.data)
    .data                                    0x2007c020   Section       60  tasks.o(.data)
    uxDeletedTasksWaitingCleanUp             0x2007c024   Data           4  tasks.o(.data)
    uxCurrentNumberOfTasks                   0x2007c028   Data           4  tasks.o(.data)
    xTickCount                               0x2007c02c   Data           4  tasks.o(.data)
    uxTopReadyPriority                       0x2007c030   Data           4  tasks.o(.data)
    xSchedulerRunning                        0x2007c034   Data           4  tasks.o(.data)
    xPendedTicks                             0x2007c038   Data           4  tasks.o(.data)
    xYieldPending                            0x2007c03c   Data           4  tasks.o(.data)
    xNumOfOverflows                          0x2007c040   Data           4  tasks.o(.data)
    uxTaskNumber                             0x2007c044   Data           4  tasks.o(.data)
    xNextTaskUnblockTime                     0x2007c048   Data           4  tasks.o(.data)
    xIdleTaskHandle                          0x2007c04c   Data           4  tasks.o(.data)
    uxSchedulerSuspended                     0x2007c050   Data           4  tasks.o(.data)
    pxDelayedTaskList                        0x2007c054   Data           4  tasks.o(.data)
    pxOverflowDelayedTaskList                0x2007c058   Data           4  tasks.o(.data)
    .data                                    0x2007c05c   Section       20  timers.o(.data)
    xTimerQueue                              0x2007c05c   Data           4  timers.o(.data)
    xTimerTaskHandle                         0x2007c060   Data           4  timers.o(.data)
    xLastTime                                0x2007c064   Data           4  timers.o(.data)
    pxCurrentTimerList                       0x2007c068   Data           4  timers.o(.data)
    pxOverflowTimerList                      0x2007c06c   Data           4  timers.o(.data)
    .data                                    0x2007c070   Section       32  heap_4.o(.data)
    pxEnd                                    0x2007c070   Data           4  heap_4.o(.data)
    xFreeBytesRemaining                      0x2007c074   Data           4  heap_4.o(.data)
    xMinimumEverFreeBytesRemaining           0x2007c078   Data           4  heap_4.o(.data)
    xNumberOfSuccessfulAllocations           0x2007c07c   Data           4  heap_4.o(.data)
    xNumberOfSuccessfulFrees                 0x2007c080   Data           4  heap_4.o(.data)
    xBlockAllocatedBit                       0x2007c084   Data           4  heap_4.o(.data)
    xStart                                   0x2007c088   Data           8  heap_4.o(.data)
    .bss                                     0x2007c090   Section      200  tasks.o(.bss)
    pxReadyTasksLists                        0x2007c090   Data         100  tasks.o(.bss)
    xDelayedTaskList1                        0x2007c0f4   Data          20  tasks.o(.bss)
    xDelayedTaskList2                        0x2007c108   Data          20  tasks.o(.bss)
    xPendingReadyList                        0x2007c11c   Data          20  tasks.o(.bss)
    xTasksWaitingTermination                 0x2007c130   Data          20  tasks.o(.bss)
    xSuspendedTaskList                       0x2007c144   Data          20  tasks.o(.bss)
    .bss                                     0x2007c158   Section      400  timers.o(.bss)
    xStaticTimerQueue                        0x2007c158   Data          72  timers.o(.bss)
    ucStaticTimerQueueStorage                0x2007c1a0   Data         288  timers.o(.bss)
    xActiveTimerList1                        0x2007c2c0   Data          20  timers.o(.bss)
    xActiveTimerList2                        0x2007c2d4   Data          20  timers.o(.bss)
    .bss                                     0x2007c2e8   Section     1472  freertosappstaticalloc.o(.bss)
    xIdleTaskTCB                             0x2007c2e8   Data          80  freertosappstaticalloc.o(.bss)
    uxIdleTaskStack                          0x2007c338   Data         512  freertosappstaticalloc.o(.bss)
    xTimerTaskTCB                            0x2007c538   Data          80  freertosappstaticalloc.o(.bss)
    uxTimerTaskStack                         0x2007c588   Data         800  freertosappstaticalloc.o(.bss)
    .bss                                     0x2007c8a8   Section       96  libspace.o(.bss)
    HEAP                                     0x2007c908   Section        0  startup_mps_cm3.o(HEAP)
    STACK                                    0x2007c908   Section      512  startup_mps_cm3.o(STACK)
    Heap_Mem                                 0x2007c908   Data           0  startup_mps_cm3.o(HEAP)
    Stack_Mem                                0x2007c908   Data         512  startup_mps_cm3.o(STACK)
    __initial_sp                             0x2007cb08   Data           0  startup_mps_cm3.o(STACK)

    Global Symbols

    Symbol Name                              Value     Ov Type        Size  Object(Section)

    BuildAttributes$$THM_ISAv4$P$D$K$B$S$PE$A:L22UL41UL21$X:L11$S22US41US21$IEEE1$IW$USESV6$~STKCKD$USESV7$~SHL$OTIME$ROPI$EBA8$UX$STANDARDLIB$REQ8$PRES8$EABIv2 0x00000000   Number         0  anon$$obj.o ABSOLUTE
    __ARM_use_no_argv                        0x00000000   Number         0  main.o ABSOLUTE
    __Vectors                                0x00000000   Data           4  startup_mps_cm3.o(RESET)
    __ARM_exceptions_init                     - Undefined Weak Reference
    __alloca_initialize                       - Undefined Weak Reference
    __arm_preinit_                            - Undefined Weak Reference
    __cpp_initialize__aeabi_                  - Undefined Weak Reference
    __cxa_finalize                            - Undefined Weak Reference
    __rt_locale                               - Undefined Weak Reference
    __sigvec_lookup                           - Undefined Weak Reference
    _atexit_init                              - Undefined Weak Reference
    _call_atexit_fns                          - Undefined Weak Reference
    _clock_init                               - Undefined Weak Reference
    _fp_trap_init                             - Undefined Weak Reference
    _fp_trap_shutdown                         - Undefined Weak Reference
    _get_lc_collate                           - Undefined Weak Reference
    _get_lc_ctype                             - Undefined Weak Reference
    _get_lc_monetary                          - Undefined Weak Reference
    _get_lc_numeric                           - Undefined Weak Reference
    _get_lc_time                              - Undefined Weak Reference
    _getenv_init                              - Undefined Weak Reference
    _handle_redirection                       - Undefined Weak Reference
    _init_alloc                               - Undefined Weak Reference
    _init_user_alloc                          - Undefined Weak Reference
    _initio                                   - Undefined Weak Reference
    _printf_mbtowc                            - Undefined Weak Reference
    _printf_post_padding                      - Undefined Weak Reference
    _printf_pre_padding                       - Undefined Weak Reference
    _printf_truncate_signed                   - Undefined Weak Reference
    _printf_truncate_unsigned                 - Undefined Weak Reference
    _rand_init                                - Undefined Weak Reference
    _signal_finish                            - Undefined Weak Reference
    _signal_init                              - Undefined Weak Reference
    _terminate_alloc                          - Undefined Weak Reference
    _terminate_user_alloc                     - Undefined Weak Reference
    _terminateio                              - Undefined Weak Reference
    __main                                   0x000000cd   Thumb Code     8  __main.o(!!!main)
    __scatterload                            0x000000d5   Thumb Code     0  __scatter.o(!!!scatter)
    __scatterload_rt2                        0x000000d5   Thumb Code    44  __scatter.o(!!!scatter)
    __scatterload_rt2_thumb_only             0x000000d5   Thumb Code     0  __scatter.o(!!!scatter)
    __scatterload_null                       0x000000e3   Thumb Code     0  __scatter.o(!!!scatter)
    __scatterload_copy                       0x00000109   Thumb Code    26  __scatter_copy.o(!!handler_copy)
    __scatterload_zeroinit                   0x00000125   Thumb Code    28  __scatter_zi.o(!!handler_zi)
    _printf_percent                          0x00000141   Thumb Code     0  _printf_percent.o(.ARM.Collect$$_printf_percent$$00000000)
    _printf_u                                0x00000141   Thumb Code     0  _printf_u.o(.ARM.Collect$$_printf_percent$$0000000A)
    _printf_percent_end                      0x00000147   Thumb Code     0  _printf_percent_end.o(.ARM.Collect$$_printf_percent$$00000017)
    __rt_lib_init                            0x0000014b   Thumb Code     0  libinit.o(.ARM.Collect$$libinit$$00000000)
    __rt_lib_init_alloca_1                   0x0000014d   Thumb Code     0  libinit2.o(.ARM.Collect$$libinit$$0000002E)
    __rt_lib_init_argv_1                     0x0000014d   Thumb Code     0  libinit2.o(.ARM.Collect$$libinit$$0000002C)
    __rt_lib_init_atexit_1                   0x0000014d   Thumb Code     0  libinit2.o(.ARM.Collect$$libinit$$0000001B)
    __rt_lib_init_clock_1                    0x0000014d   Thumb Code     0  libinit2.o(.ARM.Collect$$libinit$$00000021)
    __rt_lib_init_cpp_1                      0x0000014d   Thumb Code     0  libinit2.o(.ARM.Collect$$libinit$$00000032)
    __rt_lib_init_exceptions_1               0x0000014d   Thumb Code     0  libinit2.o(.ARM.Collect$$libinit$$00000030)
    __rt_lib_init_fp_1                       0x0000014d   Thumb Code     0  libinit2.o(.ARM.Collect$$libinit$$00000002)
    __rt_lib_init_fp_trap_1                  0x0000014d   Thumb Code     0  libinit2.o(.ARM.Collect$$libinit$$0000001F)
    __rt_lib_init_getenv_1                   0x0000014d   Thumb Code     0  libinit2.o(.ARM.Collect$$libinit$$00000023)
    __rt_lib_init_heap_1                     0x0000014d   Thumb Code     0  libinit2.o(.ARM.Collect$$libinit$$0000000A)
    __rt_lib_init_lc_collate_1               0x0000014d   Thumb Code     0  libinit2.o(.ARM.Collect$$libinit$$00000011)
    __rt_lib_init_lc_ctype_1                 0x0000014d   Thumb Code     0  libinit2.o(.ARM.Collect$$libinit$$00000013)
    __rt_lib_init_lc_monetary_1              0x0000014d   Thumb Code     0  libinit2.o(.ARM.Collect$$libinit$$00000015)
    __rt_lib_init_lc_numeric_1               0x0000014d   Thumb Code     0  libinit2.o(.ARM.Collect$$libinit$$00000017)
    __rt_lib_init_lc_time_1                  0x0000014d   Thumb Code     0  libinit2.o(.ARM.Collect$$libinit$$00000019)
    __rt_lib_init_preinit_1                  0x0000014d   Thumb Code     0  libinit2.o(.ARM.Collect$$libinit$$00000004)
    __rt_lib_init_rand_1                     0x0000014d   Thumb Code     0  libinit2.o(.ARM.Collect$$libinit$$0000000E)
    __rt_lib_init_return                     0x0000014d   Thumb Code     0  libinit2.o(.ARM.Collect$$libinit$$00000033)
    __rt_lib_init_signal_1                   0x0000014d   Thumb Code     0  libinit2.o(.ARM.Collect$$libinit$$0000001D)
    __rt_lib_init_stdio_1                    0x0000014d   Thumb Code     0  libinit2.o(.ARM.Collect$$libinit$$00000025)
    __rt_lib_init_user_alloc_1               0x0000014d   Thumb Code     0  libinit2.o(.ARM.Collect$$libinit$$0000000C)
    __rt_lib_shutdown                        0x0000014f   Thumb Code     0  libshutdown.o(.ARM.Collect$$libshutdown$$00000000)
    __rt_lib_shutdown_cpp_1                  0x00000151   Thumb Code     0  libshutdown2.o(.ARM.Collect$$libshutdown$$00000002)
    __rt_lib_shutdown_fp_trap_1              0x00000151   Thumb Code     0  libshutdown2.o(.ARM.Collect$$libshutdown$$00000007)
    __rt_lib_shutdown_heap_1                 0x00000151   Thumb Code     0  libshutdown2.o(.ARM.Collect$$libshutdown$$0000000F)
    __rt_lib_shutdown_return                 0x00000151   Thumb Code     0  libshutdown2.o(.ARM.Collect$$libshutdown$$00000010)
    __rt_lib_shutdown_signal_1               0x00000151   Thumb Code     0  libshutdown2.o(.ARM.Collect$$libshutdown$$0000000A)
    __rt_lib_shutdown_stdio_1                0x00000151   Thumb Code     0  libshutdown2.o(.ARM.Collect$$libshutdown$$00000004)
    __rt_lib_shutdown_user_alloc_1           0x00000151   Thumb Code     0  libshutdown2.o(.ARM.Collect$$libshutdown$$0000000C)
    __rt_entry                               0x00000153   Thumb Code     0  __rtentry.o(.ARM.Collect$$rtentry$$00000000)
    __rt_entry_presh_1                       0x00000153   Thumb Code     0  __rtentry2.o(.ARM.Collect$$rtentry$$00000002)
    __rt_entry_sh                            0x00000153   Thumb Code     0  __rtentry4.o(.ARM.Collect$$rtentry$$00000004)
    __rt_entry_li                            0x00000159   Thumb Code     0  __rtentry2.o(.ARM.Collect$$rtentry$$0000000A)
    __rt_entry_postsh_1                      0x00000159   Thumb Code     0  __rtentry2.o(.ARM.Collect$$rtentry$$00000009)
    __rt_entry_main                          0x0000015d   Thumb Code     0  __rtentry2.o(.ARM.Collect$$rtentry$$0000000D)
    __rt_entry_postli_1                      0x0000015d   Thumb Code     0  __rtentry2.o(.ARM.Collect$$rtentry$$0000000C)
    __rt_exit                                0x00000165   Thumb Code     0  rtexit.o(.ARM.Collect$$rtexit$$00000000)
    __rt_exit_ls                             0x00000167   Thumb Code     0  rtexit2.o(.ARM.Collect$$rtexit$$00000003)
    __rt_exit_prels_1                        0x00000167   Thumb Code     0  rtexit2.o(.ARM.Collect$$rtexit$$00000002)
    __rt_exit_exit                           0x0000016b   Thumb Code     0  rtexit2.o(.ARM.Collect$$rtexit$$00000004)
    vPortSVCHandler                          0x00000171   Thumb Code    32  port.o(.emb_text)
    __asm___6_port_c_39a90d8d__prvStartFirstTask 0x00000195   Thumb Code    28  port.o(.emb_text)
    xPortPendSVHandler                       0x000001b5   Thumb Code    72  port.o(.emb_text)
    vPortGetIPSR                             0x00000201   Thumb Code     6  port.o(.emb_text)
    Reset_Handler                            0x00000209   Thumb Code     4  startup_mps_cm3.o(.text)
    NMI_Handler                              0x0000020d   Thumb Code     2  startup_mps_cm3.o(.text)
    HardFault_Handler                        0x0000020f   Thumb Code     2  startup_mps_cm3.o(.text)
    MemManage_Handler                        0x00000211   Thumb Code     2  startup_mps_cm3.o(.text)
    BusFault_Handler                         0x00000213   Thumb Code     2  startup_mps_cm3.o(.text)
    UsageFault_Handler                       0x00000215   Thumb Code     2  startup_mps_cm3.o(.text)
    SVC_Handler                              0x00000217   Thumb Code     2  startup_mps_cm3.o(.text)
    DebugMon_Handler                         0x00000219   Thumb Code     2  startup_mps_cm3.o(.text)
    PendSV_Handler                           0x0000021b   Thumb Code     2  startup_mps_cm3.o(.text)
    SysTick_Handler                          0x0000021d   Thumb Code     2  startup_mps_cm3.o(.text)
    ADC_IRQHandler                           0x0000021f   Thumb Code     0  startup_mps_cm3.o(.text)
    BOD_IRQHandler                           0x0000021f   Thumb Code     0  startup_mps_cm3.o(.text)
    CANActivity_IRQHandler                   0x0000021f   Thumb Code     0  startup_mps_cm3.o(.text)
    CAN_IRQHandler                           0x0000021f   Thumb Code     0  startup_mps_cm3.o(.text)
    DMA_IRQHandler                           0x0000021f   Thumb Code     0  startup_mps_cm3.o(.text)
    EINT0_IRQHandler                         0x0000021f   Thumb Code     0  startup_mps_cm3.o(.text)
    EINT1_IRQHandler                         0x0000021f   Thumb Code     0  startup_mps_cm3.o(.text)
    EINT2_IRQHandler                         0x0000021f   Thumb Code     0  startup_mps_cm3.o(.text)
    EINT3_IRQHandler                         0x0000021f   Thumb Code     0  startup_mps_cm3.o(.text)
    ENET_IRQHandler                          0x0000021f   Thumb Code     0  startup_mps_cm3.o(.text)
    I2C0_IRQHandler                          0x0000021f   Thumb Code     0  startup_mps_cm3.o(.text)
    I2C1_IRQHandler                          0x0000021f   Thumb Code     0  startup_mps_cm3.o(.text)
    I2C2_IRQHandler                          0x0000021f   Thumb Code     0  startup_mps_cm3.o(.text)
    I2S_IRQHandler                           0x0000021f   Thumb Code     0  startup_mps_cm3.o(.text)
    MCPWM_IRQHandler                         0x0000021f   Thumb Code     0  startup_mps_cm3.o(.text)
    PLL0_IRQHandler                          0x0000021f   Thumb Code     0  startup_mps_cm3.o(.text)
    PLL1_IRQHandler                          0x0000021f   Thumb Code     0  startup_mps_cm3.o(.text)
    PWM1_IRQHandler                          0x0000021f   Thumb Code     0  startup_mps_cm3.o(.text)
    QEI_IRQHandler                           0x0000021f   Thumb Code     0  startup_mps_cm3.o(.text)
    RIT_IRQHandler                           0x0000021f   Thumb Code     0  startup_mps_cm3.o(.text)
    RTC_IRQHandler                           0x0000021f   Thumb Code     0  startup_mps_cm3.o(.text)
    SPI_IRQHandler                           0x0000021f   Thumb Code     0  startup_mps_cm3.o(.text)
    SSP0_IRQHandler                          0x0000021f   Thumb Code     0  startup_mps_cm3.o(.text)
    SSP1_IRQHandler                          0x0000021f   Thumb Code     0  startup_mps_cm3.o(.text)
    TIMER0_IRQHandler                        0x0000021f   Thumb Code     0  startup_mps_cm3.o(.text)
    TIMER1_IRQHandler                        0x0000021f   Thumb Code     0  startup_mps_cm3.o(.text)
    TIMER2_IRQHandler                        0x0000021f   Thumb Code     0  startup_mps_cm3.o(.text)
    TIMER3_IRQHandler                        0x0000021f   Thumb Code     0  startup_mps_cm3.o(.text)
    UART0_IRQHandler                         0x0000021f   Thumb Code     0  startup_mps_cm3.o(.text)
    UART1_IRQHandler                         0x0000021f   Thumb Code     0  startup_mps_cm3.o(.text)
    UART2_IRQHandler                         0x0000021f   Thumb Code     0  startup_mps_cm3.o(.text)
    UART3_IRQHandler                         0x0000021f   Thumb Code     0  startup_mps_cm3.o(.text)
    USBActivity_IRQHandler                   0x0000021f   Thumb Code     0  startup_mps_cm3.o(.text)
    USB_IRQHandler                           0x0000021f   Thumb Code     0  startup_mps_cm3.o(.text)
    WDT_IRQHandler                           0x0000021f   Thumb Code     0  startup_mps_cm3.o(.text)
    __user_initial_stackheap                 0x00000221   Thumb Code     0  startup_mps_cm3.o(.text)
    __aeabi_uldivmod                         0x0000023d   Thumb Code     0  lludivv7m.o(.text)
    _ll_udiv                                 0x0000023d   Thumb Code   238  lludivv7m.o(.text)
    __2sprintf                               0x0000032d   Thumb Code    34  noretval__2sprintf.o(.text)
    __printf                                 0x00000355   Thumb Code   104  __printf.o(.text)
    _printf_int_dec                          0x000003bd   Thumb Code   104  _printf_dec.o(.text)
    strlen                                   0x00000435   Thumb Code    62  strlen.o(.text)
    __aeabi_memcpy                           0x00000473   Thumb Code     0  rt_memcpy_v6.o(.text)
    __rt_memcpy                              0x00000473   Thumb Code   138  rt_memcpy_v6.o(.text)
    _memcpy_lastbytes                        0x000004d9   Thumb Code     0  rt_memcpy_v6.o(.text)
    __aeabi_memset                           0x000004fd   Thumb Code    16  aeabi_memset.o(.text)
    __use_two_region_memory                  0x0000050d   Thumb Code     2  heapauxi.o(.text)
    __rt_heap_escrow$2region                 0x0000050f   Thumb Code     2  heapauxi.o(.text)
    __rt_heap_expand$2region                 0x00000511   Thumb Code     2  heapauxi.o(.text)
    _printf_int_common                       0x00000513   Thumb Code   178  _printf_intcommon.o(.text)
    _printf_char_common                      0x000005cf   Thumb Code    32  _printf_char_common.o(.text)
    _sputc                                   0x000005f5   Thumb Code    10  _sputc.o(.text)
    __aeabi_memcpy4                          0x000005ff   Thumb Code     0  rt_memcpy_w.o(.text)
    __aeabi_memcpy8                          0x000005ff   Thumb Code     0  rt_memcpy_w.o(.text)
    __rt_memcpy_w                            0x000005ff   Thumb Code   100  rt_memcpy_w.o(.text)
    _memcpy_lastbytes_aligned                0x00000647   Thumb Code     0  rt_memcpy_w.o(.text)
    __aeabi_memclr                           0x00000663   Thumb Code     0  rt_memclr.o(.text)
    __rt_memclr                              0x00000663   Thumb Code    68  rt_memclr.o(.text)
    _memset                                  0x00000667   Thumb Code     0  rt_memclr.o(.text)
    __aeabi_memclr4                          0x000006a7   Thumb Code     0  rt_memclr_w.o(.text)
    __aeabi_memclr8                          0x000006a7   Thumb Code     0  rt_memclr_w.o(.text)
    __rt_memclr_w                            0x000006a7   Thumb Code    78  rt_memclr_w.o(.text)
    _memset_w                                0x000006ab   Thumb Code     0  rt_memclr_w.o(.text)
    __user_setup_stackheap                   0x000006f5   Thumb Code    74  sys_stackheap_outer.o(.text)
    exit                                     0x0000073f   Thumb Code    18  exit.o(.text)
    __user_libspace                          0x00000751   Thumb Code     8  libspace.o(.text)
    __user_perproc_libspace                  0x00000751   Thumb Code     0  libspace.o(.text)
    __user_perthread_libspace                0x00000751   Thumb Code     0  libspace.o(.text)
    _sys_exit                                0x00000759   Thumb Code     8  sys_exit.o(.text)
    __I$use$semihosting                      0x00000765   Thumb Code     0  use_no_semi.o(.text)
    __use_no_semihosting_swi                 0x00000765   Thumb Code     2  use_no_semi.o(.text)
    __semihosting_library_function           0x00000767   Thumb Code     0  indicate_semi.o(.text)
    ADC_ChannelCmd                           0x00000769   Thumb Code    46  lpc17xx_adc.o(i.ADC_ChannelCmd)
    ADC_ChannelGetData                       0x000007bd   Thumb Code    38  lpc17xx_adc.o(i.ADC_ChannelGetData)
    ADC_ChannelGetStatus                     0x00000809   Thumb Code    72  lpc17xx_adc.o(i.ADC_ChannelGetStatus)
    ADC_Init                                 0x00000875   Thumb Code    86  lpc17xx_adc.o(i.ADC_Init)
    ADC_StartCmd                             0x000008f5   Thumb Code    84  lpc17xx_adc.o(i.ADC_StartCmd)
    CLKPWR_ConfigPPWR                        0x0000096d   Thumb Code    40  lpc17xx_clkpwr.o(i.CLKPWR_ConfigPPWR)
    CLKPWR_GetPCLK                           0x0000099d   Thumb Code    54  lpc17xx_clkpwr.o(i.CLKPWR_GetPCLK)
    GPIO_ClearValue                          0x000009dd   Thumb Code    38  lpc17xx_gpio.o(i.GPIO_ClearValue)
    GPIO_ReadValue                           0x00000a19   Thumb Code    40  lpc17xx_gpio.o(i.GPIO_ReadValue)
    GPIO_SetDir                              0x00000a55   Thumb Code    50  lpc17xx_gpio.o(i.GPIO_SetDir)
    GPIO_SetValue                            0x00000a9d   Thumb Code    38  lpc17xx_gpio.o(i.GPIO_SetValue)
    PINSEL_ConfigPin                         0x00000ad9   Thumb Code   128  lpc17xx_pinsel.o(i.PINSEL_ConfigPin)
    SystemCoreClockUpdate                    0x00000b65   Thumb Code   300  system_lpc17xx.o(i.SystemCoreClockUpdate)
    SystemInit                               0x00000ca1   Thumb Code   298  system_lpc17xx.o(i.SystemInit)
    UART_ConfigStructInit                    0x00000de1   Thumb Code    18  lpc17xx_uart.o(i.UART_ConfigStructInit)
    UART_FIFOConfigStructInit                0x00000df3   Thumb Code    14  lpc17xx_uart.o(i.UART_FIFOConfigStructInit)
    UART_Init                                0x00000e01   Thumb Code   726  lpc17xx_uart.o(i.UART_Init)
    UART_Send                                0x00001109   Thumb Code   250  lpc17xx_uart.o(i.UART_Send)
    UART_TxCmd                               0x00001211   Thumb Code   100  lpc17xx_uart.o(i.UART_TxCmd)
    check_failed                             0x000012c5   Thumb Code     2  lpc17xx_libcfg_default.o(i.check_failed)
    leBotoesMensagens                        0x000012c9   Thumb Code   134  main.o(i.leBotoesMensagens)
    leCanalAD                                0x00001359   Thumb Code    88  main.o(i.leCanalAD)
    lerBotaoLed                              0x000013b9   Thumb Code    24  main.o(i.lerBotaoLed)
    main                                     0x000013d5   Thumb Code   344  main.o(i.main)
    potenciometro                            0x000015d1   Thumb Code    52  main.o(i.potenciometro)
    pvPortMalloc                             0x00001b91   Thumb Code   318  heap_4.o(i.pvPortMalloc)
    pvTaskIncrementMutexHeldCount            0x00001cdd   Thumb Code    18  tasks.o(i.pvTaskIncrementMutexHeldCount)
    pxPortInitialiseStack                    0x00001cf5   Thumb Code    30  port.o(i.pxPortInitialiseStack)
    recebeEnviaSerial                        0x00001d19   Thumb Code    90  main.o(i.recebeEnviaSerial)
    ulTaskNotifyTake                         0x00001db5   Thumb Code    98  tasks.o(i.ulTaskNotifyTake)
    uxListRemove                             0x00001e21   Thumb Code    38  list.o(i.uxListRemove)
    vApplicationGetIdleTaskMemory            0x00001e49   Thumb Code    16  freertosappstaticalloc.o(i.vApplicationGetIdleTaskMemory)
    vApplicationGetTimerTaskMemory           0x00001e5d   Thumb Code    16  freertosappstaticalloc.o(i.vApplicationGetTimerTaskMemory)
    vListInitialise                          0x00001e71   Thumb Code    22  list.o(i.vListInitialise)
    vListInitialiseItem                      0x00001e87   Thumb Code     6  list.o(i.vListInitialiseItem)
    vListInsert                              0x00001e8d   Thumb Code    58  list.o(i.vListInsert)
    vListInsertEnd                           0x00001ec7   Thumb Code    24  list.o(i.vListInsertEnd)
    vPortEnterCritical                       0x00001ee1   Thumb Code    24  port.o(i.vPortEnterCritical)
    vPortExitCritical                        0x00001efd   Thumb Code    20  port.o(i.vPortExitCritical)
    vPortFree                                0x00001f15   Thumb Code   134  heap_4.o(i.vPortFree)
    vPortSetupTimerInterrupt                 0x00001fa5   Thumb Code    32  port.o(i.vPortSetupTimerInterrupt)
    vQueueWaitForMessageRestricted           0x00001fc9   Thumb Code    74  queue.o(i.vQueueWaitForMessageRestricted)
    vTaskDelay                               0x00002015   Thumb Code    46  tasks.o(i.vTaskDelay)
    vTaskInternalSetTimeOutState             0x0000204d   Thumb Code    12  tasks.o(i.vTaskInternalSetTimeOutState)
    vTaskMissedYield                         0x0000205d   Thumb Code     8  tasks.o(i.vTaskMissedYield)
    vTaskPlaceOnEventList                    0x00002069   Thumb Code    28  tasks.o(i.vTaskPlaceOnEventList)
    vTaskPlaceOnEventListRestricted          0x00002089   Thumb Code    42  tasks.o(i.vTaskPlaceOnEventListRestricted)
    vTaskPriorityDisinheritAfterTimeout      0x000020b9   Thumb Code   122  tasks.o(i.vTaskPriorityDisinheritAfterTimeout)
    vTaskRetornoLed2                         0x0000213d   Thumb Code    44  main.o(i.vTaskRetornoLed2)
    vTaskStartScheduler                      0x00002169   Thumb Code   248  tasks.o(i.vTaskStartScheduler)
    vTaskSuspend                             0x00002271   Thumb Code   242  tasks.o(i.vTaskSuspend)
    vTaskSuspendAll                          0x00002375   Thumb Code    10  tasks.o(i.vTaskSuspendAll)
    vTaskSwitchContext                       0x00002385   Thumb Code    62  tasks.o(i.vTaskSwitchContext)
    xPortStartScheduler                      0x000023cd   Thumb Code    38  port.o(i.xPortStartScheduler)
    xPortSysTickHandler                      0x000023fd   Thumb Code    38  port.o(i.xPortSysTickHandler)
    xQueueCreateMutex                        0x00002429   Thumb Code    36  queue.o(i.xQueueCreateMutex)
    xQueueGenericCreate                      0x0000244d   Thumb Code   112  queue.o(i.xQueueGenericCreate)
    xQueueGenericCreateStatic                0x000024bd   Thumb Code    98  queue.o(i.xQueueGenericCreateStatic)
    xQueueGenericSend                        0x00002521   Thumb Code   364  queue.o(i.xQueueGenericSend)
    xQueueGenericSendFromISR                 0x00002691   Thumb Code   200  queue.o(i.xQueueGenericSendFromISR)
    xQueueReceive                            0x00002759   Thumb Code   272  queue.o(i.xQueueReceive)
    xQueueSemaphoreTake                      0x0000286d   Thumb Code   322  queue.o(i.xQueueSemaphoreTake)
    xTaskCheckForTimeOut                     0x000029b5   Thumb Code    88  tasks.o(i.xTaskCheckForTimeOut)
    xTaskCreate                              0x00002a11   Thumb Code   194  tasks.o(i.xTaskCreate)
    xTaskCreateStatic                        0x00002ad3   Thumb Code   186  tasks.o(i.xTaskCreateStatic)
    xTaskGenericNotify                       0x00002b8d   Thumb Code   152  tasks.o(i.xTaskGenericNotify)
    xTaskGetSchedulerState                   0x00002c31   Thumb Code    24  tasks.o(i.xTaskGetSchedulerState)
    xTaskGetTickCount                        0x00002c4d   Thumb Code     6  tasks.o(i.xTaskGetTickCount)
    xTaskIncrementTick                       0x00002c59   Thumb Code   204  tasks.o(i.xTaskIncrementTick)
    xTaskPriorityDisinherit                  0x00002d2d   Thumb Code   114  tasks.o(i.xTaskPriorityDisinherit)
    xTaskPriorityInherit                     0x00002da9   Thumb Code   136  tasks.o(i.xTaskPriorityInherit)
    xTaskRemoveFromEventList                 0x00002e39   Thumb Code    86  tasks.o(i.xTaskRemoveFromEventList)
    xTaskResumeAll                           0x00002e9d   Thumb Code   388  tasks.o(i.xTaskResumeAll)
    xTimerCreate                             0x0000302d   Thumb Code   128  timers.o(i.xTimerCreate)
    xTimerCreateTimerTask                    0x000030b9   Thumb Code   118  timers.o(i.xTimerCreateTimerTask)
    xTimerGenericCommand                     0x00003149   Thumb Code    94  timers.o(i.xTimerGenericCommand)
    Region$$Table$$Base                      0x000031ac   Number         0  anon$$obj.o(Region$$Table)
    Region$$Table$$Limit                     0x000031dc   Number         0  anon$$obj.o(Region$$Table)
    xTaskHandleBotao                         0x2007c00c   Data           4  main.o(.data)
    xSemaphoreBotao1                         0x2007c010   Data           4  main.o(.data)
    xSemaphoreBotao2                         0x2007c014   Data           4  main.o(.data)
    SystemCoreClock                          0x2007c018   Data           4  system_lpc17xx.o(.data)
    pxCurrentTCB                             0x2007c020   Data           4  tasks.o(.data)
    __libspace_start                         0x2007c8a8   Data          96  libspace.o(.bss)
    __temporary_stack_top$libspace           0x2007c908   Data           0  libspace.o(.bss)



==============================================================================

Memory Map of the image

  Image Entry point : 0x000000cd

  Load Region LR_IROM1 (Base: 0x00000000, Size: 0x0000326c, Max: 0x00080000, ABSOLUTE)

    Execution Region ER_IROM1 (Exec base: 0x00000000, Load base: 0x00000000, Size: 0x000031dc, Max: 0x00080000, ABSOLUTE)

    Exec Addr    Load Addr    Size         Type   Attr      Idx    E Section Name        Object

    0x00000000   0x00000000   0x000000cc   Data   RO          263    RESET               startup_mps_cm3.o
    0x000000cc   0x000000cc   0x00000008   Code   RO         1675  * !!!main             c_w.l(__main.o)
    0x000000d4   0x000000d4   0x00000034   Code   RO         1859    !!!scatter          c_w.l(__scatter.o)
    0x00000108   0x00000108   0x0000001a   Code   RO         1861    !!handler_copy      c_w.l(__scatter_copy.o)
    0x00000122   0x00000122   0x00000002   PAD
    0x00000124   0x00000124   0x0000001c   Code   RO         1863    !!handler_zi        c_w.l(__scatter_zi.o)
    0x00000140   0x00000140   0x00000000   Code   RO         1666    .ARM.Collect$$_printf_percent$$00000000  c_w.l(_printf_percent.o)
    0x00000140   0x00000140   0x00000006   Code   RO         1665    .ARM.Collect$$_printf_percent$$0000000A  c_w.l(_printf_u.o)
    0x00000146   0x00000146   0x00000004   Code   RO         1690    .ARM.Collect$$_printf_percent$$00000017  c_w.l(_printf_percent_end.o)
    0x0000014a   0x0000014a   0x00000002   Code   RO         1729    .ARM.Collect$$libinit$$00000000  c_w.l(libinit.o)
    0x0000014c   0x0000014c   0x00000000   Code   RO         1742    .ARM.Collect$$libinit$$00000002  c_w.l(libinit2.o)
    0x0000014c   0x0000014c   0x00000000   Code   RO         1744    .ARM.Collect$$libinit$$00000004  c_w.l(libinit2.o)
    0x0000014c   0x0000014c   0x00000000   Code   RO         1747    .ARM.Collect$$libinit$$0000000A  c_w.l(libinit2.o)
    0x0000014c   0x0000014c   0x00000000   Code   RO         1749    .ARM.Collect$$libinit$$0000000C  c_w.l(libinit2.o)
    0x0000014c   0x0000014c   0x00000000   Code   RO         1751    .ARM.Collect$$libinit$$0000000E  c_w.l(libinit2.o)
    0x0000014c   0x0000014c   0x00000000   Code   RO         1754    .ARM.Collect$$libinit$$00000011  c_w.l(libinit2.o)
    0x0000014c   0x0000014c   0x00000000   Code   RO         1756    .ARM.Collect$$libinit$$00000013  c_w.l(libinit2.o)
    0x0000014c   0x0000014c   0x00000000   Code   RO         1758    .ARM.Collect$$libinit$$00000015  c_w.l(libinit2.o)
    0x0000014c   0x0000014c   0x00000000   Code   RO         1760    .ARM.Collect$$libinit$$00000017  c_w.l(libinit2.o)
    0x0000014c   0x0000014c   0x00000000   Code   RO         1762    .ARM.Collect$$libinit$$00000019  c_w.l(libinit2.o)
    0x0000014c   0x0000014c   0x00000000   Code   RO         1764    .ARM.Collect$$libinit$$0000001B  c_w.l(libinit2.o)
    0x0000014c   0x0000014c   0x00000000   Code   RO         1766    .ARM.Collect$$libinit$$0000001D  c_w.l(libinit2.o)
    0x0000014c   0x0000014c   0x00000000   Code   RO         1768    .ARM.Collect$$libinit$$0000001F  c_w.l(libinit2.o)
    0x0000014c   0x0000014c   0x00000000   Code   RO         1770    .ARM.Collect$$libinit$$00000021  c_w.l(libinit2.o)
    0x0000014c   0x0000014c   0x00000000   Code   RO         1772    .ARM.Collect$$libinit$$00000023  c_w.l(libinit2.o)
    0x0000014c   0x0000014c   0x00000000   Code   RO         1774    .ARM.Collect$$libinit$$00000025  c_w.l(libinit2.o)
    0x0000014c   0x0000014c   0x00000000   Code   RO         1778    .ARM.Collect$$libinit$$0000002C  c_w.l(libinit2.o)
    0x0000014c   0x0000014c   0x00000000   Code   RO         1780    .ARM.Collect$$libinit$$0000002E  c_w.l(libinit2.o)
    0x0000014c   0x0000014c   0x00000000   Code   RO         1782    .ARM.Collect$$libinit$$00000030  c_w.l(libinit2.o)
    0x0000014c   0x0000014c   0x00000000   Code   RO         1784    .ARM.Collect$$libinit$$00000032  c_w.l(libinit2.o)
    0x0000014c   0x0000014c   0x00000002   Code   RO         1785    .ARM.Collect$$libinit$$00000033  c_w.l(libinit2.o)
    0x0000014e   0x0000014e   0x00000002   Code   RO         1816    .ARM.Collect$$libshutdown$$00000000  c_w.l(libshutdown.o)
    0x00000150   0x00000150   0x00000000   Code   RO         1842    .ARM.Collect$$libshutdown$$00000002  c_w.l(libshutdown2.o)
    0x00000150   0x00000150   0x00000000   Code   RO         1844    .ARM.Collect$$libshutdown$$00000004  c_w.l(libshutdown2.o)
    0x00000150   0x00000150   0x00000000   Code   RO         1847    .ARM.Collect$$libshutdown$$00000007  c_w.l(libshutdown2.o)
    0x00000150   0x00000150   0x00000000   Code   RO         1850    .ARM.Collect$$libshutdown$$0000000A  c_w.l(libshutdown2.o)
    0x00000150   0x00000150   0x00000000   Code   RO         1852    .ARM.Collect$$libshutdown$$0000000C  c_w.l(libshutdown2.o)
    0x00000150   0x00000150   0x00000000   Code   RO         1855    .ARM.Collect$$libshutdown$$0000000F  c_w.l(libshutdown2.o)
    0x00000150   0x00000150   0x00000002   Code   RO         1856    .ARM.Collect$$libshutdown$$00000010  c_w.l(libshutdown2.o)
    0x00000152   0x00000152   0x00000000   Code   RO         1677    .ARM.Collect$$rtentry$$00000000  c_w.l(__rtentry.o)
    0x00000152   0x00000152   0x00000000   Code   RO         1696    .ARM.Collect$$rtentry$$00000002  c_w.l(__rtentry2.o)
    0x00000152   0x00000152   0x00000006   Code   RO         1708    .ARM.Collect$$rtentry$$00000004  c_w.l(__rtentry4.o)
    0x00000158   0x00000158   0x00000000   Code   RO         1698    .ARM.Collect$$rtentry$$00000009  c_w.l(__rtentry2.o)
    0x00000158   0x00000158   0x00000004   Code   RO         1699    .ARM.Collect$$rtentry$$0000000A  c_w.l(__rtentry2.o)
    0x0000015c   0x0000015c   0x00000000   Code   RO         1701    .ARM.Collect$$rtentry$$0000000C  c_w.l(__rtentry2.o)
    0x0000015c   0x0000015c   0x00000008   Code   RO         1702    .ARM.Collect$$rtentry$$0000000D  c_w.l(__rtentry2.o)
    0x00000164   0x00000164   0x00000002   Code   RO         1733    .ARM.Collect$$rtexit$$00000000  c_w.l(rtexit.o)
    0x00000166   0x00000166   0x00000000   Code   RO         1789    .ARM.Collect$$rtexit$$00000002  c_w.l(rtexit2.o)
    0x00000166   0x00000166   0x00000004   Code   RO         1790    .ARM.Collect$$rtexit$$00000003  c_w.l(rtexit2.o)
    0x0000016a   0x0000016a   0x00000006   Code   RO         1791    .ARM.Collect$$rtexit$$00000004  c_w.l(rtexit2.o)
    0x00000170   0x00000170   0x00000096   Code   RO          268    .emb_text           FreeRTOS.lib(port.o)
    0x00000206   0x00000206   0x00000002   PAD
    0x00000208   0x00000208   0x00000034   Code   RO          264    .text               startup_mps_cm3.o
    0x0000023c   0x0000023c   0x000000ee   Code   RO         1632    .text               c_w.l(lludivv7m.o)
    0x0000032a   0x0000032a   0x00000002   PAD
    0x0000032c   0x0000032c   0x00000028   Code   RO         1636    .text               c_w.l(noretval__2sprintf.o)
    0x00000354   0x00000354   0x00000068   Code   RO         1638    .text               c_w.l(__printf.o)
    0x000003bc   0x000003bc   0x00000078   Code   RO         1642    .text               c_w.l(_printf_dec.o)
    0x00000434   0x00000434   0x0000003e   Code   RO         1667    .text               c_w.l(strlen.o)
    0x00000472   0x00000472   0x0000008a   Code   RO         1669    .text               c_w.l(rt_memcpy_v6.o)
    0x000004fc   0x000004fc   0x00000010   Code   RO         1671    .text               c_w.l(aeabi_memset.o)
    0x0000050c   0x0000050c   0x00000006   Code   RO         1673    .text               c_w.l(heapauxi.o)
    0x00000512   0x00000512   0x000000b2   Code   RO         1682    .text               c_w.l(_printf_intcommon.o)
    0x000005c4   0x000005c4   0x00000030   Code   RO         1684    .text               c_w.l(_printf_char_common.o)
    0x000005f4   0x000005f4   0x0000000a   Code   RO         1686    .text               c_w.l(_sputc.o)
    0x000005fe   0x000005fe   0x00000064   Code   RO         1691    .text               c_w.l(rt_memcpy_w.o)
    0x00000662   0x00000662   0x00000044   Code   RO         1693    .text               c_w.l(rt_memclr.o)
    0x000006a6   0x000006a6   0x0000004e   Code   RO         1714    .text               c_w.l(rt_memclr_w.o)
    0x000006f4   0x000006f4   0x0000004a   Code   RO         1716    .text               c_w.l(sys_stackheap_outer.o)
    0x0000073e   0x0000073e   0x00000012   Code   RO         1718    .text               c_w.l(exit.o)
    0x00000750   0x00000750   0x00000008   Code   RO         1730    .text               c_w.l(libspace.o)
    0x00000758   0x00000758   0x0000000c   Code   RO         1786    .text               c_w.l(sys_exit.o)
    0x00000764   0x00000764   0x00000002   Code   RO         1805    .text               c_w.l(use_no_semi.o)
    0x00000766   0x00000766   0x00000000   Code   RO         1807    .text               c_w.l(indicate_semi.o)
    0x00000766   0x00000766   0x00000002   PAD
    0x00000768   0x00000768   0x00000054   Code   RO          949    i.ADC_ChannelCmd    CMSIS.lib(lpc17xx_adc.o)
    0x000007bc   0x000007bc   0x0000004c   Code   RO          950    i.ADC_ChannelGetData  CMSIS.lib(lpc17xx_adc.o)
    0x00000808   0x00000808   0x0000006c   Code   RO          951    i.ADC_ChannelGetStatus  CMSIS.lib(lpc17xx_adc.o)
    0x00000874   0x00000874   0x00000080   Code   RO          957    i.ADC_Init          CMSIS.lib(lpc17xx_adc.o)
    0x000008f4   0x000008f4   0x00000078   Code   RO          960    i.ADC_StartCmd      CMSIS.lib(lpc17xx_adc.o)
    0x0000096c   0x0000096c   0x00000030   Code   RO         1558    i.CLKPWR_ConfigPPWR  CMSIS.lib(lpc17xx_clkpwr.o)
    0x0000099c   0x0000099c   0x00000040   Code   RO         1561    i.CLKPWR_GetPCLK    CMSIS.lib(lpc17xx_clkpwr.o)
    0x000009dc   0x000009dc   0x0000003c   Code   RO         1071    i.GPIO_ClearValue   CMSIS.lib(lpc17xx_gpio.o)
    0x00000a18   0x00000a18   0x0000003c   Code   RO         1074    i.GPIO_ReadValue    CMSIS.lib(lpc17xx_gpio.o)
    0x00000a54   0x00000a54   0x00000048   Code   RO         1075    i.GPIO_SetDir       CMSIS.lib(lpc17xx_gpio.o)
    0x00000a9c   0x00000a9c   0x0000003c   Code   RO         1076    i.GPIO_SetValue     CMSIS.lib(lpc17xx_gpio.o)
    0x00000ad8   0x00000ad8   0x0000008c   Code   RO         1213    i.PINSEL_ConfigPin  CMSIS.lib(lpc17xx_pinsel.o)
    0x00000b64   0x00000b64   0x0000013c   Code   RO          227    i.SystemCoreClockUpdate  system_lpc17xx.o
    0x00000ca0   0x00000ca0   0x00000140   Code   RO          228    i.SystemInit        system_lpc17xx.o
    0x00000de0   0x00000de0   0x00000012   Code   RO         1258    i.UART_ConfigStructInit  CMSIS.lib(lpc17xx_uart.o)
    0x00000df2   0x00000df2   0x0000000e   Code   RO         1261    i.UART_FIFOConfigStructInit  CMSIS.lib(lpc17xx_uart.o)
    0x00000e00   0x00000e00   0x00000308   Code   RO         1268    i.UART_Init         CMSIS.lib(lpc17xx_uart.o)
    0x00001108   0x00001108   0x00000108   Code   RO         1280    i.UART_Send         CMSIS.lib(lpc17xx_uart.o)
    0x00001210   0x00001210   0x0000008c   Code   RO         1282    i.UART_TxCmd        CMSIS.lib(lpc17xx_uart.o)
    0x0000129c   0x0000129c   0x00000028   Code   RO            3    i.blinkCallBack     main.o
    0x000012c4   0x000012c4   0x00000002   Code   RO         1618    i.check_failed      CMSIS.lib(lpc17xx_libcfg_default.o)
    0x000012c6   0x000012c6   0x00000002   PAD
    0x000012c8   0x000012c8   0x00000090   Code   RO            4    i.leBotoesMensagens  main.o
    0x00001358   0x00001358   0x00000060   Code   RO            5    i.leCanalAD         main.o
    0x000013b8   0x000013b8   0x0000001c   Code   RO            6    i.lerBotaoLed       main.o
    0x000013d4   0x000013d4   0x000001fc   Code   RO            7    i.main              main.o
    0x000015d0   0x000015d0   0x00000040   Code   RO            8    i.potenciometro     main.o
    0x00001610   0x00001610   0x00000074   Code   RO          535    i.prvAddCurrentTaskToDelayedList  FreeRTOS.lib(tasks.o)
    0x00001684   0x00001684   0x000000e4   Code   RO          536    i.prvAddNewTaskToReadyList  FreeRTOS.lib(tasks.o)
    0x00001768   0x00001768   0x00000058   Code   RO          537    i.prvIdleTask       FreeRTOS.lib(tasks.o)
    0x000017c0   0x000017c0   0x000000ac   Code   RO          832    i.prvSampleTimeNow  FreeRTOS.lib(timers.o)
    0x0000186c   0x0000186c   0x00000010   Code   RO          269    i.prvTaskExitError  FreeRTOS.lib(port.o)
    0x0000187c   0x0000187c   0x000002a8   Code   RO          833    i.prvTimerTask      FreeRTOS.lib(timers.o)
    0x00001b24   0x00001b24   0x0000006c   Code   RO          355    i.prvUnlockQueue    FreeRTOS.lib(queue.o)
    0x00001b90   0x00001b90   0x0000014c   Code   RO         1475    i.pvPortMalloc      FreeRTOS.lib(heap_4.o)
    0x00001cdc   0x00001cdc   0x00000018   Code   RO          538    i.pvTaskIncrementMutexHeldCount  FreeRTOS.lib(tasks.o)
    0x00001cf4   0x00001cf4   0x00000024   Code   RO          270    i.pxPortInitialiseStack  FreeRTOS.lib(port.o)
    0x00001d18   0x00001d18   0x0000009c   Code   RO            9    i.recebeEnviaSerial  main.o
    0x00001db4   0x00001db4   0x0000006c   Code   RO          539    i.ulTaskNotifyTake  FreeRTOS.lib(tasks.o)
    0x00001e20   0x00001e20   0x00000026   Code   RO         1520    i.uxListRemove      FreeRTOS.lib(list.o)
    0x00001e46   0x00001e46   0x00000002   PAD
    0x00001e48   0x00001e48   0x00000014   Code   RO         1434    i.vApplicationGetIdleTaskMemory  FreeRTOS.lib(freertosappstaticalloc.o)
    0x00001e5c   0x00001e5c   0x00000014   Code   RO         1435    i.vApplicationGetTimerTaskMemory  FreeRTOS.lib(freertosappstaticalloc.o)
    0x00001e70   0x00001e70   0x00000016   Code   RO         1521    i.vListInitialise   FreeRTOS.lib(list.o)
    0x00001e86   0x00001e86   0x00000006   Code   RO         1522    i.vListInitialiseItem  FreeRTOS.lib(list.o)
    0x00001e8c   0x00001e8c   0x0000003a   Code   RO         1523    i.vListInsert       FreeRTOS.lib(list.o)
    0x00001ec6   0x00001ec6   0x00000018   Code   RO         1524    i.vListInsertEnd    FreeRTOS.lib(list.o)
    0x00001ede   0x00001ede   0x00000002   PAD
    0x00001ee0   0x00001ee0   0x0000001c   Code   RO          272    i.vPortEnterCritical  FreeRTOS.lib(port.o)
    0x00001efc   0x00001efc   0x00000018   Code   RO          273    i.vPortExitCritical  FreeRTOS.lib(port.o)
    0x00001f14   0x00001f14   0x00000090   Code   RO         1476    i.vPortFree         FreeRTOS.lib(heap_4.o)
    0x00001fa4   0x00001fa4   0x00000024   Code   RO          274    i.vPortSetupTimerInterrupt  FreeRTOS.lib(port.o)
    0x00001fc8   0x00001fc8   0x0000004a   Code   RO          360    i.vQueueWaitForMessageRestricted  FreeRTOS.lib(queue.o)
    0x00002012   0x00002012   0x00000002   PAD
    0x00002014   0x00002014   0x00000038   Code   RO          544    i.vTaskDelay        FreeRTOS.lib(tasks.o)
    0x0000204c   0x0000204c   0x00000010   Code   RO          548    i.vTaskInternalSetTimeOutState  FreeRTOS.lib(tasks.o)
    0x0000205c   0x0000205c   0x0000000c   Code   RO          549    i.vTaskMissedYield  FreeRTOS.lib(tasks.o)
    0x00002068   0x00002068   0x00000020   Code   RO          551    i.vTaskPlaceOnEventList  FreeRTOS.lib(tasks.o)
    0x00002088   0x00002088   0x00000030   Code   RO          552    i.vTaskPlaceOnEventListRestricted  FreeRTOS.lib(tasks.o)
    0x000020b8   0x000020b8   0x00000084   Code   RO          554    i.vTaskPriorityDisinheritAfterTimeout  FreeRTOS.lib(tasks.o)
    0x0000213c   0x0000213c   0x0000002c   Code   RO           12    i.vTaskRetornoLed2  main.o
    0x00002168   0x00002168   0x00000108   Code   RO          558    i.vTaskStartScheduler  FreeRTOS.lib(tasks.o)
    0x00002270   0x00002270   0x00000104   Code   RO          559    i.vTaskSuspend      FreeRTOS.lib(tasks.o)
    0x00002374   0x00002374   0x00000010   Code   RO          560    i.vTaskSuspendAll   FreeRTOS.lib(tasks.o)
    0x00002384   0x00002384   0x00000048   Code   RO          561    i.vTaskSwitchContext  FreeRTOS.lib(tasks.o)
    0x000023cc   0x000023cc   0x00000030   Code   RO          275    i.xPortStartScheduler  FreeRTOS.lib(port.o)
    0x000023fc   0x000023fc   0x0000002c   Code   RO          276    i.xPortSysTickHandler  FreeRTOS.lib(port.o)
    0x00002428   0x00002428   0x00000024   Code   RO          363    i.xQueueCreateMutex  FreeRTOS.lib(queue.o)
    0x0000244c   0x0000244c   0x00000070   Code   RO          365    i.xQueueGenericCreate  FreeRTOS.lib(queue.o)
    0x000024bc   0x000024bc   0x00000062   Code   RO          366    i.xQueueGenericCreateStatic  FreeRTOS.lib(queue.o)
    0x0000251e   0x0000251e   0x00000002   PAD
    0x00002520   0x00002520   0x00000170   Code   RO          368    i.xQueueGenericSend  FreeRTOS.lib(queue.o)
    0x00002690   0x00002690   0x000000c8   Code   RO          369    i.xQueueGenericSendFromISR  FreeRTOS.lib(queue.o)
    0x00002758   0x00002758   0x00000114   Code   RO          376    i.xQueueReceive     FreeRTOS.lib(queue.o)
    0x0000286c   0x0000286c   0x00000148   Code   RO          378    i.xQueueSemaphoreTake  FreeRTOS.lib(queue.o)
    0x000029b4   0x000029b4   0x0000005c   Code   RO          563    i.xTaskCheckForTimeOut  FreeRTOS.lib(tasks.o)
    0x00002a10   0x00002a10   0x000000c2   Code   RO          564    i.xTaskCreate       FreeRTOS.lib(tasks.o)
    0x00002ad2   0x00002ad2   0x000000ba   Code   RO          565    i.xTaskCreateStatic  FreeRTOS.lib(tasks.o)
    0x00002b8c   0x00002b8c   0x000000a4   Code   RO          566    i.xTaskGenericNotify  FreeRTOS.lib(tasks.o)
    0x00002c30   0x00002c30   0x0000001c   Code   RO          569    i.xTaskGetSchedulerState  FreeRTOS.lib(tasks.o)
    0x00002c4c   0x00002c4c   0x0000000c   Code   RO          570    i.xTaskGetTickCount  FreeRTOS.lib(tasks.o)
    0x00002c58   0x00002c58   0x000000d4   Code   RO          572    i.xTaskIncrementTick  FreeRTOS.lib(tasks.o)
    0x00002d2c   0x00002d2c   0x0000007c   Code   RO          575    i.xTaskPriorityDisinherit  FreeRTOS.lib(tasks.o)
    0x00002da8   0x00002da8   0x00000090   Code   RO          576    i.xTaskPriorityInherit  FreeRTOS.lib(tasks.o)
    0x00002e38   0x00002e38   0x00000064   Code   RO          577    i.xTaskRemoveFromEventList  FreeRTOS.lib(tasks.o)
    0x00002e9c   0x00002e9c   0x00000190   Code   RO          578    i.xTaskResumeAll    FreeRTOS.lib(tasks.o)
    0x0000302c   0x0000302c   0x0000008c   Code   RO          838    i.xTimerCreate      FreeRTOS.lib(timers.o)
    0x000030b8   0x000030b8   0x00000090   Code   RO          840    i.xTimerCreateTimerTask  FreeRTOS.lib(timers.o)
    0x00003148   0x00003148   0x00000064   Code   RO          841    i.xTimerGenericCommand  FreeRTOS.lib(timers.o)
    0x000031ac   0x000031ac   0x00000030   Data   RO         1857    Region$$Table       anon$$obj.o


    Execution Region RW_IRAM1 (Exec base: 0x10000000, Load base: 0x000031dc, Size: 0x00008000, Max: 0x00008000, ABSOLUTE)

    Exec Addr    Load Addr    Size         Type   Attr      Idx    E Section Name        Object

    0x10000000        -       0x00008000   Zero   RW         1481    .bss                FreeRTOS.lib(heap_4.o)


    Execution Region RW_IRAM2 (Exec base: 0x2007c000, Load base: 0x000031dc, Size: 0x00000b08, Max: 0x00008000, ABSOLUTE)

    Exec Addr    Load Addr    Size         Type   Attr      Idx    E Section Name        Object

    0x2007c000   0x000031dc   0x00000018   Data   RW           13    .data               main.o
    0x2007c018   0x000031f4   0x00000004   Data   RW          229    .data               system_lpc17xx.o
    0x2007c01c   0x000031f8   0x00000004   Data   RW          277    .data               FreeRTOS.lib(port.o)
    0x2007c020   0x000031fc   0x0000003c   Data   RW          581    .data               FreeRTOS.lib(tasks.o)
    0x2007c05c   0x00003238   0x00000014   Data   RW          847    .data               FreeRTOS.lib(timers.o)
    0x2007c070   0x0000324c   0x00000020   Data   RW         1482    .data               FreeRTOS.lib(heap_4.o)
    0x2007c090        -       0x000000c8   Zero   RW          580    .bss                FreeRTOS.lib(tasks.o)
    0x2007c158        -       0x00000190   Zero   RW          846    .bss                FreeRTOS.lib(timers.o)
    0x2007c2e8        -       0x000005c0   Zero   RW         1436    .bss                FreeRTOS.lib(freertosappstaticalloc.o)
    0x2007c8a8        -       0x00000060   Zero   RW         1731    .bss                c_w.l(libspace.o)
    0x2007c908        -       0x00000000   Zero   RW          262    HEAP                startup_mps_cm3.o
    0x2007c908        -       0x00000200   Zero   RW          261    STACK               startup_mps_cm3.o


==============================================================================

Image component sizes


      Code (inc. data)   RO Data    RW Data    ZI Data      Debug   Object Name

      1080        264          0         24          0      76956   main.o
        52         18        204          0        512        804   startup_mps_cm3.o
       636         38          0          4          0       1319   system_lpc17xx.o

    ----------------------------------------------------------------------
      1768        320        252         28        512      79079   Object Totals
         0          0         48          0          0          0   (incl. Generated)
         0          0          0          0          0          0   (incl. Padding)

    ----------------------------------------------------------------------

      Code (inc. data)   RO Data    RW Data    ZI Data      Debug   Library Member Name

       516        190          0          0          0       4795   lpc17xx_adc.o
       112         18          0          0          0       1677   lpc17xx_clkpwr.o
       252        110          0          0          0       4591   lpc17xx_gpio.o
         2          0          0          0          0        799   lpc17xx_libcfg_default.o
       140         12          0          0          0       3519   lpc17xx_pinsel.o
      1212        104          0          0          0      14613   lpc17xx_uart.o
        40          8          0          0       1472      15197   freertosappstaticalloc.o
       476         24          0         32      32768       3119   heap_4.o
       148          0          0          0          0       2798   list.o
       382         46          0          4          0      10068   port.o
      1600         14          0          0          0      33915   queue.o
      3128        238          0         60        200      40482   tasks.o
      1236         68          0         20        400      31006   timers.o
         8          0          0          0          0         68   __main.o
       104          0          0          0          0         84   __printf.o
         0          0          0          0          0          0   __rtentry.o
        12          0          0          0          0          0   __rtentry2.o
         6          0          0          0          0          0   __rtentry4.o
        52          8          0          0          0          0   __scatter.o
        26          0          0          0          0          0   __scatter_copy.o
        28          0          0          0          0          0   __scatter_zi.o
        48          6          0          0          0         96   _printf_char_common.o
       120         16          0          0          0         92   _printf_dec.o
       178          0          0          0          0         88   _printf_intcommon.o
         0          0          0          0          0          0   _printf_percent.o
         4          0          0          0          0          0   _printf_percent_end.o
         6          0          0          0          0          0   _printf_u.o
        10          0          0          0          0         68   _sputc.o
        16          0          0          0          0         68   aeabi_memset.o
        18          0          0          0          0         80   exit.o
         6          0          0          0          0        152   heapauxi.o
         0          0          0          0          0          0   indicate_semi.o
         2          0          0          0          0          0   libinit.o
         2          0          0          0          0          0   libinit2.o
         2          0          0          0          0          0   libshutdown.o
         2          0          0          0          0          0   libshutdown2.o
         8          4          0          0         96         68   libspace.o
       238          0          0          0          0        100   lludivv7m.o
        40          6          0          0          0         84   noretval__2sprintf.o
        68          0          0          0          0         68   rt_memclr.o
        78          0          0          0          0         80   rt_memclr_w.o
       138          0          0          0          0         68   rt_memcpy_v6.o
       100          0          0          0          0         80   rt_memcpy_w.o
         2          0          0          0          0          0   rtexit.o
        10          0          0          0          0          0   rtexit2.o
        62          0          0          0          0         76   strlen.o
        12          4          0          0          0         68   sys_exit.o
        74          0          0          0          0         80   sys_stackheap_outer.o
         2          0          0          0          0         68   use_no_semi.o

    ----------------------------------------------------------------------
     10744        876          0        116      34936     168215   Library Totals
        18          0          0          0          0          0   (incl. Padding)

    ----------------------------------------------------------------------

      Code (inc. data)   RO Data    RW Data    ZI Data      Debug   Library Name

      2234        434          0          0          0      29994   CMSIS.lib
      7010        398          0        116      34840     136585   FreeRTOS.lib
      1482         44          0          0         96       1636   c_w.l

    ----------------------------------------------------------------------
     10744        876          0        116      34936     168215   Library Totals

    ----------------------------------------------------------------------

==============================================================================


      Code (inc. data)   RO Data    RW Data    ZI Data      Debug   

     12512       1196        252        144      35448     242350   Grand Totals
     12512       1196        252        144      35448     242350   ELF Image Totals
     12512       1196        252        144          0          0   ROM Totals

==============================================================================

    Total RO  Size (Code + RO Data)                12764 (  12.46kB)
    Total RW  Size (RW Data + ZI Data)             35592 (  34.76kB)
    Total ROM Size (Code + RO Data + RW Data)      12908 (  12.61kB)

==============================================================================

