Component: ARM Compiler 5.06 update 5 (build 528) Tool: armlink [4d35e2]

==============================================================================

Section Cross References

    main.o(i.blinkCallBack) refers to lpc17xx_gpio.o(i.GPIO_ReadValue) for GPIO_ReadValue
    main.o(i.blinkCallBack) refers to lpc17xx_gpio.o(i.GPIO_ClearValue) for GPIO_ClearValue
    main.o(i.blinkCallBack) refers to lpc17xx_gpio.o(i.GPIO_SetValue) for GPIO_SetValue
    main.o(i.leBotoesMensagens) refers to queue.o(i.xQueueGenericCreate) for xQueueGenericCreate
    main.o(i.leBotoesMensagens) refers to lpc17xx_gpio.o(i.GPIO_ReadValue) for GPIO_ReadValue
    main.o(i.leBotoesMensagens) refers to tasks.o(i.xTaskGetTickCount) for xTaskGetTickCount
    main.o(i.leBotoesMensagens) refers to tasks.o(i.xTaskGenericNotify) for xTaskGenericNotify
    main.o(i.leBotoesMensagens) refers to queue.o(i.xQueueGenericSend) for xQueueGenericSend
    main.o(i.leBotoesMensagens) refers to main.o(.data) for xSemaphoreBotao2
    main.o(i.leCanalAD) refers to queue.o(i.xQueueSemaphoreTake) for xQueueSemaphoreTake
    main.o(i.leCanalAD) refers to lpc17xx_adc.o(i.ADC_ChannelCmd) for ADC_ChannelCmd
    main.o(i.leCanalAD) refers to lpc17xx_adc.o(i.ADC_StartCmd) for ADC_StartCmd
    main.o(i.leCanalAD) refers to lpc17xx_adc.o(i.ADC_ChannelGetStatus) for ADC_ChannelGetStatus
    main.o(i.leCanalAD) refers to lpc17xx_adc.o(i.ADC_ChannelGetData) for ADC_ChannelGetData
    main.o(i.leCanalAD) refers to queue.o(i.xQueueGenericSend) for xQueueGenericSend
    main.o(i.leCanalAD) refers to main.o(.data) for mutexADC
    main.o(i.lerBotaoLed) refers to lpc17xx_gpio.o(i.GPIO_ReadValue) for GPIO_ReadValue
    main.o(i.lerBotaoLed) refers to tasks.o(i.vTaskSuspend) for vTaskSuspend
    main.o(i.lerBotaoLed) refers to main.o(.data) for xTaskHandleBotao
    main.o(i.main) refers to system_lpc17xx.o(i.SystemInit) for SystemInit
    main.o(i.main) refers to system_lpc17xx.o(i.SystemCoreClockUpdate) for SystemCoreClockUpdate
    main.o(i.main) refers to lpc17xx_gpio.o(i.GPIO_SetDir) for GPIO_SetDir
    main.o(i.main) refers to lpc17xx_uart.o(i.UART_FIFOConfigStructInit) for UART_FIFOConfigStructInit
    main.o(i.main) refers to lpc17xx_uart.o(i.UART_ConfigStructInit) for UART_ConfigStructInit
    main.o(i.main) refers to lpc17xx_uart.o(i.UART_Init) for UART_Init
    main.o(i.main) refers to lpc17xx_uart.o(i.UART_TxCmd) for UART_TxCmd
    main.o(i.main) refers to lpc17xx_pinsel.o(i.PINSEL_ConfigPin) for PINSEL_ConfigPin
    main.o(i.main) refers to lpc17xx_adc.o(i.ADC_Init) for ADC_Init
    main.o(i.main) refers to queue.o(i.xQueueCreateMutex) for xQueueCreateMutex
    main.o(i.main) refers to timers.o(i.xTimerCreate) for xTimerCreate
    main.o(i.main) refers to tasks.o(i.xTaskGetTickCount) for xTaskGetTickCount
    main.o(i.main) refers to timers.o(i.xTimerGenericCommand) for xTimerGenericCommand
    main.o(i.main) refers to tasks.o(i.xTaskCreate) for xTaskCreate
    main.o(i.main) refers to freertos_ip.o(i.FreeRTOS_IPInit) for FreeRTOS_IPInit
    main.o(i.main) refers to tasks.o(i.vTaskStartScheduler) for vTaskStartScheduler
    main.o(i.main) refers to main.o(.data) for mutexADC
    main.o(i.main) refers to main.o(i.blinkCallBack) for blinkCallBack
    main.o(i.main) refers to main.o(i.vTaskRetornoLed2) for vTaskRetornoLed2
    main.o(i.main) refers to main.o(i.lerBotaoLed) for lerBotaoLed
    main.o(i.main) refers to main.o(i.leBotoesMensagens) for leBotoesMensagens
    main.o(i.main) refers to main.o(i.recebeEnviaSerial) for recebeEnviaSerial
    main.o(i.main) refers to main.o(i.potenciometro) for potenciometro
    main.o(i.main) refers to main.o(i.vUDPServer) for vUDPServer
    main.o(i.mensagemUART) refers to queue.o(i.xQueueSemaphoreTake) for xQueueSemaphoreTake
    main.o(i.mensagemUART) refers to strlen.o(.text) for strlen
    main.o(i.mensagemUART) refers to lpc17xx_uart.o(i.UART_Send) for UART_Send
    main.o(i.mensagemUART) refers to queue.o(i.xQueueGenericSend) for xQueueGenericSend
    main.o(i.mensagemUART) refers to main.o(.data) for Potenciometro
    main.o(i.potenciometro) refers to _printf_percent.o(.ARM.Collect$$_printf_percent$$00000000) for _printf_percent
    main.o(i.potenciometro) refers to _printf_u.o(.ARM.Collect$$_printf_percent$$0000000A) for _printf_u
    main.o(i.potenciometro) refers to _printf_dec.o(.text) for _printf_int_dec
    main.o(i.potenciometro) refers to main.o(i.leCanalAD) for leCanalAD
    main.o(i.potenciometro) refers to noretval__2sprintf.o(.text) for __2sprintf
    main.o(i.potenciometro) refers to main.o(i.mensagemUART) for mensagemUART
    main.o(i.potenciometro) refers to tasks.o(i.vTaskDelay) for vTaskDelay
    main.o(i.recebeEnviaSerial) refers to tasks.o(i.ulTaskNotifyTake) for ulTaskNotifyTake
    main.o(i.recebeEnviaSerial) refers to main.o(i.mensagemUART) for mensagemUART
    main.o(i.recebeEnviaSerial) refers to tasks.o(i.vTaskDelay) for vTaskDelay
[...]
    xNumberOfSuccessfulAllocations           0x2007c0c8   Data           4  heap_4.o(.data)
    xNumberOfSuccessfulFrees                 0x2007c0cc   Data           4  heap_4.o(.data)
    xBlockAllocatedBit                       0x2007c0d0   Data           4  heap_4.o(.data)
    xStart                                   0x2007c0d4   Data           8  heap_4.o(.data)
    .data                                    0x2007c0dc   Section        4  freertos_arp.o(.data)
    xLastGratuitousARPTime                   0x2007c0dc   Data           4  freertos_arp.o(.data)
    .data                                    0x2007c0e0   Section        4  freertos_tcp_ip.o(.data)
    .data                                    0x2007c0e4   Section        4  freertos_tcp_win.o(.data)
    .data                                    0x2007c0e8   Section       24  freertos_udp_ip.o(.data)
    .data                                    0x2007c100   Section        8  bufferallocation_2.o(.data)
    uxMinimumFreeNetworkBuffers              0x2007c100   Data           4  bufferallocation_2.o(.data)
    xNetworkBufferSemaphore                  0x2007c104   Data           4  bufferallocation_2.o(.data)
    .data                                    0x2007c108   Section        4  networkhal.o(.data)
    .bss                                     0x2007c10c   Section     2048  main.o(.bss)
    udpServerRxBuffer                        0x2007c10c   Data        1024  main.o(.bss)
    aesBuf                                   0x2007c50c   Data        1024  main.o(.bss)
    .bss                                     0x2007c90c   Section      200  tasks.o(.bss)
    pxReadyTasksLists                        0x2007c90c   Data         100  tasks.o(.bss)
    xDelayedTaskList1                        0x2007c970   Data          20  tasks.o(.bss)
    xDelayedTaskList2                        0x2007c984   Data          20  tasks.o(.bss)
    xPendingReadyList                        0x2007c998   Data          20  tasks.o(.bss)
    xTasksWaitingTermination                 0x2007c9ac   Data          20  tasks.o(.bss)
    xSuspendedTaskList                       0x2007c9c0   Data          20  tasks.o(.bss)
    .bss                                     0x2007c9d4   Section      400  timers.o(.bss)
    xStaticTimerQueue                        0x2007c9d4   Data          72  timers.o(.bss)
    ucStaticTimerQueueStorage                0x2007ca1c   Data         288  timers.o(.bss)
    xActiveTimerList1                        0x2007cb3c   Data          20  timers.o(.bss)
    xActiveTimerList2                        0x2007cb50   Data          20  timers.o(.bss)
    .bss                                     0x2007cb64   Section       80  freertos_ip.o(.bss)
    xARPTimer                                0x2007cb8c   Data          20  freertos_ip.o(.bss)
    xTCPTimer                                0x2007cba0   Data          20  freertos_ip.o(.bss)
    .bss                                     0x2007cbb4   Section       40  freertos_sockets.o(.bss)
    .bss                                     0x2007cbdc   Section     1472  freertosappstaticalloc.o(.bss)
    xIdleTaskTCB                             0x2007cbdc   Data          80  freertosappstaticalloc.o(.bss)
    uxIdleTaskStack                          0x2007cc2c   Data         512  freertosappstaticalloc.o(.bss)
    xTimerTaskTCB                            0x2007ce2c   Data          80  freertosappstaticalloc.o(.bss)
    uxTimerTaskStack                         0x2007ce7c   Data         800  freertosappstaticalloc.o(.bss)
    .bss                                     0x2007d19c   Section       72  freertos_arp.o(.bss)
    xARPCache                                0x2007d19c   Data          72  freertos_arp.o(.bss)
    .bss                                     0x2007d1e4   Section      200  bufferallocation_2.o(.bss)
    xFreeBuffersList                         0x2007d1e4   Data          20  bufferallocation_2.o(.bss)
    xNetworkBufferDescriptors                0x2007d1f8   Data         180  bufferallocation_2.o(.bss)
    .bss                                     0x2007d2b0   Section     5476  lpc17xx_emac.o(.bss)
    Rx_Desc                                  0x2007d2b0   Data          32  lpc17xx_emac.o(.bss)
    Rx_Stat                                  0x2007d2d0   Data          32  lpc17xx_emac.o(.bss)
    Tx_Desc                                  0x2007d2f0   Data          24  lpc17xx_emac.o(.bss)
    Tx_Stat                                  0x2007d308   Data          12  lpc17xx_emac.o(.bss)
    rx_buf                                   0x2007d314   Data        3072  lpc17xx_emac.o(.bss)
    tx_buf                                   0x2007df14   Data        2304  lpc17xx_emac.o(.bss)
    .bss                                     0x2007e814   Section       96  libspace.o(.bss)
    HEAP                                     0x2007e878   Section        0  startup_mps_cm3.o(HEAP)
    STACK                                    0x2007e878   Section      512  startup_mps_cm3.o(STACK)
    Heap_Mem                                 0x2007e878   Data           0  startup_mps_cm3.o(HEAP)
    Stack_Mem                                0x2007e878   Data         512  startup_mps_cm3.o(STACK)
    __initial_sp                             0x2007ea78   Data           0  startup_mps_cm3.o(STACK)

    Global Symbols

    Symbol Name                              Value     Ov Type        Size  Object(Section)

    BuildAttributes$$THM_ISAv4$P$D$K$B$S$PE$A:L22UL41UL21$X:L11$S22US41US21$IEEE1$IW$USESV6$~STKCKD$USESV7$~SHL$OTIME$ROPI$EBA8$UX$STANDARDLIB$REQ8$PRES8$EABIv2 0x00000000   Number         0  anon$$obj.o ABSOLUTE
    __ARM_use_no_argv                        0x00000000   Number         0  main.o ABSOLUTE
    __Vectors                                0x00000000   Data           4  startup_mps_cm3.o(RESET)
    __ARM_exceptions_init                     - Undefined Weak Reference
    __alloca_initialize                       - Undefined Weak Reference
    __arm_preinit_                            - Undefined Weak Reference
    __cpp_initialize__aeabi_                  - Undefined Weak Reference
    __cxa_finalize                            - Undefined Weak Reference
    __rt_locale                               - Undefined Weak Reference
    __sigvec_lookup                           - Undefined Weak Reference
    _atexit_init                              - Undefined Weak Reference
    _call_atexit_fns                          - Undefined Weak Reference
    _clock_init                               - Undefined Weak Reference
    _fp_trap_init                             - Undefined Weak Reference
    _fp_trap_shutdown                         - Undefined Weak Reference
    _get_lc_collate                           - Undefined Weak Reference
    _get_lc_ctype                             - Undefined Weak Reference
    _get_lc_monetary                          - Undefined Weak Reference
    _get_lc_numeric                           - Undefined Weak Reference
    _get_lc_time                              - Undefined Weak Reference
    _getenv_init                              - Undefined Weak Reference
    _handle_redirection                       - Undefined Weak Reference
    _init_alloc                               - Undefined Weak Reference
    _init_user_alloc                          - Undefined Weak Reference
    _initio                                   - Undefined Weak Reference
    _printf_mbtowc                            - Undefined Weak Reference
    _printf_post_padding                      - Undefined Weak Reference
    _printf_pre_padding                       - Undefined Weak Reference
    _printf_truncate_signed                   - Undefined Weak Reference
    _printf_truncate_unsigned                 - Undefined Weak Reference
    _rand_init                                - Undefined Weak Reference
    _signal_finish                            - Undefined Weak Reference
    _signal_init                              - Undefined Weak Reference
    _terminate_alloc                          - Undefined Weak Reference
    _terminate_user_alloc                     - Undefined Weak Reference
    _terminateio                              - Undefined Weak Reference
    __main                                   0x000000cd   Thumb Code     8  __main.o(!!!main)
    __scatterload                            0x000000d5   Thumb Code     0  __scatter.o(!!!scatter)
    __scatterload_rt2                        0x000000d5   Thumb Code    44  __scatter.o(!!!scatter)
    __scatterload_rt2_thumb_only             0x000000d5   Thumb Code     0  __scatter.o(!!!scatter)
    __scatterload_null                       0x000000e3   Thumb Code     0  __scatter.o(!!!scatter)
    __scatterload_copy                       0x00000109   Thumb Code    26  __scatter_copy.o(!!handler_copy)
    __scatterload_zeroinit                   0x00000125   Thumb Code    28  __scatter_zi.o(!!handler_zi)
    _printf_percent                          0x00000141   Thumb Code     0  _printf_percent.o(.ARM.Collect$$_printf_percent$$00000000)
    _printf_u                                0x00000141   Thumb Code     0  _printf_u.o(.ARM.Collect$$_printf_percent$$0000000A)
    _printf_percent_end                      0x00000147   Thumb Code     0  _printf_percent_end.o(.ARM.Collect$$_printf_percent$$00000017)
    __rt_lib_init                            0x0000014b   Thumb Code     0  libinit.o(.ARM.Collect$$libinit$$00000000)
    __rt_lib_init_alloca_1                   0x0000014d   Thumb Code     0  libinit2.o(.ARM.Collect$$libinit$$0000002E)
    __rt_lib_init_argv_1                     0x0000014d   Thumb Code     0  libinit2.o(.ARM.Collect$$libinit$$0000002C)
    __rt_lib_init_atexit_1                   0x0000014d   Thumb Code     0  libinit2.o(.ARM.Collect$$libinit$$0000001B)
    __rt_lib_init_clock_1                    0x0000014d   Thumb Code     0  libinit2.o(.ARM.Collect$$libinit$$00000021)
    __rt_lib_init_cpp_1                      0x0000014d   Thumb Code     0  libinit2.o(.ARM.Collect$$libinit$$00000032)
    __rt_lib_init_exceptions_1               0x0000014d   Thumb Code     0  libinit2.o(.ARM.Collect$$libinit$$00000030)
    __rt_lib_init_fp_1                       0x0000014d   Thumb Code     0  libinit2.o(.ARM.Collect$$libinit$$00000002)
    __rt_lib_init_fp_trap_1                  0x0000014d   Thumb Code     0  libinit2.o(.ARM.Collect$$libinit$$0000001F)
    __rt_lib_init_getenv_1                   0x0000014d   Thumb Code     0  libinit2.o(.ARM.Collect$$libinit$$00000023)
    __rt_lib_init_heap_1                     0x0000014d   Thumb Code     0  libinit2.o(.ARM.Collect$$libinit$$0000000A)
    __rt_lib_init_lc_collate_1               0x0000014d   Thumb Code     0  libinit2.o(.ARM.Collect$$libinit$$00000011)
    __rt_lib_init_lc_ctype_1                 0x0000014d   Thumb Code     0  libinit2.o(.ARM.Collect$$libinit$$00000013)
    __rt_lib_init_lc_monetary_1              0x0000014d   Thumb Code     0  libinit2.o(.ARM.Collect$$libinit$$00000015)
    __rt_lib_init_lc_numeric_1               0x0000014d   Thumb Code     0  libinit2.o(.ARM.Collect$$libinit$$00000017)
    __rt_lib_init_lc_time_1                  0x0000014d   Thumb Code     0  libinit2.o(.ARM.Collect$$libinit$$00000019)
    __rt_lib_init_preinit_1                  0x0000014d   Thumb Code     0  libinit2.o(.ARM.Collect$$libinit$$00000004)
    __rt_lib_init_rand_1                     0x0000014d   Thumb Code     0  libinit2.o(.ARM.Collect$$libinit$$0000000E)
    __rt_lib_init_return                     0x0000014d   Thumb Code     0  libinit2.o(.ARM.Collect$$libinit$$00000033)
    __rt_lib_init_signal_1                   0x0000014d   Thumb Code     0  libinit2.o(.ARM.Collect$$libinit$$0000001D)
    __rt_lib_init_stdio_1                    0x0000014d   Thumb Code     0  libinit2.o(.ARM.Collect$$libinit$$00000025)
    __rt_lib_init_user_alloc_1               0x0000014d   Thumb Code     0  libinit2.o(.ARM.Collect$$libinit$$0000000C)
    __rt_lib_shutdown                        0x0000014f   Thumb Code     0  libshutdown.o(.ARM.Collect$$libshutdown$$00000000)
    __rt_lib_shutdown_cpp_1                  0x00000151   Thumb Code     0  libshutdown2.o(.ARM.Collect$$libshutdown$$00000002)
    __rt_lib_shutdown_fp_trap_1              0x00000151   Thumb Code     0  libshutdown2.o(.ARM.Collect$$libshutdown$$00000007)
    __rt_lib_shutdown_heap_1                 0x00000151   Thumb Code     0  libshutdown2.o(.ARM.Collect$$libshutdown$$0000000F)
    __rt_lib_shutdown_return                 0x00000151   Thumb Code     0  libshutdown2.o(.ARM.Collect$$libshutdown$$00000010)
    __rt_lib_shutdown_signal_1               0x00000151   Thumb Code     0  libshutdown2.o(.ARM.Collect$$libshutdown$$0000000A)
    __rt_lib_shutdown_stdio_1                0x00000151   Thumb Code     0  libshutdown2.o(.ARM.Collect$$libshutdown$$00000004)
    __rt_lib_shutdown_user_alloc_1           0x00000151   Thumb Code     0  libshutdown2.o(.ARM.Collect$$libshutdown$$0000000C)
    __rt_entry                               0x00000153   Thumb Code     0  __rtentry.o(.ARM.Collect$$rtentry$$00000000)
    __rt_entry_presh_1                       0x00000153   Thumb Code     0  __rtentry2.o(.ARM.Collect$$rtentry$$00000002)
    __rt_entry_sh                            0x00000153   Thumb Code     0  __rtentry4.o(.ARM.Collect$$rtentry$$00000004)
    __rt_entry_li                            0x00000159   Thumb Code     0  __rtentry2.o(.ARM.Collect$$rtentry$$0000000A)
    __rt_entry_postsh_1                      0x00000159   Thumb Code     0  __rtentry2.o(.ARM.Collect$$rtentry$$00000009)
    __rt_entry_main                          0x0000015d   Thumb Code     0  __rtentry2.o(.ARM.Collect$$rtentry$$0000000D)
    __rt_entry_postli_1                      0x0000015d   Thumb Code     0  __rtentry2.o(.ARM.Collect$$rtentry$$0000000C)
    __rt_exit                                0x00000165   Thumb Code     0  rtexit.o(.ARM.Collect$$rtexit$$00000000)
    __rt_exit_ls                             0x00000167   Thumb Code     0  rtexit2.o(.ARM.Collect$$rtexit$$00000003)
    __rt_exit_prels_1                        0x00000167   Thumb Code     0  rtexit2.o(.ARM.Collect$$rtexit$$00000002)
    __rt_exit_exit                           0x0000016b   Thumb Code     0  rtexit2.o(.ARM.Collect$$rtexit$$00000004)
    vPortSVCHandler                          0x00000171   Thumb Code    32  port.o(.emb_text)
    __asm___6_port_c_39a90d8d__prvStartFirstTask 0x00000195   Thumb Code    28  port.o(.emb_text)
    xPortPendSVHandler                       0x000001b5   Thumb Code    72  port.o(.emb_text)
    vPortGetIPSR                             0x00000201   Thumb Code     6  port.o(.emb_text)
    Reset_Handler                            0x00000209   Thumb Code     4  startup_mps_cm3.o(.text)
    NMI_Handler                              0x0000020d   Thumb Code     2  startup_mps_cm3.o(.text)
    HardFault_Handler                        0x0000020f   Thumb Code     2  startup_mps_cm3.o(.text)
    MemManage_Handler                        0x00000211   Thumb Code     2  startup_mps_cm3.o(.text)
    BusFault_Handler                         0x00000213   Thumb Code     2  startup_mps_cm3.o(.text)
    UsageFault_Handler                       0x00000215   Thumb Code     2  startup_mps_cm3.o(.text)
    SVC_Handler                              0x00000217   Thumb Code     2  startup_mps_cm3.o(.text)
    DebugMon_Handler                         0x00000219   Thumb Code     2  startup_mps_cm3.o(.text)
    PendSV_Handler                           0x0000021b   Thumb Code     2  startup_mps_cm3.o(.text)
    SysTick_Handler                          0x0000021d   Thumb Code     2  startup_mps_cm3.o(.text)
    ADC_IRQHandler                           0x0000021f   Thumb Code     0  startup_mps_cm3.o(.text)
    BOD_IRQHandler                           0x0000021f   Thumb Code     0  startup_mps_cm3.o(.text)
    CANActivity_IRQHandler                   0x0000021f   Thumb Code     0  startup_mps_cm3.o(.text)
    CAN_IRQHandler                           0x0000021f   Thumb Code     0  startup_mps_cm3.o(.text)
    DMA_IRQHandler                           0x0000021f   Thumb Code     0  startup_mps_cm3.o(.text)
    EINT0_IRQHandler                         0x0000021f   Thumb Code     0  startup_mps_cm3.o(.text)
    EINT1_IRQHandler                         0x0000021f   Thumb Code     0  startup_mps_cm3.o(.text)
    EINT2_IRQHandler                         0x0000021f   Thumb Code     0  startup_mps_cm3.o(.text)
    EINT3_IRQHandler                         0x0000021f   Thumb Code     0  startup_mps_cm3.o(.text)
    I2C0_IRQHandler                          0x0000021f   Thumb Code     0  startup_mps_cm3.o(.text)
    I2C1_IRQHandler                          0x0000021f   Thumb Code     0  startup_mps_cm3.o(.text)
    I2C2_IRQHandler                          0x0000021f   Thumb Code     0  startup_mps_cm3.o(.text)
    I2S_IRQHandler                           0x0000021f   Thumb Code     0  startup_mps_cm3.o(.text)
    MCPWM_IRQHandler                         0x0000021f   Thumb Code     0  startup_mps_cm3.o(.text)
    PLL0_IRQHandler                          0x0000021f   Thumb Code     0  startup_mps_cm3.o(.text)
    PLL1_IRQHandler                          0x0000021f   Thumb Code     0  startup_mps_cm3.o(.text)
    PWM1_IRQHandler                          0x0000021f   Thumb Code     0  startup_mps_cm3.o(.text)
    QEI_IRQHandler                           0x0000021f   Thumb Code     0  startup_mps_cm3.o(.text)
    RIT_IRQHandler                           0x0000021f   Thumb Code     0  startup_mps_cm3.o(.text)
    RTC_IRQHandler                           0x0000021f   Thumb Code     0  startup_mps_cm3.o(.text)
    SPI_IRQHandler                           0x0000021f   Thumb Code     0  startup_mps_cm3.o(.text)
    SSP0_IRQHandler                          0x0000021f   Thumb Code     0  startup_mps_cm3.o(.text)
    SSP1_IRQHandler                          0x0000021f   Thumb Code     0  startup_mps_cm3.o(.text)
    TIMER0_IRQHandler                        0x0000021f   Thumb Code     0  startup_mps_cm3.o(.text)
    TIMER1_IRQHandler                        0x0000021f   Thumb Code     0  startup_mps_cm3.o(.text)
    TIMER2_IRQHandler                        0x0000021f   Thumb Code     0  startup_mps_cm3.o(.text)
    TIMER3_IRQHandler                        0x0000021f   Thumb Code     0  startup_mps_cm3.o(.text)
    UART0_IRQHandler                         0x0000021f   Thumb Code     0  startup_mps_cm3.o(.text)
    UART1_IRQHandler                         0x0000021f   Thumb Code     0  startup_mps_cm3.o(.text)
    UART2_IRQHandler                         0x0000021f   Thumb Code     0  startup_mps_cm3.o(.text)
    UART3_IRQHandler                         0x0000021f   Thumb Code     0  startup_mps_cm3.o(.text)
    USBActivity_IRQHandler                   0x0000021f   Thumb Code     0  startup_mps_cm3.o(.text)
    USB_IRQHandler                           0x0000021f   Thumb Code     0  startup_mps_cm3.o(.text)
    WDT_IRQHandler                           0x0000021f   Thumb Code     0  startup_mps_cm3.o(.text)
    __user_initial_stackheap                 0x00000221   Thumb Code     0  startup_mps_cm3.o(.text)
    __aeabi_uldivmod                         0x0000023d   Thumb Code     0  lludivv7m.o(.text)
    _ll_udiv                                 0x0000023d   Thumb Code   238  lludivv7m.o(.text)
    __2sprintf                               0x0000032d   Thumb Code    34  noretval__2sprintf.o(.text)
    __printf                                 0x00000355   Thumb Code   104  __printf.o(.text)
    _printf_int_dec                          0x000003bd   Thumb Code   104  _printf_dec.o(.text)
    memcmp                                   0x00000435   Thumb Code    88  memcmp.o(.text)
    strlen                                   0x0000048d   Thumb Code    62  strlen.o(.text)
    __aeabi_memcpy                           0x000004cb   Thumb Code     0  rt_memcpy_v6.o(.text)
    __rt_memcpy                              0x000004cb   Thumb Code   138  rt_memcpy_v6.o(.text)
    _memcpy_lastbytes                        0x00000531   Thumb Code     0  rt_memcpy_v6.o(.text)
    __aeabi_memmove                          0x00000555   Thumb Code     0  rt_memmove_v6.o(.text)
    __rt_memmove                             0x00000555   Thumb Code   132  rt_memmove_v6.o(.text)
    __memmove_lastfew                        0x000005b5   Thumb Code     0  rt_memmove_v6.o(.text)
    __aeabi_memcpy4                          0x000005d9   Thumb Code     0  rt_memcpy_w.o(.text)
    __aeabi_memcpy8                          0x000005d9   Thumb Code     0  rt_memcpy_w.o(.text)
    __rt_memcpy_w                            0x000005d9   Thumb Code   100  rt_memcpy_w.o(.text)
    _memcpy_lastbytes_aligned                0x00000621   Thumb Code     0  rt_memcpy_w.o(.text)
    __aeabi_memset                           0x0000063d   Thumb Code    16  aeabi_memset.o(.text)
    __aeabi_memclr                           0x0000064d   Thumb Code     0  rt_memclr.o(.text)
    __rt_memclr                              0x0000064d   Thumb Code    68  rt_memclr.o(.text)
    _memset                                  0x00000651   Thumb Code     0  rt_memclr.o(.text)
    __aeabi_memclr4                          0x00000691   Thumb Code     0  rt_memclr_w.o(.text)
    __aeabi_memclr8                          0x00000691   Thumb Code     0  rt_memclr_w.o(.text)
    __rt_memclr_w                            0x00000691   Thumb Code    78  rt_memclr_w.o(.text)
    _memset_w                                0x00000695   Thumb Code     0  rt_memclr_w.o(.text)
    __use_two_region_memory                  0x000006df   Thumb Code     2  heapauxi.o(.text)
    __rt_heap_escrow$2region                 0x000006e1   Thumb Code     2  heapauxi.o(.text)
    __rt_heap_expand$2region                 0x000006e3   Thumb Code     2  heapauxi.o(.text)
    _printf_int_common                       0x000006e5   Thumb Code   178  _printf_intcommon.o(.text)
    _printf_char_common                      0x000007a3   Thumb Code    32  _printf_char_common.o(.text)
    _sputc                                   0x000007c9   Thumb Code    10  _sputc.o(.text)
    __aeabi_memmove4                         0x000007d3   Thumb Code     0  rt_memmove_w.o(.text)
    __aeabi_memmove8                         0x000007d3   Thumb Code     0  rt_memmove_w.o(.text)
    __rt_memmove_w                           0x000007d3   Thumb Code   122  rt_memmove_w.o(.text)
    __memmove_aligned                        0x000007f9   Thumb Code     0  rt_memmove_w.o(.text)
    __memmove_lastfew_aligned                0x00000831   Thumb Code     0  rt_memmove_w.o(.text)
    __user_setup_stackheap                   0x0000084d   Thumb Code    74  sys_stackheap_outer.o(.text)
    exit                                     0x00000897   Thumb Code    18  exit.o(.text)
    __user_libspace                          0x000008a9   Thumb Code     8  libspace.o(.text)
    __user_perproc_libspace                  0x000008a9   Thumb Code     0  libspace.o(.text)
    __user_perthread_libspace                0x000008a9   Thumb Code     0  libspace.o(.text)
    _sys_exit                                0x000008b1   Thumb Code     8  sys_exit.o(.text)
    __I$use$semihosting                      0x000008bd   Thumb Code     0  use_no_semi.o(.text)
    __use_no_semihosting_swi                 0x000008bd   Thumb Code     2  use_no_semi.o(.text)
    __semihosting_library_function           0x000008bf   Thumb Code     0  indicate_semi.o(.text)
    ADC_ChannelCmd                           0x000008c1   Thumb Code    46  lpc17xx_adc.o(i.ADC_ChannelCmd)
    ADC_ChannelGetData                       0x00000915   Thumb Code    38  lpc17xx_adc.o(i.ADC_ChannelGetData)
    ADC_ChannelGetStatus                     0x00000961   Thumb Code    72  lpc17xx_adc.o(i.ADC_ChannelGetStatus)
    ADC_Init                                 0x000009cd   Thumb Code    86  lpc17xx_adc.o(i.ADC_Init)
    ADC_StartCmd                             0x00000a4d   Thumb Code    84  lpc17xx_adc.o(i.ADC_StartCmd)
    CLKPWR_ConfigPPWR                        0x00000ac5   Thumb Code    40  lpc17xx_clkpwr.o(i.CLKPWR_ConfigPPWR)
    CLKPWR_GetPCLK                           0x00000af5   Thumb Code    54  lpc17xx_clkpwr.o(i.CLKPWR_GetPCLK)
    EMAC_CheckReceiveDataStatus              0x00000b35   Thumb Code    24  lpc17xx_emac.o(i.EMAC_CheckReceiveDataStatus)
    EMAC_CheckReceiveIndex                   0x00000b55   Thumb Code    24  lpc17xx_emac.o(i.EMAC_CheckReceiveIndex)
    EMAC_CheckTransmitIndex                  0x00000b71   Thumb Code    26  lpc17xx_emac.o(i.EMAC_CheckTransmitIndex)
    EMAC_GetReceiveDataSize                  0x00000b91   Thumb Code    16  lpc17xx_emac.o(i.EMAC_GetReceiveDataSize)
    EMAC_Init                                0x00000ba9   Thumb Code   290  lpc17xx_emac.o(i.EMAC_Init)
    EMAC_ReadPacketBuffer                    0x00000ce5   Thumb Code    38  lpc17xx_emac.o(i.EMAC_ReadPacketBuffer)
    EMAC_SetPHYMode                          0x00000d15   Thumb Code   184  lpc17xx_emac.o(i.EMAC_SetPHYMode)
    EMAC_UpdatePHYStatus                     0x00000dd1   Thumb Code   118  lpc17xx_emac.o(i.EMAC_UpdatePHYStatus)
    EMAC_UpdateRxConsumeIndex                0x00000e4d   Thumb Code    20  lpc17xx_emac.o(i.EMAC_UpdateRxConsumeIndex)
    EMAC_UpdateTxProduceIndex                0x00000e65   Thumb Code    20  lpc17xx_emac.o(i.EMAC_UpdateTxProduceIndex)
    EMAC_WritePacketBuffer                   0x00000e7d   Thumb Code    50  lpc17xx_emac.o(i.EMAC_WritePacketBuffer)
    ENET_IRQHandler                          0x00000eb9   Thumb Code    80  networkhal.o(i.ENET_IRQHandler)
    FreeRTOS_IPInit                          0x00000f15   Thumb Code   254  freertos_ip.o(i.FreeRTOS_IPInit)
    FreeRTOS_NetworkDown                     0x00001035   Thumb Code    32  freertos_ip.o(i.FreeRTOS_NetworkDown)
    FreeRTOS_OutputARPRequest                0x0000105d   Thumb Code    34  freertos_arp.o(i.FreeRTOS_OutputARPRequest)
    FreeRTOS_bind                            0x0000107f   Thumb Code   126  freertos_sockets.o(i.FreeRTOS_bind)
    FreeRTOS_closesocket                     0x000010fd   Thumb Code    48  freertos_sockets.o(i.FreeRTOS_closesocket)
    FreeRTOS_outstanding                     0x0000112d   Thumb Code    40  freertos_sockets.o(i.FreeRTOS_outstanding)
    FreeRTOS_recvfrom                        0x00001155   Thumb Code   230  freertos_sockets.o(i.FreeRTOS_recvfrom)
    FreeRTOS_sendto                          0x0000123d   Thumb Code   210  freertos_sockets.o(i.FreeRTOS_sendto)
    FreeRTOS_setsockopt                      0x00001315   Thumb Code   524  freertos_sockets.o(i.FreeRTOS_setsockopt)
    FreeRTOS_socket                          0x00001521   Thumb Code   150  freertos_sockets.o(i.FreeRTOS_socket)
    GPIO_ClearValue                          0x000015b9   Thumb Code    38  lpc17xx_gpio.o(i.GPIO_ClearValue)
    GPIO_ReadValue                           0x000015f5   Thumb Code    40  lpc17xx_gpio.o(i.GPIO_ReadValue)
    GPIO_SetDir                              0x00001631   Thumb Code    50  lpc17xx_gpio.o(i.GPIO_SetDir)
    GPIO_SetValue                            0x00001679   Thumb Code    38  lpc17xx_gpio.o(i.GPIO_SetValue)
    PINSEL_ConfigPin                         0x00001749   Thumb Code   128  lpc17xx_pinsel.o(i.PINSEL_ConfigPin)
    SystemCoreClockUpdate                    0x000017f5   Thumb Code   300  system_lpc17xx.o(i.SystemCoreClockUpdate)
    SystemInit                               0x00001931   Thumb Code   298  system_lpc17xx.o(i.SystemInit)
    UART_ConfigStructInit                    0x00001a71   Thumb Code    18  lpc17xx_uart.o(i.UART_ConfigStructInit)
    UART_FIFOConfigStructInit                0x00001a83   Thumb Code    14  lpc17xx_uart.o(i.UART_FIFOConfigStructInit)
    UART_Init                                0x00001a91   Thumb Code   726  lpc17xx_uart.o(i.UART_Init)
    UART_Send                                0x00001d99   Thumb Code   250  lpc17xx_uart.o(i.UART_Send)
    UART_TxCmd                               0x00001ea1   Thumb Code   100  lpc17xx_uart.o(i.UART_TxCmd)
    check_failed                             0x00001f55   Thumb Code     2  lpc17xx_libcfg_default.o(i.check_failed)
    eARPGetCacheEntry                        0x00001f59   Thumb Code   108  freertos_arp.o(i.eARPGetCacheEntry)
    eARPProcessPacket                        0x00001fd1   Thumb Code   162  freertos_arp.o(i.eARPProcessPacket)
    eConsiderFrameForProcessing              0x0000207d   Thumb Code    66  freertos_ip.o(i.eConsiderFrameForProcessing)
    lStreamBufferAdd                         0x000020c9   Thumb Code   240  freertos_stream_buffer.o(i.lStreamBufferAdd)
    lStreamBufferGet                         0x000021ef   Thumb Code   170  freertos_stream_buffer.o(i.lStreamBufferGet)
    lTCPAddRxdata                            0x000022f5   Thumb Code   122  freertos_sockets.o(i.lTCPAddRxdata)
    lTCPWindowRxCheck                        0x0000236f   Thumb Code    30  freertos_tcp_win.o(i.lTCPWindowRxCheck)
    lTCPWindowTxAdd                          0x0000238d   Thumb Code   122  freertos_tcp_win.o(i.lTCPWindowTxAdd)
    leBotoesMensagens                        0x0000240d   Thumb Code   134  main.o(i.leBotoesMensagens)
    leCanalAD                                0x0000249d   Thumb Code    88  main.o(i.leCanalAD)
    lerBotaoLed                              0x000024fd   Thumb Code    24  main.o(i.lerBotaoLed)
    main                                     0x00002519   Thumb Code   390  main.o(i.main)
    mensagemUART                             0x00002769   Thumb Code    52  main.o(i.mensagemUART)
    potenciometro                            0x000027a5   Thumb Code    38  main.o(i.potenciometro)
    pvPortMalloc                             0x000047f1   Thumb Code   318  heap_4.o(i.pvPortMalloc)
    pvTaskIncrementMutexHeldCount            0x0000493d   Thumb Code    18  tasks.o(i.pvTaskIncrementMutexHeldCount)
    pxGetNetworkBufferWithDescriptor         0x00004955   Thumb Code   112  bufferallocation_2.o(i.pxGetNetworkBufferWithDescriptor)
    pxPortInitialiseStack                    0x00004a01   Thumb Code    30  port.o(i.pxPortInitialiseStack)
    pxTCPSocketLookup                        0x00004a25   Thumb Code    80  freertos_sockets.o(i.pxTCPSocketLookup)
    pxUDPPayloadBuffer_to_NetworkBuffer      0x00004a79   Thumb Code    26  freertos_ip.o(i.pxUDPPayloadBuffer_to_NetworkBuffer)
    pxUDPSocketLookup                        0x00004a95   Thumb Code    24  freertos_sockets.o(i.pxUDPSocketLookup)
    recebeEnviaSerial                        0x00004af1   Thumb Code    62  main.o(i.recebeEnviaSerial)
    setEthernetPins                          0x00004c01   Thumb Code   362  networkhal.o(i.setEthernetPins)
    ulDNSHandlePacket                        0x00004dc9   Thumb Code    24  freertos_dns.o(i.ulDNSHandlePacket)
    ulTCPWindowTxAck                         0x00004de1   Thumb Code    82  freertos_tcp_win.o(i.ulTCPWindowTxAck)
    ulTCPWindowTxGet                         0x00004e39   Thumb Code   100  freertos_tcp_win.o(i.ulTCPWindowTxGet)
    ulTaskNotifyTake                         0x00004e9d   Thumb Code    98  tasks.o(i.ulTaskNotifyTake)
    usGenerateChecksum                       0x00004f17   Thumb Code   350  freertos_ip.o(i.usGenerateChecksum)
    usGenerateProtocolChecksum               0x00005075   Thumb Code   216  freertos_ip.o(i.usGenerateProtocolChecksum)
    uxListRemove                             0x0000514d   Thumb Code    38  list.o(i.uxListRemove)
    uxQueueMessagesWaiting                   0x00005173   Thumb Code    18  queue.o(i.uxQueueMessagesWaiting)
    uxTaskResetEventItemValue                0x00005185   Thumb Code    20  tasks.o(i.uxTaskResetEventItemValue)
    vARPAgeCache                             0x0000519d   Thumb Code   174  freertos_arp.o(i.vARPAgeCache)
    vARPGenerateRequestPacket                0x00005259   Thumb Code    62  freertos_arp.o(i.vARPGenerateRequestPacket)
    vARPRefreshCacheEntry                    0x000052a1   Thumb Code   330  freertos_arp.o(i.vARPRefreshCacheEntry)
    vApplicationGetIdleTaskMemory            0x000053f9   Thumb Code    16  freertosappstaticalloc.o(i.vApplicationGetIdleTaskMemory)
    vApplicationGetTimerTaskMemory           0x0000540d   Thumb Code    16  freertosappstaticalloc.o(i.vApplicationGetTimerTaskMemory)
    vApplicationIPNetworkEventHook           0x00005421   Thumb Code     2  main.o(i.vApplicationIPNetworkEventHook)
    vApplicationStackOverflowHook            0x00005425   Thumb Code    90  main.o(i.vApplicationStackOverflowHook)
    vEventGroupDelete                        0x00005489   Thumb Code    52  event_groups.o(i.vEventGroupDelete)
    vIPNetworkUpCalls                        0x000054bd   Thumb Code    26  freertos_ip.o(i.vIPNetworkUpCalls)
    vListInitialise                          0x000054e1   Thumb Code    22  list.o(i.vListInitialise)
    vListInitialiseItem                      0x000054f7   Thumb Code     6  list.o(i.vListInitialiseItem)
    vListInsert                              0x000054fd   Thumb Code    58  list.o(i.vListInsert)
    vListInsertEnd                           0x00005537   Thumb Code    24  list.o(i.vListInsertEnd)
    vNetworkSocketsInit                      0x00005551   Thumb Code    38  freertos_sockets.o(i.vNetworkSocketsInit)
    vPortEnterCritical                       0x00005589   Thumb Code    24  port.o(i.vPortEnterCritical)
    vPortExitCritical                        0x000055a5   Thumb Code    20  port.o(i.vPortExitCritical)
    vPortFree                                0x000055bd   Thumb Code   134  heap_4.o(i.vPortFree)
    vPortSetupTimerInterrupt                 0x0000564d   Thumb Code    32  port.o(i.vPortSetupTimerInterrupt)
    vProcessGeneratedUDPPacket               0x00005671   Thumb Code   214  freertos_udp_ip.o(i.vProcessGeneratedUDPPacket)
    vQueueDelete                             0x0000574d   Thumb Code    14  queue.o(i.vQueueDelete)
    vQueueWaitForMessageRestricted           0x0000575b   Thumb Code    74  queue.o(i.vQueueWaitForMessageRestricted)
    vReleaseNetworkBuffer                    0x000057a5   Thumb Code    16  bufferallocation_2.o(i.vReleaseNetworkBuffer)
    vReleaseNetworkBufferAndDescriptor       0x000057b5   Thumb Code    66  bufferallocation_2.o(i.vReleaseNetworkBufferAndDescriptor)
    vReturnEthernetFrame                     0x00005801   Thumb Code    40  freertos_ip.o(i.vReturnEthernetFrame)
    vSocketBind                              0x0000582d   Thumb Code   126  freertos_sockets.o(i.vSocketBind)
    vSocketClose                             0x000058b5   Thumb Code   110  freertos_sockets.o(i.vSocketClose)
    vTCPStateChange                          0x00005923   Thumb Code   216  freertos_tcp_ip.o(i.vTCPStateChange)
    vTCPWindowCreate                         0x00005a09   Thumb Code    46  freertos_tcp_win.o(i.vTCPWindowCreate)
    vTCPWindowInit                           0x00005a3d   Thumb Code    90  freertos_tcp_win.o(i.vTCPWindowInit)
    vTaskDelay                               0x00005a99   Thumb Code    46  tasks.o(i.vTaskDelay)
    vTaskInternalSetTimeOutState             0x00005ad1   Thumb Code    12  tasks.o(i.vTaskInternalSetTimeOutState)
    vTaskMissedYield                         0x00005ae1   Thumb Code     8  tasks.o(i.vTaskMissedYield)
    vTaskPlaceOnEventList                    0x00005aed   Thumb Code    28  tasks.o(i.vTaskPlaceOnEventList)
    vTaskPlaceOnEventListRestricted          0x00005b0d   Thumb Code    42  tasks.o(i.vTaskPlaceOnEventListRestricted)
    vTaskPlaceOnUnorderedEventList           0x00005b3d   Thumb Code    44  tasks.o(i.vTaskPlaceOnUnorderedEventList)
    vTaskPriorityDisinheritAfterTimeout      0x00005b6d   Thumb Code   122  tasks.o(i.vTaskPriorityDisinheritAfterTimeout)
    vTaskRemoveFromUnorderedEventList        0x00005bf1   Thumb Code    66  tasks.o(i.vTaskRemoveFromUnorderedEventList)
    vTaskRetornoLed2                         0x00005c3d   Thumb Code    44  main.o(i.vTaskRetornoLed2)
    vTaskSetTimeOutState                     0x00005c69   Thumb Code    26  tasks.o(i.vTaskSetTimeOutState)
    vTaskStartScheduler                      0x00005c89   Thumb Code   248  tasks.o(i.vTaskStartScheduler)
    vTaskSuspend                             0x00005d91   Thumb Code   290  tasks.o(i.vTaskSuspend)
    vTaskSuspendAll                          0x00005ec5   Thumb Code    10  tasks.o(i.vTaskSuspendAll)
    vTaskSwitchContext                       0x00005ed5   Thumb Code   112  tasks.o(i.vTaskSwitchContext)
    vWakeUpSocketUser                        0x00005fc9   Thumb Code    26  freertos_sockets.o(i.vWakeUpSocketUser)
    xEventGroupCreate                        0x00006019   Thumb Code    28  event_groups.o(i.xEventGroupCreate)
    xEventGroupSetBits                       0x00006035   Thumb Code   108  event_groups.o(i.xEventGroupSetBits)
    xEventGroupWaitBits                      0x000060a1   Thumb Code   182  event_groups.o(i.xEventGroupWaitBits)
    xIPIsNetworkTaskReady                    0x0000615d   Thumb Code     6  freertos_ip.o(i.xIPIsNetworkTaskReady)
    xIsCallingFromIPTask                     0x00006169   Thumb Code    24  freertos_ip.o(i.xIsCallingFromIPTask)
    xNetworkBuffersInitialise                0x00006185   Thumb Code   126  bufferallocation_2.o(i.xNetworkBuffersInitialise)
    xNetworkInterfaceInitialise              0x00006215   Thumb Code    20  networkhal.o(i.xNetworkInterfaceInitialise)
    xNetworkInterfaceOutput                  0x00006229   Thumb Code    26  networkhal.o(i.xNetworkInterfaceOutput)
    xPortStartScheduler                      0x00006245   Thumb Code    38  port.o(i.xPortStartScheduler)
    xPortSysTickHandler                      0x00006275   Thumb Code    38  port.o(i.xPortSysTickHandler)
    xProcessReceivedTCPPacket                0x000062a1   Thumb Code   358  freertos_tcp_ip.o(i.xProcessReceivedTCPPacket)
    xProcessReceivedUDPPacket                0x00006407   Thumb Code   126  freertos_udp_ip.o(i.xProcessReceivedUDPPacket)
    xQueueCreateCountingSemaphore            0x00006485   Thumb Code    20  queue.o(i.xQueueCreateCountingSemaphore)
    xQueueCreateMutex                        0x00006499   Thumb Code    36  queue.o(i.xQueueCreateMutex)
    xQueueGenericCreate                      0x000064bd   Thumb Code   112  queue.o(i.xQueueGenericCreate)
    xQueueGenericCreateStatic                0x0000652d   Thumb Code    98  queue.o(i.xQueueGenericCreateStatic)
    xQueueGenericSend                        0x00006591   Thumb Code   364  queue.o(i.xQueueGenericSend)
    xQueueGenericSendFromISR                 0x00006701   Thumb Code   200  queue.o(i.xQueueGenericSendFromISR)
    xQueueGiveFromISR                        0x000067c9   Thumb Code    84  queue.o(i.xQueueGiveFromISR)
    xQueueReceive                            0x0000681d   Thumb Code   272  queue.o(i.xQueueReceive)
    xQueueSemaphoreTake                      0x00006931   Thumb Code   322  queue.o(i.xQueueSemaphoreTake)
    xSendEventStructToIPTask                 0x00006a79   Thumb Code   132  freertos_ip.o(i.xSendEventStructToIPTask)
    xSendEventToIPTask                       0x00006b09   Thumb Code    24  freertos_ip.o(i.xSendEventToIPTask)
    xTCPCheckNewClient                       0x00006b21   Thumb Code    76  freertos_tcp_ip.o(i.xTCPCheckNewClient)
    xTCPSocketCheck                          0x00006b71   Thumb Code    68  freertos_tcp_ip.o(i.xTCPSocketCheck)
    xTCPTimerCheck                           0x00006bb5   Thumb Code   146  freertos_sockets.o(i.xTCPTimerCheck)
    xTCPWindowRxEmpty                        0x00006c55   Thumb Code    16  freertos_tcp_win.o(i.xTCPWindowRxEmpty)
    xTCPWindowTxDone                         0x00006c65   Thumb Code    14  freertos_tcp_win.o(i.xTCPWindowTxDone)
    xTCPWindowTxHasData                      0x00006c73   Thumb Code    96  freertos_tcp_win.o(i.xTCPWindowTxHasData)
    xTaskCheckForTimeOut                     0x00006cd5   Thumb Code    88  tasks.o(i.xTaskCheckForTimeOut)
    xTaskCreate                              0x00006d31   Thumb Code   194  tasks.o(i.xTaskCreate)
    xTaskCreateStatic                        0x00006df3   Thumb Code   186  tasks.o(i.xTaskCreateStatic)
    xTaskGenericNotify                       0x00006ead   Thumb Code   152  tasks.o(i.xTaskGenericNotify)
    xTaskGetCurrentTaskHandle                0x00006f51   Thumb Code     6  tasks.o(i.xTaskGetCurrentTaskHandle)
    xTaskGetSchedulerState                   0x00006f5d   Thumb Code    24  tasks.o(i.xTaskGetSchedulerState)
    xTaskGetTickCount                        0x00006f79   Thumb Code     6  tasks.o(i.xTaskGetTickCount)
    xTaskIncrementTick                       0x00006f85   Thumb Code   204  tasks.o(i.xTaskIncrementTick)
    xTaskPriorityDisinherit                  0x00007059   Thumb Code   114  tasks.o(i.xTaskPriorityDisinherit)
    xTaskPriorityInherit                     0x000070d5   Thumb Code   136  tasks.o(i.xTaskPriorityInherit)
    xTaskRemoveFromEventList                 0x00007165   Thumb Code    86  tasks.o(i.xTaskRemoveFromEventList)
    xTaskResumeAll                           0x000071c9   Thumb Code   388  tasks.o(i.xTaskResumeAll)
    xTimerCreate                             0x00007359   Thumb Code   128  timers.o(i.xTimerCreate)
    xTimerCreateTimerTask                    0x000073e5   Thumb Code   118  timers.o(i.xTimerCreateTimerTask)
    xTimerGenericCommand                     0x00007475   Thumb Code    94  timers.o(i.xTimerGenericCommand)
    xBroadcastMACAddress                     0x000074dc   Data           6  freertos_ip.o(.constdata)
    xBufferAllocFixedSize                    0x00007524   Data           4  bufferallocation_2.o(.constdata)
    EMAC_clkdiv                              0x00007528   Data          10  lpc17xx_emac.o(.constdata)
    Region$$Table$$Base                      0x00007534   Number         0  anon$$obj.o(Region$$Table)
    Region$$Table$$Limit                     0x00007564   Number         0  anon$$obj.o(Region$$Table)
    ucMACAddress                             0x2007c020   Data           6  main.o(.data)
    xTaskHandleBotao                         0x2007c028   Data           4  main.o(.data)
    xSemaphoreBotao1                         0x2007c02c   Data           4  main.o(.data)
    xSemaphoreBotao2                         0x2007c030   Data           4  main.o(.data)
    SystemCoreClock                          0x2007c034   Data           4  system_lpc17xx.o(.data)
    pxCurrentTCB                             0x2007c03c   Data           4  tasks.o(.data)
    xNetworkEventQueue                       0x2007c08c   Data           4  freertos_ip.o(.data)
    uxRxEventCount                           0x2007c090   Data           4  freertos_ip.o(.data)
    usPacketIdentifier                       0x2007c094   Data           2  freertos_ip.o(.data)
    ulNextInitialSequenceNumber              0x2007c0e0   Data           4  freertos_tcp_ip.o(.data)
    xTCPWindowLoggingLevel                   0x2007c0e4   Data           4  freertos_tcp_win.o(.data)
    xDefaultPartUDPPacketHeader              0x2007c0e8   Data          24  freertos_udp_ip.o(.data)
    xEMACRxEventSemaphore                    0x2007c108   Data           4  networkhal.o(.data)
    xNetworkAddressing                       0x2007cb64   Data          20  freertos_ip.o(.bss)
    xDefaultAddressing                       0x2007cb78   Data          20  freertos_ip.o(.bss)
    xBoundUdpSocketsList                     0x2007cbb4   Data          20  freertos_sockets.o(.bss)
    xBoundTcpSocketsList                     0x2007cbc8   Data          20  freertos_sockets.o(.bss)
    __libspace_start                         0x2007e814   Data          96  libspace.o(.bss)
    __temporary_stack_top$libspace           0x2007e874   Data           0  libspace.o(.bss)



==============================================================================

Memory Map of the image

  Image Entry point : 0x000000cd

  Load Region LR_IROM1 (Base: 0x00000000, Size: 0x00007670, Max: 0x00080000, ABSOLUTE)

    Execution Region ER_IROM1 (Exec base: 0x00000000, Load base: 0x00000000, Size: 0x00007564, Max: 0x00080000, ABSOLUTE)

    Exec Addr    Load Addr    Size         Type   Attr      Idx    E Section Name        Object

    0x00000000   0x00000000   0x000000cc   Data   RO          320    RESET               startup_mps_cm3.o
    0x000000cc   0x000000cc   0x00000008   Code   RO         3280  * !!!main             c_w.l(__main.o)
    0x000000d4   0x000000d4   0x00000034   Code   RO         3460    !!!scatter          c_w.l(__scatter.o)
    0x00000108   0x00000108   0x0000001a   Code   RO         3462    !!handler_copy      c_w.l(__scatter_copy.o)
    0x00000122   0x00000122   0x00000002   PAD
    0x00000124   0x00000124   0x0000001c   Code   RO         3464    !!handler_zi        c_w.l(__scatter_zi.o)
    0x00000140   0x00000140   0x00000000   Code   RO         3259    .ARM.Collect$$_printf_percent$$00000000  c_w.l(_printf_percent.o)
    0x00000140   0x00000140   0x00000006   Code   RO         3258    .ARM.Collect$$_printf_percent$$0000000A  c_w.l(_printf_u.o)
    0x00000146   0x00000146   0x00000004   Code   RO         3295    .ARM.Collect$$_printf_percent$$00000017  c_w.l(_printf_percent_end.o)
    0x0000014a   0x0000014a   0x00000002   Code   RO         3330    .ARM.Collect$$libinit$$00000000  c_w.l(libinit.o)
    0x0000014c   0x0000014c   0x00000000   Code   RO         3343    .ARM.Collect$$libinit$$00000002  c_w.l(libinit2.o)
    0x0000014c   0x0000014c   0x00000000   Code   RO         3345    .ARM.Collect$$libinit$$00000004  c_w.l(libinit2.o)
    0x0000014c   0x0000014c   0x00000000   Code   RO         3348    .ARM.Collect$$libinit$$0000000A  c_w.l(libinit2.o)
    0x0000014c   0x0000014c   0x00000000   Code   RO         3350    .ARM.Collect$$libinit$$0000000C  c_w.l(libinit2.o)
    0x0000014c   0x0000014c   0x00000000   Code   RO         3352    .ARM.Collect$$libinit$$0000000E  c_w.l(libinit2.o)
    0x0000014c   0x0000014c   0x00000000   Code   RO         3355    .ARM.Collect$$libinit$$00000011  c_w.l(libinit2.o)
    0x0000014c   0x0000014c   0x00000000   Code   RO         3357    .ARM.Collect$$libinit$$00000013  c_w.l(libinit2.o)
    0x0000014c   0x0000014c   0x00000000   Code   RO         3359    .ARM.Collect$$libinit$$00000015  c_w.l(libinit2.o)
    0x0000014c   0x0000014c   0x00000000   Code   RO         3361    .ARM.Collect$$libinit$$00000017  c_w.l(libinit2.o)
    0x0000014c   0x0000014c   0x00000000   Code   RO         3363    .ARM.Collect$$libinit$$00000019  c_w.l(libinit2.o)
    0x0000014c   0x0000014c   0x00000000   Code   RO         3365    .ARM.Collect$$libinit$$0000001B  c_w.l(libinit2.o)
    0x0000014c   0x0000014c   0x00000000   Code   RO         3367    .ARM.Collect$$libinit$$0000001D  c_w.l(libinit2.o)
    0x0000014c   0x0000014c   0x00000000   Code   RO         3369    .ARM.Collect$$libinit$$0000001F  c_w.l(libinit2.o)
    0x0000014c   0x0000014c   0x00000000   Code   RO         3371    .ARM.Collect$$libinit$$00000021  c_w.l(libinit2.o)
    0x0000014c   0x0000014c   0x00000000   Code   RO         3373    .ARM.Collect$$libinit$$00000023  c_w.l(libinit2.o)
    0x0000014c   0x0000014c   0x00000000   Code   RO         3375    .ARM.Collect$$libinit$$00000025  c_w.l(libinit2.o)
    0x0000014c   0x0000014c   0x00000000   Code   RO         3379    .ARM.Collect$$libinit$$0000002C  c_w.l(libinit2.o)
    0x0000014c   0x0000014c   0x00000000   Code   RO         3381    .ARM.Collect$$libinit$$0000002E  c_w.l(libinit2.o)
    0x0000014c   0x0000014c   0x00000000   Code   RO         3383    .ARM.Collect$$libinit$$00000030  c_w.l(libinit2.o)
    0x0000014c   0x0000014c   0x00000000   Code   RO         3385    .ARM.Collect$$libinit$$00000032  c_w.l(libinit2.o)
    0x0000014c   0x0000014c   0x00000002   Code   RO         3386    .ARM.Collect$$libinit$$00000033  c_w.l(libinit2.o)
    0x0000014e   0x0000014e   0x00000002   Code   RO         3417    .ARM.Collect$$libshutdown$$00000000  c_w.l(libshutdown.o)
    0x00000150   0x00000150   0x00000000   Code   RO         3443    .ARM.Collect$$libshutdown$$00000002  c_w.l(libshutdown2.o)
    0x00000150   0x00000150   0x00000000   Code   RO         3445    .ARM.Collect$$libshutdown$$00000004  c_w.l(libshutdown2.o)
    0x00000150   0x00000150   0x00000000   Code   RO         3448    .ARM.Collect$$libshutdown$$00000007  c_w.l(libshutdown2.o)
    0x00000150   0x00000150   0x00000000   Code   RO         3451    .ARM.Collect$$libshutdown$$0000000A  c_w.l(libshutdown2.o)
    0x00000150   0x00000150   0x00000000   Code   RO         3453    .ARM.Collect$$libshutdown$$0000000C  c_w.l(libshutdown2.o)
    0x00000150   0x00000150   0x00000000   Code   RO         3456    .ARM.Collect$$libshutdown$$0000000F  c_w.l(libshutdown2.o)
    0x00000150   0x00000150   0x00000002   Code   RO         3457    .ARM.Collect$$libshutdown$$00000010  c_w.l(libshutdown2.o)
    0x00000152   0x00000152   0x00000000   Code   RO         3282    .ARM.Collect$$rtentry$$00000000  c_w.l(__rtentry.o)
    0x00000152   0x00000152   0x00000000   Code   RO         3299    .ARM.Collect$$rtentry$$00000002  c_w.l(__rtentry2.o)
    0x00000152   0x00000152   0x00000006   Code   RO         3311    .ARM.Collect$$rtentry$$00000004  c_w.l(__rtentry4.o)
    0x00000158   0x00000158   0x00000000   Code   RO         3301    .ARM.Collect$$rtentry$$00000009  c_w.l(__rtentry2.o)
    0x00000158   0x00000158   0x00000004   Code   RO         3302    .ARM.Collect$$rtentry$$0000000A  c_w.l(__rtentry2.o)
    0x0000015c   0x0000015c   0x00000000   Code   RO         3304    .ARM.Collect$$rtentry$$0000000C  c_w.l(__rtentry2.o)
    0x0000015c   0x0000015c   0x00000008   Code   RO         3305    .ARM.Collect$$rtentry$$0000000D  c_w.l(__rtentry2.o)
    0x00000164   0x00000164   0x00000002   Code   RO         3334    .ARM.Collect$$rtexit$$00000000  c_w.l(rtexit.o)
    0x00000166   0x00000166   0x00000000   Code   RO         3390    .ARM.Collect$$rtexit$$00000002  c_w.l(rtexit2.o)
    0x00000166   0x00000166   0x00000004   Code   RO         3391    .ARM.Collect$$rtexit$$00000003  c_w.l(rtexit2.o)
    0x0000016a   0x0000016a   0x00000006   Code   RO         3392    .ARM.Collect$$rtexit$$00000004  c_w.l(rtexit2.o)
    0x00000170   0x00000170   0x00000096   Code   RO          325    .emb_text           FreeRTOS.lib(port.o)
    0x00000206   0x00000206   0x00000002   PAD
    0x00000208   0x00000208   0x00000034   Code   RO          321    .text               startup_mps_cm3.o
    0x0000023c   0x0000023c   0x000000ee   Code   RO         3225    .text               c_w.l(lludivv7m.o)
    0x0000032a   0x0000032a   0x00000002   PAD
    0x0000032c   0x0000032c   0x00000028   Code   RO         3229    .text               c_w.l(noretval__2sprintf.o)
    0x00000354   0x00000354   0x00000068   Code   RO         3231    .text               c_w.l(__printf.o)
    0x000003bc   0x000003bc   0x00000078   Code   RO         3235    .text               c_w.l(_printf_dec.o)
    0x00000434   0x00000434   0x00000058   Code   RO         3260    .text               c_w.l(memcmp.o)
    0x0000048c   0x0000048c   0x0000003e   Code   RO         3264    .text               c_w.l(strlen.o)
    0x000004ca   0x000004ca   0x0000008a   Code   RO         3266    .text               c_w.l(rt_memcpy_v6.o)
    0x00000554   0x00000554   0x00000084   Code   RO         3268    .text               c_w.l(rt_memmove_v6.o)
    0x000005d8   0x000005d8   0x00000064   Code   RO         3270    .text               c_w.l(rt_memcpy_w.o)
    0x0000063c   0x0000063c   0x00000010   Code   RO         3272    .text               c_w.l(aeabi_memset.o)
    0x0000064c   0x0000064c   0x00000044   Code   RO         3274    .text               c_w.l(rt_memclr.o)
    0x00000690   0x00000690   0x0000004e   Code   RO         3276    .text               c_w.l(rt_memclr_w.o)
    0x000006de   0x000006de   0x00000006   Code   RO         3278    .text               c_w.l(heapauxi.o)
    0x000006e4   0x000006e4   0x000000b2   Code   RO         3287    .text               c_w.l(_printf_intcommon.o)
    0x00000796   0x00000796   0x00000002   PAD
    0x00000798   0x00000798   0x00000030   Code   RO         3289    .text               c_w.l(_printf_char_common.o)
    0x000007c8   0x000007c8   0x0000000a   Code   RO         3291    .text               c_w.l(_sputc.o)
    0x000007d2   0x000007d2   0x0000007a   Code   RO         3296    .text               c_w.l(rt_memmove_w.o)
    0x0000084c   0x0000084c   0x0000004a   Code   RO         3317    .text               c_w.l(sys_stackheap_outer.o)
    0x00000896   0x00000896   0x00000012   Code   RO         3319    .text               c_w.l(exit.o)
    0x000008a8   0x000008a8   0x00000008   Code   RO         3331    .text               c_w.l(libspace.o)
    0x000008b0   0x000008b0   0x0000000c   Code   RO         3387    .text               c_w.l(sys_exit.o)
    0x000008bc   0x000008bc   0x00000002   Code   RO         3406    .text               c_w.l(use_no_semi.o)
    0x000008be   0x000008be   0x00000000   Code   RO         3408    .text               c_w.l(indicate_semi.o)
    0x000008be   0x000008be   0x00000002   PAD
    0x000008c0   0x000008c0   0x00000054   Code   RO         1006    i.ADC_ChannelCmd    CMSIS.lib(lpc17xx_adc.o)
    0x00000914   0x00000914   0x0000004c   Code   RO         1007    i.ADC_ChannelGetData  CMSIS.lib(lpc17xx_adc.o)
    0x00000960   0x00000960   0x0000006c   Code   RO         1008    i.ADC_ChannelGetStatus  CMSIS.lib(lpc17xx_adc.o)
    0x000009cc   0x000009cc   0x00000080   Code   RO         1014    i.ADC_Init          CMSIS.lib(lpc17xx_adc.o)
    0x00000a4c   0x00000a4c   0x00000078   Code   RO         1017    i.ADC_StartCmd      CMSIS.lib(lpc17xx_adc.o)
    0x00000ac4   0x00000ac4   0x00000030   Code   RO         2321    i.CLKPWR_ConfigPPWR  CMSIS.lib(lpc17xx_clkpwr.o)
    0x00000af4   0x00000af4   0x00000040   Code   RO         2324    i.CLKPWR_GetPCLK    CMSIS.lib(lpc17xx_clkpwr.o)
    0x00000b34   0x00000b34   0x00000020   Code   RO         3058    i.EMAC_CheckReceiveDataStatus  Network.lib(lpc17xx_emac.o)
    0x00000b54   0x00000b54   0x0000001c   Code   RO         3059    i.EMAC_CheckReceiveIndex  Network.lib(lpc17xx_emac.o)
    0x00000b70   0x00000b70   0x00000020   Code   RO         3060    i.EMAC_CheckTransmitIndex  Network.lib(lpc17xx_emac.o)
    0x00000b90   0x00000b90   0x00000018   Code   RO         3062    i.EMAC_GetReceiveDataSize  Network.lib(lpc17xx_emac.o)
    0x00000ba8   0x00000ba8   0x0000013c   Code   RO         3064    i.EMAC_Init         Network.lib(lpc17xx_emac.o)
    0x00000ce4   0x00000ce4   0x00000030   Code   RO         3067    i.EMAC_ReadPacketBuffer  Network.lib(lpc17xx_emac.o)
    0x00000d14   0x00000d14   0x000000bc   Code   RO         3070    i.EMAC_SetPHYMode   Network.lib(lpc17xx_emac.o)
    0x00000dd0   0x00000dd0   0x0000007c   Code   RO         3071    i.EMAC_UpdatePHYStatus  Network.lib(lpc17xx_emac.o)
    0x00000e4c   0x00000e4c   0x00000018   Code   RO         3072    i.EMAC_UpdateRxConsumeIndex  Network.lib(lpc17xx_emac.o)
    0x00000e64   0x00000e64   0x00000018   Code   RO         3073    i.EMAC_UpdateTxProduceIndex  Network.lib(lpc17xx_emac.o)
    0x00000e7c   0x00000e7c   0x0000003c   Code   RO         3074    i.EMAC_WritePacketBuffer  Network.lib(lpc17xx_emac.o)
    0x00000eb8   0x00000eb8   0x0000005c   Code   RO         2868    i.ENET_IRQHandler   Network.lib(networkhal.o)
    0x00000f14   0x00000f14   0x00000120   Code   RO         1498    i.FreeRTOS_IPInit   Network.lib(freertos_ip.o)
    0x00001034   0x00001034   0x00000028   Code   RO         1500    i.FreeRTOS_NetworkDown  Network.lib(freertos_ip.o)
    0x0000105c   0x0000105c   0x00000022   Code   RO         2394    i.FreeRTOS_OutputARPRequest  Network.lib(freertos_arp.o)
    0x0000107e   0x0000107e   0x0000007e   Code   RO         1833    i.FreeRTOS_bind     Network.lib(freertos_sockets.o)
    0x000010fc   0x000010fc   0x00000030   Code   RO         1834    i.FreeRTOS_closesocket  Network.lib(freertos_sockets.o)
    0x0000112c   0x0000112c   0x00000028   Code   RO         1845    i.FreeRTOS_outstanding  Network.lib(freertos_sockets.o)
    0x00001154   0x00001154   0x000000e6   Code   RO         1848    i.FreeRTOS_recvfrom  Network.lib(freertos_sockets.o)
    0x0000123a   0x0000123a   0x00000002   PAD
    0x0000123c   0x0000123c   0x000000d8   Code   RO         1851    i.FreeRTOS_sendto   Network.lib(freertos_sockets.o)
    0x00001314   0x00001314   0x0000020c   Code   RO         1852    i.FreeRTOS_setsockopt  Network.lib(freertos_sockets.o)
    0x00001520   0x00001520   0x00000096   Code   RO         1854    i.FreeRTOS_socket   Network.lib(freertos_sockets.o)
    0x000015b6   0x000015b6   0x00000002   PAD
    0x000015b8   0x000015b8   0x0000003c   Code   RO         1128    i.GPIO_ClearValue   CMSIS.lib(lpc17xx_gpio.o)
    0x000015f4   0x000015f4   0x0000003c   Code   RO         1131    i.GPIO_ReadValue    CMSIS.lib(lpc17xx_gpio.o)
    0x00001630   0x00001630   0x00000048   Code   RO         1132    i.GPIO_SetDir       CMSIS.lib(lpc17xx_gpio.o)
    0x00001678   0x00001678   0x0000003c   Code   RO         1133    i.GPIO_SetValue     CMSIS.lib(lpc17xx_gpio.o)
    0x000016b4   0x000016b4   0x00000094   Code   RO         2869    i.InitialiseNetwork  Network.lib(networkhal.o)
    0x00001748   0x00001748   0x0000008c   Code   RO         1270    i.PINSEL_ConfigPin  CMSIS.lib(lpc17xx_pinsel.o)
    0x000017d4   0x000017d4   0x0000001e   Code   RO         2870    i.SendData          Network.lib(networkhal.o)
    0x000017f2   0x000017f2   0x00000002   PAD
    0x000017f4   0x000017f4   0x0000013c   Code   RO          284    i.SystemCoreClockUpdate  system_lpc17xx.o
    0x00001930   0x00001930   0x00000140   Code   RO          285    i.SystemInit        system_lpc17xx.o
    0x00001a70   0x00001a70   0x00000012   Code   RO         1315    i.UART_ConfigStructInit  CMSIS.lib(lpc17xx_uart.o)
    0x00001a82   0x00001a82   0x0000000e   Code   RO         1318    i.UART_FIFOConfigStructInit  CMSIS.lib(lpc17xx_uart.o)
    0x00001a90   0x00001a90   0x00000308   Code   RO         1325    i.UART_Init         CMSIS.lib(lpc17xx_uart.o)
    0x00001d98   0x00001d98   0x00000108   Code   RO         1337    i.UART_Send         CMSIS.lib(lpc17xx_uart.o)
    0x00001ea0   0x00001ea0   0x0000008c   Code   RO         1339    i.UART_TxCmd        CMSIS.lib(lpc17xx_uart.o)
    0x00001f2c   0x00001f2c   0x00000028   Code   RO            3    i.blinkCallBack     main.o
    0x00001f54   0x00001f54   0x00000002   Code   RO         2381    i.check_failed      CMSIS.lib(lpc17xx_libcfg_default.o)
    0x00001f56   0x00001f56   0x00000002   PAD
    0x00001f58   0x00001f58   0x00000078   Code   RO         2395    i.eARPGetCacheEntry  Network.lib(freertos_arp.o)
    0x00001fd0   0x00001fd0   0x000000ac   Code   RO         2396    i.eARPProcessPacket  Network.lib(freertos_arp.o)
    0x0000207c   0x0000207c   0x0000004c   Code   RO         1507    i.eConsiderFrameForProcessing  Network.lib(freertos_ip.o)
    0x000020c8   0x000020c8   0x000000f0   Code   RO         2460    i.lStreamBufferAdd  Network.lib(freertos_stream_buffer.o)
    0x000021b8   0x000021b8   0x00000016   Code   RO         2497    i.lStreamBufferDistance  Network.lib(freertos_tcp_ip.o)
    0x000021ce   0x000021ce   0x00000010   Code   RO         1858    i.lStreamBufferFrontSpace  Network.lib(freertos_sockets.o)
    0x000021de   0x000021de   0x00000010   Code   RO         2498    i.lStreamBufferFrontSpace  Network.lib(freertos_tcp_ip.o)
    0x000021ee   0x000021ee   0x000000aa   Code   RO         2461    i.lStreamBufferGet  Network.lib(freertos_stream_buffer.o)
    0x00002298   0x00002298   0x0000001c   Code   RO         1859    i.lStreamBufferGetSize  Network.lib(freertos_sockets.o)
    0x000022b4   0x000022b4   0x00000010   Code   RO         2499    i.lStreamBufferMidSpace  Network.lib(freertos_tcp_ip.o)
    0x000022c4   0x000022c4   0x00000018   Code   RO         1861    i.lStreamBufferSpace  Network.lib(freertos_sockets.o)
    0x000022dc   0x000022dc   0x00000018   Code   RO         2500    i.lStreamBufferSpace  Network.lib(freertos_tcp_ip.o)
    0x000022f4   0x000022f4   0x0000007a   Code   RO         1862    i.lTCPAddRxdata     Network.lib(freertos_sockets.o)
    0x0000236e   0x0000236e   0x0000001e   Code   RO         2687    i.lTCPWindowRxCheck  Network.lib(freertos_tcp_win.o)
    0x0000238c   0x0000238c   0x00000080   Code   RO         2688    i.lTCPWindowTxAdd   Network.lib(freertos_tcp_win.o)
    0x0000240c   0x0000240c   0x00000090   Code   RO            4    i.leBotoesMensagens  main.o
    0x0000249c   0x0000249c   0x00000060   Code   RO            5    i.leCanalAD         main.o
    0x000024fc   0x000024fc   0x0000001c   Code   RO            6    i.lerBotaoLed       main.o
    0x00002518   0x00002518   0x00000250   Code   RO            7    i.main              main.o
    0x00002768   0x00002768   0x0000003c   Code   RO            8    i.mensagemUART      main.o
    0x000027a4   0x000027a4   0x00000030   Code   RO            9    i.potenciometro     main.o
    0x000027d4   0x000027d4   0x00000074   Code   RO          592    i.prvAddCurrentTaskToDelayedList  FreeRTOS.lib(tasks.o)
    0x00002848   0x00002848   0x000000e4   Code   RO          593    i.prvAddNewTaskToReadyList  FreeRTOS.lib(tasks.o)
    0x0000292c   0x0000292c   0x0000008c   Code   RO         1508    i.prvAllowIPPacket  Network.lib(freertos_ip.o)
    0x000029b8   0x000029b8   0x00000050   Code   RO         2397    i.prvCacheLookup    Network.lib(freertos_arp.o)
    0x00002a08   0x00002a08   0x00000030   Code   RO         1509    i.prvCalculateSleepTime  Network.lib(freertos_ip.o)
    0x00002a38   0x00002a38   0x00000090   Code   RO         1510    i.prvCheckNetworkTimers  Network.lib(freertos_ip.o)
    0x00002ac8   0x00002ac8   0x000000a8   Code   RO         2501    i.prvCheckOptions   Network.lib(freertos_tcp_ip.o)
    0x00002b70   0x00002b70   0x00000096   Code   RO         2502    i.prvCheckRxData    Network.lib(freertos_tcp_ip.o)
    0x00002c06   0x00002c06   0x00000042   Code   RO         1863    i.prvDetermineSocketSize  Network.lib(freertos_sockets.o)
    0x00002c48   0x00002c48   0x00000094   Code   RO         2871    i.prvEMACDeferredInterruptHandlerTask  Network.lib(networkhal.o)
    0x00002cdc   0x00002cdc   0x0000006c   Code   RO         1864    i.prvGetPrivatePortNumber  Network.lib(freertos_sockets.o)
    0x00002d48   0x00002d48   0x00000190   Code   RO         2503    i.prvHandleEstablished  Network.lib(freertos_tcp_ip.o)
    0x00002ed8   0x00002ed8   0x00000038   Code   RO         1511    i.prvHandleEthernetPacket  Network.lib(freertos_ip.o)
    0x00002f10   0x00002f10   0x0000010c   Code   RO         2504    i.prvHandleListen   Network.lib(freertos_tcp_ip.o)
    0x0000301c   0x0000301c   0x0000010e   Code   RO         2505    i.prvHandleSynReceived  Network.lib(freertos_tcp_ip.o)
    0x0000312a   0x0000312a   0x00000002   PAD
    0x0000312c   0x0000312c   0x00000108   Code   RO         1512    i.prvIPTask         Network.lib(freertos_ip.o)
    0x00003234   0x00003234   0x00000036   Code   RO         1513    i.prvIPTimerCheck   Network.lib(freertos_ip.o)
    0x0000326a   0x0000326a   0x00000012   Code   RO         1514    i.prvIPTimerReload  Network.lib(freertos_ip.o)
    0x0000327c   0x0000327c   0x0000002a   Code   RO         1515    i.prvIPTimerStart   Network.lib(freertos_ip.o)
    0x000032a6   0x000032a6   0x00000002   PAD
    0x000032a8   0x000032a8   0x00000058   Code   RO          594    i.prvIdleTask       FreeRTOS.lib(tasks.o)
    0x00003300   0x00003300   0x000000b2   Code   RO         3010    i.prvParseDNSReply  Network.lib(freertos_dns.o)
    0x000033b2   0x000033b2   0x00000062   Code   RO         1516    i.prvProcessEthernetPacket  Network.lib(freertos_ip.o)
    0x00003414   0x00003414   0x0000003c   Code   RO         1517    i.prvProcessICMPEchoRequest  Network.lib(freertos_ip.o)
    0x00003450   0x00003450   0x00000024   Code   RO         1518    i.prvProcessICMPPacket  Network.lib(freertos_ip.o)
    0x00003474   0x00003474   0x000000e0   Code   RO         1519    i.prvProcessIPPacket  Network.lib(freertos_ip.o)
    0x00003554   0x00003554   0x00000044   Code   RO         1520    i.prvProcessNetworkDownEvent  Network.lib(freertos_ip.o)
    0x00003598   0x00003598   0x000000ac   Code   RO          889    i.prvSampleTimeNow  FreeRTOS.lib(timers.o)
    0x00003644   0x00003644   0x00000090   Code   RO         2506    i.prvSendData       Network.lib(freertos_tcp_ip.o)
    0x000036d4   0x000036d4   0x00000060   Code   RO         2507    i.prvSetOptions     Network.lib(freertos_tcp_ip.o)
    0x00003734   0x00003734   0x0000001e   Code   RO         2508    i.prvSetSynAckOptions  Network.lib(freertos_tcp_ip.o)
    0x00003752   0x00003752   0x00000020   Code   RO         3011    i.prvSkipNameField  Network.lib(freertos_dns.o)
    0x00003772   0x00003772   0x00000002   PAD
    0x00003774   0x00003774   0x00000058   Code   RO         2509    i.prvSocketSetMSS   Network.lib(freertos_tcp_ip.o)
    0x000037cc   0x000037cc   0x000000b0   Code   RO         2510    i.prvStoreRxData    Network.lib(freertos_tcp_ip.o)
    0x0000387c   0x0000387c   0x0000005a   Code   RO         2511    i.prvTCPAddTxData   Network.lib(freertos_tcp_ip.o)
    0x000038d6   0x000038d6   0x00000002   PAD
    0x000038d8   0x000038d8   0x00000088   Code   RO         2512    i.prvTCPBufferResize  Network.lib(freertos_tcp_ip.o)
    0x00003960   0x00003960   0x00000040   Code   RO         2513    i.prvTCPCreateWindow  Network.lib(freertos_tcp_ip.o)
    0x000039a0   0x000039a0   0x000000ec   Code   RO         2514    i.prvTCPHandleFin   Network.lib(freertos_tcp_ip.o)
    0x00003a8c   0x00003a8c   0x00000194   Code   RO         2515    i.prvTCPHandleState  Network.lib(freertos_tcp_ip.o)
    0x00003c20   0x00003c20   0x0000008c   Code   RO         2516    i.prvTCPNextTimeout  Network.lib(freertos_tcp_ip.o)
    0x00003cac   0x00003cac   0x00000140   Code   RO         2517    i.prvTCPPrepareConnect  Network.lib(freertos_tcp_ip.o)
    0x00003dec   0x00003dec   0x0000019c   Code   RO         2518    i.prvTCPPrepareSend  Network.lib(freertos_tcp_ip.o)
    0x00003f88   0x00003f88   0x00000224   Code   RO         2519    i.prvTCPReturnPacket  Network.lib(freertos_tcp_ip.o)
    0x000041ac   0x000041ac   0x0000008a   Code   RO         2520    i.prvTCPSendPacket  Network.lib(freertos_tcp_ip.o)
    0x00004236   0x00004236   0x00000002   PAD
    0x00004238   0x00004238   0x0000004c   Code   RO         2521    i.prvTCPSendRepeated  Network.lib(freertos_tcp_ip.o)
    0x00004284   0x00004284   0x00000024   Code   RO         2522    i.prvTCPSendReset   Network.lib(freertos_tcp_ip.o)
    0x000042a8   0x000042a8   0x0000003c   Code   RO         1867    i.prvTCPSetSocketCount  Network.lib(freertos_sockets.o)
    0x000042e4   0x000042e4   0x00000088   Code   RO         2523    i.prvTCPSocketCopy  Network.lib(freertos_tcp_ip.o)
    0x0000436c   0x0000436c   0x0000002a   Code   RO         2524    i.prvTCPSocketIsActive  Network.lib(freertos_tcp_ip.o)
    0x00004396   0x00004396   0x00000068   Code   RO         2525    i.prvTCPStatusAgeCheck  Network.lib(freertos_tcp_ip.o)
    0x000043fe   0x000043fe   0x0000000c   Code   RO         2526    i.prvTCPTouchSocket  Network.lib(freertos_tcp_ip.o)
    0x0000440a   0x0000440a   0x00000012   Code   RO         2689    i.prvTCPWindowTxHasSpace  Network.lib(freertos_tcp_win.o)
    0x0000441c   0x0000441c   0x00000010   Code   RO          326    i.prvTaskExitError  FreeRTOS.lib(port.o)
    0x0000442c   0x0000442c   0x00000080   Code   RO         1868    i.prvTcpCreateStream  Network.lib(freertos_sockets.o)
    0x000044ac   0x000044ac   0x000002a8   Code   RO          890    i.prvTimerTask      FreeRTOS.lib(timers.o)
    0x00004754   0x00004754   0x0000006c   Code   RO          412    i.prvUnlockQueue    FreeRTOS.lib(queue.o)
    0x000047c0   0x000047c0   0x0000002e   Code   RO         1869    i.prvValidSocket    Network.lib(freertos_sockets.o)
    0x000047ee   0x000047ee   0x00000002   PAD
    0x000047f0   0x000047f0   0x0000014c   Code   RO         2238    i.pvPortMalloc      FreeRTOS.lib(heap_4.o)
    0x0000493c   0x0000493c   0x00000018   Code   RO          595    i.pvTaskIncrementMutexHeldCount  FreeRTOS.lib(tasks.o)
    0x00004954   0x00004954   0x0000007c   Code   RO         2810    i.pxGetNetworkBufferWithDescriptor  Network.lib(bufferallocation_2.o)
    0x000049d0   0x000049d0   0x00000030   Code   RO         1870    i.pxListFindListItemWithValue  Network.lib(freertos_sockets.o)
    0x00004a00   0x00004a00   0x00000024   Code   RO          327    i.pxPortInitialiseStack  FreeRTOS.lib(port.o)
    0x00004a24   0x00004a24   0x00000054   Code   RO         1871    i.pxTCPSocketLookup  Network.lib(freertos_sockets.o)
    0x00004a78   0x00004a78   0x0000001a   Code   RO         1522    i.pxUDPPayloadBuffer_to_NetworkBuffer  Network.lib(freertos_ip.o)
    0x00004a92   0x00004a92   0x00000002   PAD
    0x00004a94   0x00004a94   0x0000001c   Code   RO         1872    i.pxUDPSocketLookup  Network.lib(freertos_sockets.o)
    0x00004ab0   0x00004ab0   0x0000003e   Code   RO         3076    i.read_PHY          Network.lib(lpc17xx_emac.o)
    0x00004aee   0x00004aee   0x00000002   PAD
    0x00004af0   0x00004af0   0x0000007c   Code   RO           10    i.recebeEnviaSerial  main.o
    0x00004b6c   0x00004b6c   0x00000068   Code   RO         3077    i.rx_descr_init     Network.lib(lpc17xx_emac.o)
    0x00004bd4   0x00004bd4   0x0000002c   Code   RO         3078    i.setEmacAddr       Network.lib(lpc17xx_emac.o)
    0x00004c00   0x00004c00   0x0000016a   Code   RO         2872    i.setEthernetPins   Network.lib(networkhal.o)
    0x00004d6a   0x00004d6a   0x00000002   PAD
    0x00004d6c   0x00004d6c   0x0000005c   Code   RO         3079    i.tx_descr_init     Network.lib(lpc17xx_emac.o)
    0x00004dc8   0x00004dc8   0x00000018   Code   RO         3012    i.ulDNSHandlePacket  Network.lib(freertos_dns.o)
    0x00004de0   0x00004de0   0x00000058   Code   RO         2690    i.ulTCPWindowTxAck  Network.lib(freertos_tcp_win.o)
    0x00004e38   0x00004e38   0x00000064   Code   RO         2691    i.ulTCPWindowTxGet  Network.lib(freertos_tcp_win.o)
    0x00004e9c   0x00004e9c   0x0000006c   Code   RO          596    i.ulTaskNotifyTake  FreeRTOS.lib(tasks.o)
    0x00004f08   0x00004f08   0x0000000e   Code   RO         2692    i.ulTimerGetAge     Network.lib(freertos_tcp_win.o)
    0x00004f16   0x00004f16   0x0000015e   Code   RO         1523    i.usGenerateChecksum  Network.lib(freertos_ip.o)
    0x00005074   0x00005074   0x000000d8   Code   RO         1524    i.usGenerateProtocolChecksum  Network.lib(freertos_ip.o)
    0x0000514c   0x0000514c   0x00000026   Code   RO         2283    i.uxListRemove      FreeRTOS.lib(list.o)
    0x00005172   0x00005172   0x00000012   Code   RO          413    i.uxQueueMessagesWaiting  FreeRTOS.lib(queue.o)
    0x00005184   0x00005184   0x00000018   Code   RO          600    i.uxTaskResetEventItemValue  FreeRTOS.lib(tasks.o)
    0x0000519c   0x0000519c   0x000000bc   Code   RO         2398    i.vARPAgeCache      Network.lib(freertos_arp.o)
    0x00005258   0x00005258   0x00000048   Code   RO         2399    i.vARPGenerateRequestPacket  Network.lib(freertos_arp.o)
    0x000052a0   0x000052a0   0x00000158   Code   RO         2400    i.vARPRefreshCacheEntry  Network.lib(freertos_arp.o)
    0x000053f8   0x000053f8   0x00000014   Code   RO         2129    i.vApplicationGetIdleTaskMemory  FreeRTOS.lib(freertosappstaticalloc.o)
    0x0000540c   0x0000540c   0x00000014   Code   RO         2130    i.vApplicationGetTimerTaskMemory  FreeRTOS.lib(freertosappstaticalloc.o)
    0x00005420   0x00005420   0x00000002   Code   RO           11    i.vApplicationIPNetworkEventHook  main.o
    0x00005422   0x00005422   0x00000002   PAD
    0x00005424   0x00005424   0x00000064   Code   RO           12    i.vApplicationStackOverflowHook  main.o
    0x00005488   0x00005488   0x00000034   Code   RO         2171    i.vEventGroupDelete  FreeRTOS.lib(event_groups.o)
    0x000054bc   0x000054bc   0x00000024   Code   RO         1525    i.vIPNetworkUpCalls  Network.lib(freertos_ip.o)
    0x000054e0   0x000054e0   0x00000016   Code   RO         2284    i.vListInitialise   FreeRTOS.lib(list.o)
    0x000054f6   0x000054f6   0x00000006   Code   RO         2285    i.vListInitialiseItem  FreeRTOS.lib(list.o)
    0x000054fc   0x000054fc   0x0000003a   Code   RO         2286    i.vListInsert       FreeRTOS.lib(list.o)
    0x00005536   0x00005536   0x00000018   Code   RO         2287    i.vListInsertEnd    FreeRTOS.lib(list.o)
    0x0000554e   0x0000554e   0x00000002   PAD
    0x00005550   0x00005550   0x00000038   Code   RO         1873    i.vNetworkSocketsInit  Network.lib(freertos_sockets.o)
    0x00005588   0x00005588   0x0000001c   Code   RO          329    i.vPortEnterCritical  FreeRTOS.lib(port.o)
    0x000055a4   0x000055a4   0x00000018   Code   RO          330    i.vPortExitCritical  FreeRTOS.lib(port.o)
    0x000055bc   0x000055bc   0x00000090   Code   RO         2239    i.vPortFree         FreeRTOS.lib(heap_4.o)
    0x0000564c   0x0000564c   0x00000024   Code   RO          331    i.vPortSetupTimerInterrupt  FreeRTOS.lib(port.o)
    0x00005670   0x00005670   0x000000dc   Code   RO         2784    i.vProcessGeneratedUDPPacket  Network.lib(freertos_udp_ip.o)
    0x0000574c   0x0000574c   0x0000000e   Code   RO          416    i.vQueueDelete      FreeRTOS.lib(queue.o)
    0x0000575a   0x0000575a   0x0000004a   Code   RO          417    i.vQueueWaitForMessageRestricted  FreeRTOS.lib(queue.o)
    0x000057a4   0x000057a4   0x00000010   Code   RO         2813    i.vReleaseNetworkBuffer  Network.lib(bufferallocation_2.o)
    0x000057b4   0x000057b4   0x0000004c   Code   RO         2814    i.vReleaseNetworkBufferAndDescriptor  Network.lib(bufferallocation_2.o)
    0x00005800   0x00005800   0x0000002c   Code   RO         1526    i.vReturnEthernetFrame  Network.lib(freertos_ip.o)
    0x0000582c   0x0000582c   0x00000088   Code   RO         1874    i.vSocketBind       Network.lib(freertos_sockets.o)
    0x000058b4   0x000058b4   0x0000006e   Code   RO         1875    i.vSocketClose      Network.lib(freertos_sockets.o)
    0x00005922   0x00005922   0x000000d8   Code   RO         2527    i.vTCPStateChange   Network.lib(freertos_tcp_ip.o)
    0x000059fa   0x000059fa   0x0000000c   Code   RO         2694    i.vTCPTimerSet      Network.lib(freertos_tcp_win.o)
    0x00005a06   0x00005a06   0x00000002   PAD
    0x00005a08   0x00005a08   0x00000034   Code   RO         2695    i.vTCPWindowCreate  Network.lib(freertos_tcp_win.o)
    0x00005a3c   0x00005a3c   0x0000005a   Code   RO         2697    i.vTCPWindowInit    Network.lib(freertos_tcp_win.o)
    0x00005a96   0x00005a96   0x00000002   PAD
    0x00005a98   0x00005a98   0x00000038   Code   RO          601    i.vTaskDelay        FreeRTOS.lib(tasks.o)
    0x00005ad0   0x00005ad0   0x00000010   Code   RO          605    i.vTaskInternalSetTimeOutState  FreeRTOS.lib(tasks.o)
    0x00005ae0   0x00005ae0   0x0000000c   Code   RO          606    i.vTaskMissedYield  FreeRTOS.lib(tasks.o)
    0x00005aec   0x00005aec   0x00000020   Code   RO          608    i.vTaskPlaceOnEventList  FreeRTOS.lib(tasks.o)
    0x00005b0c   0x00005b0c   0x00000030   Code   RO          609    i.vTaskPlaceOnEventListRestricted  FreeRTOS.lib(tasks.o)
    0x00005b3c   0x00005b3c   0x00000030   Code   RO          610    i.vTaskPlaceOnUnorderedEventList  FreeRTOS.lib(tasks.o)
    0x00005b6c   0x00005b6c   0x00000084   Code   RO          611    i.vTaskPriorityDisinheritAfterTimeout  FreeRTOS.lib(tasks.o)
    0x00005bf0   0x00005bf0   0x0000004c   Code   RO          612    i.vTaskRemoveFromUnorderedEventList  FreeRTOS.lib(tasks.o)
    0x00005c3c   0x00005c3c   0x0000002c   Code   RO           14    i.vTaskRetornoLed2  main.o
    0x00005c68   0x00005c68   0x00000020   Code   RO          614    i.vTaskSetTimeOutState  FreeRTOS.lib(tasks.o)
    0x00005c88   0x00005c88   0x00000108   Code   RO          615    i.vTaskStartScheduler  FreeRTOS.lib(tasks.o)
    0x00005d90   0x00005d90   0x00000134   Code   RO          616    i.vTaskSuspend      FreeRTOS.lib(tasks.o)
    0x00005ec4   0x00005ec4   0x00000010   Code   RO          617    i.vTaskSuspendAll   FreeRTOS.lib(tasks.o)
    0x00005ed4   0x00005ed4   0x00000078   Code   RO          618    i.vTaskSwitchContext  FreeRTOS.lib(tasks.o)
    0x00005f4c   0x00005f4c   0x0000007c   Code   RO           15    i.vUDPServer        main.o
    0x00005fc8   0x00005fc8   0x0000001a   Code   RO         1877    i.vWakeUpSocketUser  Network.lib(freertos_sockets.o)
    0x00005fe2   0x00005fe2   0x00000036   Code   RO         3080    i.write_PHY         Network.lib(lpc17xx_emac.o)
    0x00006018   0x00006018   0x0000001c   Code   RO         2174    i.xEventGroupCreate  FreeRTOS.lib(event_groups.o)
    0x00006034   0x00006034   0x0000006c   Code   RO         2177    i.xEventGroupSetBits  FreeRTOS.lib(event_groups.o)
    0x000060a0   0x000060a0   0x000000bc   Code   RO         2179    i.xEventGroupWaitBits  FreeRTOS.lib(event_groups.o)
    0x0000615c   0x0000615c   0x0000000c   Code   RO         1527    i.xIPIsNetworkTaskReady  Network.lib(freertos_ip.o)
    0x00006168   0x00006168   0x0000001c   Code   RO         1528    i.xIsCallingFromIPTask  Network.lib(freertos_ip.o)
    0x00006184   0x00006184   0x00000090   Code   RO         2815    i.xNetworkBuffersInitialise  Network.lib(bufferallocation_2.o)
    0x00006214   0x00006214   0x00000014   Code   RO         2873    i.xNetworkInterfaceInitialise  Network.lib(networkhal.o)
    0x00006228   0x00006228   0x0000001a   Code   RO         2874    i.xNetworkInterfaceOutput  Network.lib(networkhal.o)
    0x00006242   0x00006242   0x00000002   PAD
    0x00006244   0x00006244   0x00000030   Code   RO          332    i.xPortStartScheduler  FreeRTOS.lib(port.o)
    0x00006274   0x00006274   0x0000002c   Code   RO          333    i.xPortSysTickHandler  FreeRTOS.lib(port.o)
    0x000062a0   0x000062a0   0x00000166   Code   RO         2528    i.xProcessReceivedTCPPacket  Network.lib(freertos_tcp_ip.o)
    0x00006406   0x00006406   0x0000007e   Code   RO         2785    i.xProcessReceivedUDPPacket  Network.lib(freertos_udp_ip.o)
    0x00006484   0x00006484   0x00000014   Code   RO          418    i.xQueueCreateCountingSemaphore  FreeRTOS.lib(queue.o)
    0x00006498   0x00006498   0x00000024   Code   RO          420    i.xQueueCreateMutex  FreeRTOS.lib(queue.o)
    0x000064bc   0x000064bc   0x00000070   Code   RO          422    i.xQueueGenericCreate  FreeRTOS.lib(queue.o)
    0x0000652c   0x0000652c   0x00000062   Code   RO          423    i.xQueueGenericCreateStatic  FreeRTOS.lib(queue.o)
    0x0000658e   0x0000658e   0x00000002   PAD
    0x00006590   0x00006590   0x00000170   Code   RO          425    i.xQueueGenericSend  FreeRTOS.lib(queue.o)
    0x00006700   0x00006700   0x000000c8   Code   RO          426    i.xQueueGenericSendFromISR  FreeRTOS.lib(queue.o)
    0x000067c8   0x000067c8   0x00000054   Code   RO          427    i.xQueueGiveFromISR  FreeRTOS.lib(queue.o)
    0x0000681c   0x0000681c   0x00000114   Code   RO          433    i.xQueueReceive     FreeRTOS.lib(queue.o)
    0x00006930   0x00006930   0x00000148   Code   RO          435    i.xQueueSemaphoreTake  FreeRTOS.lib(queue.o)
    0x00006a78   0x00006a78   0x00000090   Code   RO         1529    i.xSendEventStructToIPTask  Network.lib(freertos_ip.o)
    0x00006b08   0x00006b08   0x00000018   Code   RO         1530    i.xSendEventToIPTask  Network.lib(freertos_ip.o)
    0x00006b20   0x00006b20   0x00000050   Code   RO         2529    i.xTCPCheckNewClient  Network.lib(freertos_tcp_ip.o)
    0x00006b70   0x00006b70   0x00000044   Code   RO         2530    i.xTCPSocketCheck   Network.lib(freertos_tcp_ip.o)
    0x00006bb4   0x00006bb4   0x000000a0   Code   RO         1878    i.xTCPTimerCheck    Network.lib(freertos_sockets.o)
    0x00006c54   0x00006c54   0x00000010   Code   RO         2698    i.xTCPWindowRxEmpty  Network.lib(freertos_tcp_win.o)
    0x00006c64   0x00006c64   0x0000000e   Code   RO         2699    i.xTCPWindowTxDone  Network.lib(freertos_tcp_win.o)
    0x00006c72   0x00006c72   0x00000060   Code   RO         2700    i.xTCPWindowTxHasData  Network.lib(freertos_tcp_win.o)
    0x00006cd2   0x00006cd2   0x00000002   PAD
    0x00006cd4   0x00006cd4   0x0000005c   Code   RO          620    i.xTaskCheckForTimeOut  FreeRTOS.lib(tasks.o)
    0x00006d30   0x00006d30   0x000000c2   Code   RO          621    i.xTaskCreate       FreeRTOS.lib(tasks.o)
    0x00006df2   0x00006df2   0x000000ba   Code   RO          622    i.xTaskCreateStatic  FreeRTOS.lib(tasks.o)
    0x00006eac   0x00006eac   0x000000a4   Code   RO          623    i.xTaskGenericNotify  FreeRTOS.lib(tasks.o)
    0x00006f50   0x00006f50   0x0000000c   Code   RO          625    i.xTaskGetCurrentTaskHandle  FreeRTOS.lib(tasks.o)
    0x00006f5c   0x00006f5c   0x0000001c   Code   RO          626    i.xTaskGetSchedulerState  FreeRTOS.lib(tasks.o)
    0x00006f78   0x00006f78   0x0000000c   Code   RO          627    i.xTaskGetTickCount  FreeRTOS.lib(tasks.o)
    0x00006f84   0x00006f84   0x000000d4   Code   RO          629    i.xTaskIncrementTick  FreeRTOS.lib(tasks.o)
    0x00007058   0x00007058   0x0000007c   Code   RO          632    i.xTaskPriorityDisinherit  FreeRTOS.lib(tasks.o)
    0x000070d4   0x000070d4   0x00000090   Code   RO          633    i.xTaskPriorityInherit  FreeRTOS.lib(tasks.o)
    0x00007164   0x00007164   0x00000064   Code   RO          634    i.xTaskRemoveFromEventList  FreeRTOS.lib(tasks.o)
    0x000071c8   0x000071c8   0x00000190   Code   RO          635    i.xTaskResumeAll    FreeRTOS.lib(tasks.o)
    0x00007358   0x00007358   0x0000008c   Code   RO          895    i.xTimerCreate      FreeRTOS.lib(timers.o)
    0x000073e4   0x000073e4   0x00000090   Code   RO          897    i.xTimerCreateTimerTask  FreeRTOS.lib(timers.o)
    0x00007474   0x00007474   0x00000064   Code   RO          898    i.xTimerGenericCommand  FreeRTOS.lib(timers.o)
    0x000074d8   0x000074d8   0x00000004   Data   RO           17    .constdata          main.o
    0x000074dc   0x000074dc   0x00000018   Data   RO         1532    .constdata          Network.lib(freertos_ip.o)
    0x000074f4   0x000074f4   0x00000008   Data   RO         1880    .constdata          Network.lib(freertos_sockets.o)
    0x000074fc   0x000074fc   0x00000026   Data   RO         2403    .constdata          Network.lib(freertos_arp.o)
    0x00007522   0x00007522   0x00000002   PAD
    0x00007524   0x00007524   0x00000004   Data   RO         2817    .constdata          Network.lib(bufferallocation_2.o)
    0x00007528   0x00007528   0x0000000a   Data   RO         3082    .constdata          Network.lib(lpc17xx_emac.o)
    0x00007532   0x00007532   0x00000002   PAD
    0x00007534   0x00007534   0x00000030   Data   RO         3458    Region$$Table       anon$$obj.o


    Execution Region RW_IRAM1 (Exec base: 0x10000000, Load base: 0x00007564, Size: 0x00008000, Max: 0x00008000, ABSOLUTE)

    Exec Addr    Load Addr    Size         Type   Attr      Idx    E Section Name        Object

    0x10000000        -       0x00008000   Zero   RW         2244    .bss                FreeRTOS.lib(heap_4.o)


    Execution Region RW_IRAM2 (Exec base: 0x2007c000, Load base: 0x00007564, Size: 0x00002a78, Max: 0x00008000, ABSOLUTE)

    Exec Addr    Load Addr    Size         Type   Attr      Idx    E Section Name        Object

    0x2007c000   0x00007564   0x00000034   Data   RW           18    .data               main.o
    0x2007c034   0x00007598   0x00000004   Data   RW          286    .data               system_lpc17xx.o
    0x2007c038   0x0000759c   0x00000004   Data   RW          334    .data               FreeRTOS.lib(port.o)
    0x2007c03c   0x000075a0   0x0000003c   Data   RW          638    .data               FreeRTOS.lib(tasks.o)
    0x2007c078   0x000075dc   0x00000014   Data   RW          904    .data               FreeRTOS.lib(timers.o)
    0x2007c08c   0x000075f0   0x00000028   Data   RW         1533    .data               Network.lib(freertos_ip.o)
    0x2007c0b4   0x00007618   0x00000008   Data   RW         1881    .data               Network.lib(freertos_sockets.o)
    0x2007c0bc   0x00007620   0x00000020   Data   RW         2245    .data               FreeRTOS.lib(heap_4.o)
    0x2007c0dc   0x00007640   0x00000004   Data   RW         2404    .data               Network.lib(freertos_arp.o)
    0x2007c0e0   0x00007644   0x00000004   Data   RW         2531    .data               Network.lib(freertos_tcp_ip.o)
    0x2007c0e4   0x00007648   0x00000004   Data   RW         2701    .data               Network.lib(freertos_tcp_win.o)
    0x2007c0e8   0x0000764c   0x00000018   Data   RW         2786    .data               Network.lib(freertos_udp_ip.o)
    0x2007c100   0x00007664   0x00000008   Data   RW         2818    .data               Network.lib(bufferallocation_2.o)
    0x2007c108   0x0000766c   0x00000004   Data   RW         2875    .data               Network.lib(networkhal.o)
    0x2007c10c        -       0x00000800   Zero   RW           16    .bss                main.o
    0x2007c90c        -       0x000000c8   Zero   RW          637    .bss                FreeRTOS.lib(tasks.o)
    0x2007c9d4        -       0x00000190   Zero   RW          903    .bss                FreeRTOS.lib(timers.o)
    0x2007cb64        -       0x00000050   Zero   RW         1531    .bss                Network.lib(freertos_ip.o)
    0x2007cbb4        -       0x00000028   Zero   RW         1879    .bss                Network.lib(freertos_sockets.o)
    0x2007cbdc        -       0x000005c0   Zero   RW         2131    .bss                FreeRTOS.lib(freertosappstaticalloc.o)
    0x2007d19c        -       0x00000048   Zero   RW         2402    .bss                Network.lib(freertos_arp.o)
    0x2007d1e4        -       0x000000c8   Zero   RW         2816    .bss                Network.lib(bufferallocation_2.o)
    0x2007d2ac   0x00007670   0x00000004   PAD
    0x2007d2b0        -       0x00001564   Zero   RW         3081    .bss                Network.lib(lpc17xx_emac.o)
    0x2007e814        -       0x00000060   Zero   RW         3332    .bss                c_w.l(libspace.o)
    0x2007e874   0x00007670   0x00000004   PAD
    0x2007e878        -       0x00000000   Zero   RW          319    HEAP                startup_mps_cm3.o
    0x2007e878        -       0x00000200   Zero   RW          318    STACK               startup_mps_cm3.o


==============================================================================

Image component sizes


      Code (inc. data)   RO Data    RW Data    ZI Data      Debug   Object Name

      1402        324          4         52       2048      88389   main.o
        52         18        204          0        512        804   startup_mps_cm3.o
       636         38          0          4          0       1319   system_lpc17xx.o

    ----------------------------------------------------------------------
      2092        380        256         56       2560      90512   Object Totals
         0          0         48          0          0          0   (incl. Generated)
         2          0          0          0          0          0   (incl. Padding)

    ----------------------------------------------------------------------

      Code (inc. data)   RO Data    RW Data    ZI Data      Debug   Library Member Name

       516        190          0          0          0       4795   lpc17xx_adc.o
       112         18          0          0          0       1677   lpc17xx_clkpwr.o
       252        110          0          0          0       4591   lpc17xx_gpio.o
         2          0          0          0          0        799   lpc17xx_libcfg_default.o
       140         12          0          0          0       3519   lpc17xx_pinsel.o
      1212        104          0          0          0      14613   lpc17xx_uart.o
       376          6          0          0          0       5388   event_groups.o
        40          8          0          0       1472      15197   freertosappstaticalloc.o
       476         24          0         32      32768       3119   heap_4.o
       148          0          0          0          0       2798   list.o
       382         46          0          4          0      10068   port.o
      1736         14          0          0          0      36587   queue.o
      3416        266          0         60        200      43302   tasks.o
      1236         68          0         20        400      31006   timers.o
       360         40          4          8        200       3908   bufferallocation_2.o
      1010         66         38          4         72      13521   freertos_arp.o
       234          0          0          0          0      11082   freertos_dns.o
      2536        194         24         40         80      52777   freertos_ip.o
      2580         98          8          8         40      28823   freertos_sockets.o
       410          0          0          0          0       7398   freertos_stream_buffer.o
      5484         84          0          4          0      37065   freertos_tcp_ip.o
       658         18          0          4          0      10526   freertos_tcp_win.o
       346          6          0         24          0      10369   freertos_udp_ip.o
      1256        132         10          0       5476      10519   lpc17xx_emac.o
       826         52          0          4          0      47568   networkhal.o
         8          0          0          0          0         68   __main.o
       104          0          0          0          0         84   __printf.o
         0          0          0          0          0          0   __rtentry.o
        12          0          0          0          0          0   __rtentry2.o
         6          0          0          0          0          0   __rtentry4.o
        52          8          0          0          0          0   __scatter.o
        26          0          0          0          0          0   __scatter_copy.o
        28          0          0          0          0          0   __scatter_zi.o
        48          6          0          0          0         96   _printf_char_common.o
       120         16          0          0          0         92   _printf_dec.o
       178          0          0          0          0         88   _printf_intcommon.o
         0          0          0          0          0          0   _printf_percent.o
         4          0          0          0          0          0   _printf_percent_end.o
         6          0          0          0          0          0   _printf_u.o
        10          0          0          0          0         68   _sputc.o
        16          0          0          0          0         68   aeabi_memset.o
        18          0          0          0          0         80   exit.o
         6          0          0          0          0        152   heapauxi.o
         0          0          0          0          0          0   indicate_semi.o
         2          0          0          0          0          0   libinit.o
         2          0          0          0          0          0   libinit2.o
         2          0          0          0          0          0   libshutdown.o
         2          0          0          0          0          0   libshutdown2.o
         8          4          0          0         96         68   libspace.o
       238          0          0          0          0        100   lludivv7m.o
        88          0          0          0          0         76   memcmp.o
        40          6          0          0          0         84   noretval__2sprintf.o
        68          0          0          0          0         68   rt_memclr.o
        78          0          0          0          0         80   rt_memclr_w.o
       138          0          0          0          0         68   rt_memcpy_v6.o
       100          0          0          0          0         80   rt_memcpy_w.o
       132          0          0          0          0         68   rt_memmove_v6.o
       122          0          0          0          0         80   rt_memmove_w.o
         2          0          0          0          0          0   rtexit.o
        10          0          0          0          0          0   rtexit2.o
        62          0          0          0          0         76   strlen.o
        12          4          0          0          0         68   sys_exit.o
        74          0          0          0          0         80   sys_stackheap_outer.o
         2          0          0          0          0         68   use_no_semi.o

    ----------------------------------------------------------------------
     27616       1600         88        212      40812     412875   Library Totals
        48          0          4          0          8          0   (incl. Padding)

    ----------------------------------------------------------------------

      Code (inc. data)   RO Data    RW Data    ZI Data      Debug   Library Name

      2234        434          0          0          0      29994   CMSIS.lib
      7810        432          0        116      34840     147465   FreeRTOS.lib
     15700        690         84         96       5868     233556   Network.lib
      1824         44          0          0         96       1860   c_w.l

    ----------------------------------------------------------------------
     27616       1600         88        212      40812     412875   Library Totals

    ----------------------------------------------------------------------

==============================================================================


      Code (inc. data)   RO Data    RW Data    ZI Data      Debug   

     29708       1980        344        268      43372     490435   Grand Totals
     29708       1980        344        268      43372     490435   ELF Image Totals
     29708       1980        344        268          0          0   ROM Totals

==============================================================================

    Total RO  Size (Code + RO Data)                30052 (  29.35kB)
    Total RW  Size (RW Data + ZI Data)             43640 (  42.62kB)
    Total ROM Size (Code + RO Data + RW Data)      30320 (  29.61kB)

==============================================================================

