<html>
<body>
<pre>
<h1>µVision Build Log</h1>
<h2>Tool Versions:</h2>
IDE-Version: µVision V5.24.2.0
Copyright (C) 2017 ARM Ltd and ARM Germany GmbH. All rights reserved.
License Information: Rafael Zanella, Imply, LIC=MPPLQ-NAK8A-GKUBG-VCTAM-MM33V-2X91J
 
Tool Versions:
Toolchain:       MDK-ARM Plus  Version: 5.24.1
Toolchain Path:  C:\Keil_v5\ARM\ARMCC\Bin
C Compiler:      Armcc.exe V5.06 update 5 (build 528)
Assembler:       Armasm.exe V5.06 update 5 (build 528)
Linker/Locator:  ArmLink.exe V5.06 update 5 (build 528)
Library Manager: ArmAr.exe V5.06 update 5 (build 528)
Hex Converter:   FromElf.exe V5.06 update 5 (build 528)
CPU DLL:         SARMCM3.DLL V5.24.1
Dialog DLL:      DARMP1.DLL V1.27.0.0
Target DLL:      UL2CM3.DLL V1.160.3.0
Dialog DLL:      TARMP1.DLL V1.26.0.0
 
<h2>Project:</h2>
C:\Users\Imply\Desktop\Projeto\Hardware-LPC1768-Mini-DK2\Projeto_Teste\Teste.uvproj
Project File Date:  03/21/2024

<h2>Output:</h2>
*** Using Compiler 'V5.06 update 5 (build 528)', folder: 'C:\Keil_v5\ARM\ARMCC\Bin'
Rebuild target 'Target 1'
assembling startup_MPS_CM3.s...
compiling system_LPC17xx.c...
compiling main.c...
main.c(111): warning:  #111-D: statement is unreachable
  				        vTaskDelay(pdMS_TO_TICKS(200));
main.c: 1 warning, 0 errors
linking...
Program Size: Code=9460 RO-data=252 RW-data=128 ZI-data=35448  
".\Objects\Teste.axf" - 0 Error(s), 1 Warning(s).
Build Time Elapsed:  00:00:01
</pre>
</body>
</html>
